<html>
<body>
<pre>
<h1>µVision Build Log</h1>
<h2>Tool Versions:</h2>
IDE-Version: ¦ÌVision V5.38.0.0
Copyright (C) 2022 ARM Ltd and ARM Germany GmbH. All rights reserved.
License Information: YL Lin
Sustech
User-based license: Keil MDK Community (non-commercial free of charge)
Valid until: Jun 1 2033. Cached until: Apr 8 2024
 
Tool Versions:
Toolchain:       Keil MDK Community (non-commercial free of charge  Version: 5.38.0.0
Toolchain Path:  C:\Study\Keil\ARM\ARMCLANG\Bin
C Compiler:      ArmClang.exe V6.19
Assembler:       Armasm.exe V6.19
Linker/Locator:  ArmLink.exe V6.19
Library Manager: ArmAr.exe V6.19
Hex Converter:   FromElf.exe V6.19
CPU DLL:         SARMCM3.DLL V5.38.0.0
Dialog DLL:      DCM.DLL V1.17.5.0
Target DLL:      STLink\ST-LINKIII-KEIL_SWO.dll V3.1.0.0
Dialog DLL:      TCM.DLL V1.56.4.0
 
<h2>Project:</h2>
C:\Users\52853\Desktop\Work\Rayleigh_Lin\InkScreenDisplay\InkScreenDisplay\MDK-ARM\InkScreenDisplay.uvprojx
Project File Date:  04/02/2024

<h2>Output:</h2>
*** Using Compiler 'V6.19', folder: 'C:\Study\Keil\ARM\ARMCLANG\Bin'
Rebuild target 'InkScreenDisplay'
compiling gpio.c...
compiling main.c...
compiling stm32wlxx_hal_rcc_ex.c...
compiling stm32wlxx_hal_msp.c...
compiling stm32wlxx_hal_flash.c...
compiling dma.c...
assembling startup_stm32wle5xx.s...
compiling stm32wlxx_hal_tim_ex.c...
compiling stm32wlxx_it.c...
compiling stm32wlxx_hal_dma.c...
compiling stm32wlxx_hal_flash_ex.c...
compiling stm32wlxx_hal_gpio.c...
compiling usart.c...
compiling stm32wlxx_hal_tim.c...
compiling stm32wlxx_hal_dma_ex.c...
compiling stm32wlxx_hal_pwr.c...
compiling stm32wlxx_hal_cortex.c...
compiling stm32wlxx_hal_exti.c...
compiling stm32wlxx_hal_pwr_ex.c...
compiling stm32wlxx_hal.c...
compiling stm32wlxx_hal_uart_ex.c...
compiling stm32wlxx_hal_rcc.c...
compiling system_stm32wlxx.c...
compiling stm32wlxx_hal_uart.c...
linking...
Program Size: Code=12232 RO-data=572 RW-data=12 ZI-data=34660  
FromELF: creating hex file...
"InkScreenDisplay\InkScreenDisplay.axf" - 0 Error(s), 0 Warning(s).

<h2>Software Packages used:</h2>

Package Vendor: ARM
                http://www.keil.com/pack/ARM.CMSIS.5.9.0.pack
                ARM.CMSIS.5.9.0
                CMSIS (Common Microcontroller Software Interface Standard)
   * Component: CORE Version: 5.6.0

Package Vendor: Keil
                http://www.keil.com/pack/Keil.STM32WLxx_DFP.1.1.0.pack
                Keil.STM32WLxx_DFP.1.1.0
                STMicroelectronics STM32WL Series Device Support

<h2>Collection of Component include folders:</h2>
  ./RTE/_InkScreenDisplay
  C:/Users/52853/AppData/Local/Arm/Packs/ARM/CMSIS/5.9.0/CMSIS/Core/Include
  C:/Users/52853/AppData/Local/Arm/Packs/Keil/STM32WLxx_DFP/1.1.0/Drivers/CMSIS/Device/ST/STM32WLxx/Include

<h2>Collection of Component Files used:</h2>

   * Component: ARM::CMSIS:CORE:5.6.0
      Include file:  CMSIS/Core/Include/tz_context.h
Build Time Elapsed:  00:00:02
</pre>
</body>
</html>
