Component: Arm Compiler for Embedded 6.19 Tool: armlink [5e73cb00]

==============================================================================

Section Cross References

    startup_stm32wle5xx.o(STACK) refers (Special) to heapauxi.o(.text) for __use_two_region_memory
    startup_stm32wle5xx.o(HEAP) refers (Special) to heapauxi.o(.text) for __use_two_region_memory
    startup_stm32wle5xx.o(RESET) refers (Special) to heapauxi.o(.text) for __use_two_region_memory
    startup_stm32wle5xx.o(RESET) refers to startup_stm32wle5xx.o(STACK) for __initial_sp
    startup_stm32wle5xx.o(RESET) refers to startup_stm32wle5xx.o(.text) for Reset_Handler
    startup_stm32wle5xx.o(RESET) refers to stm32wlxx_it.o(.text.NMI_Handler) for NMI_Handler
    startup_stm32wle5xx.o(RESET) refers to stm32wlxx_it.o(.text.HardFault_Handler) for HardFault_Handler
    startup_stm32wle5xx.o(RESET) refers to stm32wlxx_it.o(.text.MemManage_Handler) for MemManage_Handler
    startup_stm32wle5xx.o(RESET) refers to stm32wlxx_it.o(.text.BusFault_Handler) for BusFault_Handler
    startup_stm32wle5xx.o(RESET) refers to stm32wlxx_it.o(.text.UsageFault_Handler) for UsageFault_Handler
    startup_stm32wle5xx.o(RESET) refers to stm32wlxx_it.o(.text.SVC_Handler) for SVC_Handler
    startup_stm32wle5xx.o(RESET) refers to stm32wlxx_it.o(.text.DebugMon_Handler) for DebugMon_Handler
    startup_stm32wle5xx.o(RESET) refers to stm32wlxx_it.o(.text.PendSV_Handler) for PendSV_Handler
    startup_stm32wle5xx.o(RESET) refers to stm32wlxx_it.o(.text.SysTick_Handler) for SysTick_Handler
    startup_stm32wle5xx.o(.text) refers (Special) to heapauxi.o(.text) for __use_two_region_memory
    startup_stm32wle5xx.o(.text) refers to system_stm32wlxx.o(.text.SystemInit) for SystemInit
    startup_stm32wle5xx.o(.text) refers to __main.o(!!!main) for __main
    startup_stm32wle5xx.o(.text) refers to startup_stm32wle5xx.o(HEAP) for Heap_Mem
    startup_stm32wle5xx.o(.text) refers to startup_stm32wle5xx.o(STACK) for Stack_Mem
    main.o(.text.main) refers to stm32wlxx_hal.o(.text.HAL_Init) for HAL_Init
    main.o(.text.main) refers to stm32wlxx_hal_rcc.o(.text.HAL_RCC_OscConfig) for HAL_RCC_OscConfig
    main.o(.text.main) refers to stm32wlxx_hal_rcc.o(.text.HAL_RCC_ClockConfig) for HAL_RCC_ClockConfig
    main.o(.text.main) refers to gpio.o(.text.MX_GPIO_Init) for MX_GPIO_Init
    main.o(.text.main) refers to usart.o(.text.MX_USART1_UART_Init) for MX_USART1_UART_Init
    main.o(.text.main) refers to spi.o(.text.MX_SPI1_Init) for MX_SPI1_Init
    main.o(.ARM.exidx.text.main) refers to main.o(.text.main) for [Anonymous Symbol]
    main.o(.text.SystemClock_Config) refers to stm32wlxx_hal_rcc.o(.text.HAL_RCC_OscConfig) for HAL_RCC_OscConfig
    main.o(.text.SystemClock_Config) refers to stm32wlxx_hal_rcc.o(.text.HAL_RCC_ClockConfig) for HAL_RCC_ClockConfig
    main.o(.ARM.exidx.text.SystemClock_Config) refers to main.o(.text.SystemClock_Config) for [Anonymous Symbol]
    main.o(.ARM.exidx.text.Error_Handler) refers to main.o(.text.Error_Handler) for [Anonymous Symbol]
    gpio.o(.text.MX_GPIO_Init) refers to stm32wlxx_hal_gpio.o(.text.HAL_GPIO_WritePin) for HAL_GPIO_WritePin
    gpio.o(.text.MX_GPIO_Init) refers to stm32wlxx_hal_gpio.o(.text.HAL_GPIO_Init) for HAL_GPIO_Init
    gpio.o(.ARM.exidx.text.MX_GPIO_Init) refers to gpio.o(.text.MX_GPIO_Init) for [Anonymous Symbol]
    spi.o(.text.MX_SPI1_Init) refers to spi.o(.bss.hspi1) for hspi1
    spi.o(.text.MX_SPI1_Init) refers to stm32wlxx_hal_spi.o(.text.HAL_SPI_Init) for HAL_SPI_Init
    spi.o(.text.MX_SPI1_Init) refers to main.o(.text.Error_Handler) for Error_Handler
    spi.o(.ARM.exidx.text.MX_SPI1_Init) refers to spi.o(.text.MX_SPI1_Init) for [Anonymous Symbol]
    spi.o(.text.HAL_SPI_MspInit) refers to stm32wlxx_hal_gpio.o(.text.HAL_GPIO_Init) for HAL_GPIO_Init
    spi.o(.ARM.exidx.text.HAL_SPI_MspInit) refers to spi.o(.text.HAL_SPI_MspInit) for [Anonymous Symbol]
    spi.o(.text.HAL_SPI_MspDeInit) refers to stm32wlxx_hal_gpio.o(.text.HAL_GPIO_DeInit) for HAL_GPIO_DeInit
    spi.o(.ARM.exidx.text.HAL_SPI_MspDeInit) refers to spi.o(.text.HAL_SPI_MspDeInit) for [Anonymous Symbol]
    usart.o(.text.MX_USART1_UART_Init) refers to usart.o(.bss.huart1) for huart1
    usart.o(.text.MX_USART1_UART_Init) refers to stm32wlxx_hal_uart.o(.text.HAL_UART_Init) for HAL_UART_Init
    usart.o(.text.MX_USART1_UART_Init) refers to main.o(.text.Error_Handler) for Error_Handler
    usart.o(.text.MX_USART1_UART_Init) refers to stm32wlxx_hal_uart_ex.o(.text.HAL_UARTEx_SetTxFifoThreshold) for HAL_UARTEx_SetTxFifoThreshold
    usart.o(.text.MX_USART1_UART_Init) refers to stm32wlxx_hal_uart_ex.o(.text.HAL_UARTEx_SetRxFifoThreshold) for HAL_UARTEx_SetRxFifoThreshold
    usart.o(.text.MX_USART1_UART_Init) refers to stm32wlxx_hal_uart_ex.o(.text.HAL_UARTEx_DisableFifoMode) for HAL_UARTEx_DisableFifoMode
    usart.o(.ARM.exidx.text.MX_USART1_UART_Init) refers to usart.o(.text.MX_USART1_UART_Init) for [Anonymous Symbol]
[...]
    Removing stm32wlxx_hal.o(.ARM.exidx.text.HAL_SuspendTick), (8 bytes).
    Removing stm32wlxx_hal.o(.text.HAL_ResumeTick), (18 bytes).
    Removing stm32wlxx_hal.o(.ARM.exidx.text.HAL_ResumeTick), (8 bytes).
    Removing stm32wlxx_hal.o(.text.HAL_GetHalVersion), (8 bytes).
    Removing stm32wlxx_hal.o(.ARM.exidx.text.HAL_GetHalVersion), (8 bytes).
    Removing stm32wlxx_hal.o(.text.HAL_GetREVID), (14 bytes).
    Removing stm32wlxx_hal.o(.ARM.exidx.text.HAL_GetREVID), (8 bytes).
    Removing stm32wlxx_hal.o(.text.HAL_GetDEVID), (16 bytes).
    Removing stm32wlxx_hal.o(.ARM.exidx.text.HAL_GetDEVID), (8 bytes).
    Removing stm32wlxx_hal.o(.text.HAL_GetUIDw0), (12 bytes).
    Removing stm32wlxx_hal.o(.ARM.exidx.text.HAL_GetUIDw0), (8 bytes).
    Removing stm32wlxx_hal.o(.text.HAL_GetUIDw1), (12 bytes).
    Removing stm32wlxx_hal.o(.ARM.exidx.text.HAL_GetUIDw1), (8 bytes).
    Removing stm32wlxx_hal.o(.text.HAL_GetUIDw2), (12 bytes).
    Removing stm32wlxx_hal.o(.ARM.exidx.text.HAL_GetUIDw2), (8 bytes).
    Removing stm32wlxx_hal.o(.text.HAL_DBGMCU_EnableDBGSleepMode), (18 bytes).
    Removing stm32wlxx_hal.o(.ARM.exidx.text.HAL_DBGMCU_EnableDBGSleepMode), (8 bytes).
    Removing stm32wlxx_hal.o(.text.HAL_DBGMCU_DisableDBGSleepMode), (18 bytes).
    Removing stm32wlxx_hal.o(.ARM.exidx.text.HAL_DBGMCU_DisableDBGSleepMode), (8 bytes).
    Removing stm32wlxx_hal.o(.text.HAL_DBGMCU_EnableDBGStopMode), (18 bytes).
    Removing stm32wlxx_hal.o(.ARM.exidx.text.HAL_DBGMCU_EnableDBGStopMode), (8 bytes).
    Removing stm32wlxx_hal.o(.text.HAL_DBGMCU_DisableDBGStopMode), (18 bytes).
    Removing stm32wlxx_hal.o(.ARM.exidx.text.HAL_DBGMCU_DisableDBGStopMode), (8 bytes).
    Removing stm32wlxx_hal.o(.text.HAL_DBGMCU_EnableDBGStandbyMode), (18 bytes).
    Removing stm32wlxx_hal.o(.ARM.exidx.text.HAL_DBGMCU_EnableDBGStandbyMode), (8 bytes).
    Removing stm32wlxx_hal.o(.text.HAL_DBGMCU_DisableDBGStandbyMode), (18 bytes).
    Removing stm32wlxx_hal.o(.ARM.exidx.text.HAL_DBGMCU_DisableDBGStandbyMode), (8 bytes).
    Removing stm32wlxx_hal.o(.text.HAL_SYSCFG_SRAM2Erase), (24 bytes).
    Removing stm32wlxx_hal.o(.ARM.exidx.text.HAL_SYSCFG_SRAM2Erase), (8 bytes).
    Removing stm32wlxx_hal.o(.text.HAL_SYSCFG_VREFBUF_VoltageScalingConfig), (42 bytes).
    Removing stm32wlxx_hal.o(.ARM.exidx.text.HAL_SYSCFG_VREFBUF_VoltageScalingConfig), (8 bytes).
    Removing stm32wlxx_hal.o(.text.HAL_SYSCFG_VREFBUF_TrimmingConfig), (10 bytes).
    Removing stm32wlxx_hal.o(.ARM.exidx.text.HAL_SYSCFG_VREFBUF_TrimmingConfig), (8 bytes).
    Removing stm32wlxx_hal.o(.text.HAL_SYSCFG_VREFBUF_HighImpedanceConfig), (18 bytes).
    Removing stm32wlxx_hal.o(.ARM.exidx.text.HAL_SYSCFG_VREFBUF_HighImpedanceConfig), (8 bytes).
    Removing stm32wlxx_hal.o(.text.HAL_SYSCFG_EnableVREFBUF), (48 bytes).
    Removing stm32wlxx_hal.o(.ARM.exidx.text.HAL_SYSCFG_EnableVREFBUF), (8 bytes).
    Removing stm32wlxx_hal.o(.text.HAL_SYSCFG_DisableVREFBUF), (16 bytes).
    Removing stm32wlxx_hal.o(.ARM.exidx.text.HAL_SYSCFG_DisableVREFBUF), (8 bytes).
    Removing stm32wlxx_hal.o(.text.HAL_SYSCFG_EnableIOAnalogSwitchBooster), (16 bytes).
    Removing stm32wlxx_hal.o(.ARM.exidx.text.HAL_SYSCFG_EnableIOAnalogSwitchBooster), (8 bytes).
    Removing stm32wlxx_hal.o(.text.HAL_SYSCFG_DisableIOAnalogSwitchBooster), (16 bytes).
    Removing stm32wlxx_hal.o(.ARM.exidx.text.HAL_SYSCFG_DisableIOAnalogSwitchBooster), (8 bytes).
    Removing stm32wlxx_hal_exti.o(.text), (0 bytes).
    Removing stm32wlxx_hal_exti.o(.text.HAL_EXTI_SetConfigLine), (222 bytes).
    Removing stm32wlxx_hal_exti.o(.ARM.exidx.text.HAL_EXTI_SetConfigLine), (8 bytes).
    Removing stm32wlxx_hal_exti.o(.text.HAL_EXTI_GetConfigLine), (164 bytes).
    Removing stm32wlxx_hal_exti.o(.ARM.exidx.text.HAL_EXTI_GetConfigLine), (8 bytes).
    Removing stm32wlxx_hal_exti.o(.text.HAL_EXTI_ClearConfigLine), (136 bytes).
    Removing stm32wlxx_hal_exti.o(.ARM.exidx.text.HAL_EXTI_ClearConfigLine), (8 bytes).
    Removing stm32wlxx_hal_exti.o(.text.HAL_EXTI_RegisterCallback), (12 bytes).
    Removing stm32wlxx_hal_exti.o(.ARM.exidx.text.HAL_EXTI_RegisterCallback), (8 bytes).
    Removing stm32wlxx_hal_exti.o(.text.HAL_EXTI_GetHandle), (12 bytes).
    Removing stm32wlxx_hal_exti.o(.ARM.exidx.text.HAL_EXTI_GetHandle), (8 bytes).
    Removing stm32wlxx_hal_exti.o(.text.HAL_EXTI_IRQHandler), (58 bytes).
    Removing stm32wlxx_hal_exti.o(.ARM.exidx.text.HAL_EXTI_IRQHandler), (8 bytes).
    Removing stm32wlxx_hal_exti.o(.text.HAL_EXTI_GetPending), (32 bytes).
    Removing stm32wlxx_hal_exti.o(.ARM.exidx.text.HAL_EXTI_GetPending), (8 bytes).
    Removing stm32wlxx_hal_exti.o(.text.HAL_EXTI_ClearPending), (30 bytes).
    Removing stm32wlxx_hal_exti.o(.ARM.exidx.text.HAL_EXTI_ClearPending), (8 bytes).
    Removing stm32wlxx_hal_exti.o(.text.HAL_EXTI_GenerateSWI), (30 bytes).
    Removing stm32wlxx_hal_exti.o(.ARM.exidx.text.HAL_EXTI_GenerateSWI), (8 bytes).
    Removing stm32wlxx_hal_spi.o(.text), (0 bytes).
    Removing stm32wlxx_hal_spi.o(.ARM.exidx.text.HAL_SPI_Init), (8 bytes).
    Removing stm32wlxx_hal_spi.o(.text.HAL_SPI_MspInit), (2 bytes).
    Removing stm32wlxx_hal_spi.o(.ARM.exidx.text.HAL_SPI_MspInit), (8 bytes).
    Removing stm32wlxx_hal_spi.o(.text.HAL_SPI_DeInit), (48 bytes).
    Removing stm32wlxx_hal_spi.o(.ARM.exidx.text.HAL_SPI_DeInit), (8 bytes).
    Removing stm32wlxx_hal_spi.o(.text.HAL_SPI_MspDeInit), (2 bytes).
    Removing stm32wlxx_hal_spi.o(.ARM.exidx.text.HAL_SPI_MspDeInit), (8 bytes).
    Removing stm32wlxx_hal_spi.o(.text.HAL_SPI_Transmit), (664 bytes).
    Removing stm32wlxx_hal_spi.o(.ARM.exidx.text.HAL_SPI_Transmit), (8 bytes).
    Removing stm32wlxx_hal_spi.o(.text.HAL_SPI_Receive), (824 bytes).
    Removing stm32wlxx_hal_spi.o(.ARM.exidx.text.HAL_SPI_Receive), (8 bytes).
    Removing stm32wlxx_hal_spi.o(.text.HAL_SPI_TransmitReceive), (938 bytes).
    Removing stm32wlxx_hal_spi.o(.ARM.exidx.text.HAL_SPI_TransmitReceive), (8 bytes).
    Removing stm32wlxx_hal_spi.o(.text.SPI_WaitFlagStateUntilTimeout), (288 bytes).
    Removing stm32wlxx_hal_spi.o(.ARM.exidx.text.SPI_WaitFlagStateUntilTimeout), (8 bytes).
    Removing stm32wlxx_hal_spi.o(.text.HAL_SPI_Transmit_IT), (200 bytes).
    Removing stm32wlxx_hal_spi.o(.ARM.exidx.text.HAL_SPI_Transmit_IT), (8 bytes).
    Removing stm32wlxx_hal_spi.o(.text.SPI_TxISR_16BIT), (50 bytes).
    Removing stm32wlxx_hal_spi.o(.ARM.exidx.text.SPI_TxISR_16BIT), (8 bytes).
    Removing stm32wlxx_hal_spi.o(.text.SPI_TxISR_8BIT), (54 bytes).
    Removing stm32wlxx_hal_spi.o(.ARM.exidx.text.SPI_TxISR_8BIT), (8 bytes).
    Removing stm32wlxx_hal_spi.o(.text.HAL_SPI_Receive_IT), (274 bytes).
    Removing stm32wlxx_hal_spi.o(.ARM.exidx.text.HAL_SPI_Receive_IT), (8 bytes).
    Removing stm32wlxx_hal_spi.o(.text.HAL_SPI_TransmitReceive_IT), (308 bytes).
    Removing stm32wlxx_hal_spi.o(.ARM.exidx.text.HAL_SPI_TransmitReceive_IT), (8 bytes).
    Removing stm32wlxx_hal_spi.o(.text.SPI_RxISR_16BIT), (80 bytes).
    Removing stm32wlxx_hal_spi.o(.ARM.exidx.text.SPI_RxISR_16BIT), (8 bytes).
    Removing stm32wlxx_hal_spi.o(.text.SPI_RxISR_8BIT), (84 bytes).
    Removing stm32wlxx_hal_spi.o(.ARM.exidx.text.SPI_RxISR_8BIT), (8 bytes).
    Removing stm32wlxx_hal_spi.o(.text.SPI_2linesRxISR_16BIT), (72 bytes).
    Removing stm32wlxx_hal_spi.o(.ARM.exidx.text.SPI_2linesRxISR_16BIT), (8 bytes).
    Removing stm32wlxx_hal_spi.o(.text.SPI_2linesTxISR_16BIT), (74 bytes).
    Removing stm32wlxx_hal_spi.o(.ARM.exidx.text.SPI_2linesTxISR_16BIT), (8 bytes).
    Removing stm32wlxx_hal_spi.o(.text.SPI_2linesRxISR_8BIT), (130 bytes).
    Removing stm32wlxx_hal_spi.o(.ARM.exidx.text.SPI_2linesRxISR_8BIT), (8 bytes).
    Removing stm32wlxx_hal_spi.o(.text.SPI_2linesTxISR_8BIT), (106 bytes).
    Removing stm32wlxx_hal_spi.o(.ARM.exidx.text.SPI_2linesTxISR_8BIT), (8 bytes).
    Removing stm32wlxx_hal_spi.o(.text.HAL_SPI_Transmit_DMA), (318 bytes).
    Removing stm32wlxx_hal_spi.o(.ARM.exidx.text.HAL_SPI_Transmit_DMA), (8 bytes).
    Removing stm32wlxx_hal_spi.o(.text.SPI_DMAHalfTransmitCplt), (6 bytes).
    Removing stm32wlxx_hal_spi.o(.ARM.exidx.text.SPI_DMAHalfTransmitCplt), (8 bytes).
    Removing stm32wlxx_hal_spi.o(.text.SPI_DMATransmitCplt), (168 bytes).
    Removing stm32wlxx_hal_spi.o(.ARM.exidx.text.SPI_DMATransmitCplt), (8 bytes).
    Removing stm32wlxx_hal_spi.o(.text.SPI_DMAError), (30 bytes).
    Removing stm32wlxx_hal_spi.o(.ARM.exidx.text.SPI_DMAError), (8 bytes).
    Removing stm32wlxx_hal_spi.o(.text.HAL_SPI_Receive_DMA), (398 bytes).
    Removing stm32wlxx_hal_spi.o(.ARM.exidx.text.HAL_SPI_Receive_DMA), (8 bytes).
    Removing stm32wlxx_hal_spi.o(.text.HAL_SPI_TransmitReceive_DMA), (484 bytes).
    Removing stm32wlxx_hal_spi.o(.ARM.exidx.text.HAL_SPI_TransmitReceive_DMA), (8 bytes).
    Removing stm32wlxx_hal_spi.o(.text.SPI_DMAHalfReceiveCplt), (6 bytes).
    Removing stm32wlxx_hal_spi.o(.ARM.exidx.text.SPI_DMAHalfReceiveCplt), (8 bytes).
    Removing stm32wlxx_hal_spi.o(.text.SPI_DMAReceiveCplt), (340 bytes).
    Removing stm32wlxx_hal_spi.o(.ARM.exidx.text.SPI_DMAReceiveCplt), (8 bytes).
    Removing stm32wlxx_hal_spi.o(.text.SPI_DMAHalfTransmitReceiveCplt), (6 bytes).
    Removing stm32wlxx_hal_spi.o(.ARM.exidx.text.SPI_DMAHalfTransmitReceiveCplt), (8 bytes).
    Removing stm32wlxx_hal_spi.o(.text.SPI_DMATransmitReceiveCplt), (280 bytes).
    Removing stm32wlxx_hal_spi.o(.ARM.exidx.text.SPI_DMATransmitReceiveCplt), (8 bytes).
    Removing stm32wlxx_hal_spi.o(.text.HAL_SPI_Abort), (578 bytes).
    Removing stm32wlxx_hal_spi.o(.ARM.exidx.text.HAL_SPI_Abort), (8 bytes).
    Removing stm32wlxx_hal_spi.o(.text.SPI_AbortTx_ISR), (388 bytes).
    Removing stm32wlxx_hal_spi.o(.ARM.exidx.text.SPI_AbortTx_ISR), (8 bytes).
    Removing stm32wlxx_hal_spi.o(.text.SPI_AbortRx_ISR), (196 bytes).
    Removing stm32wlxx_hal_spi.o(.ARM.exidx.text.SPI_AbortRx_ISR), (8 bytes).
    Removing stm32wlxx_hal_spi.o(.text.SPI_WaitFifoStateUntilTimeout), (422 bytes).
    Removing stm32wlxx_hal_spi.o(.ARM.exidx.text.SPI_WaitFifoStateUntilTimeout), (8 bytes).
    Removing stm32wlxx_hal_spi.o(.text.HAL_SPI_Abort_IT), (450 bytes).
    Removing stm32wlxx_hal_spi.o(.ARM.exidx.text.HAL_SPI_Abort_IT), (8 bytes).
    Removing stm32wlxx_hal_spi.o(.text.SPI_DMATxAbortCallback), (204 bytes).
    Removing stm32wlxx_hal_spi.o(.ARM.exidx.text.SPI_DMATxAbortCallback), (8 bytes).
    Removing stm32wlxx_hal_spi.o(.text.SPI_DMARxAbortCallback), (164 bytes).
    Removing stm32wlxx_hal_spi.o(.ARM.exidx.text.SPI_DMARxAbortCallback), (8 bytes).
    Removing stm32wlxx_hal_spi.o(.text.HAL_SPI_AbortCpltCallback), (2 bytes).
    Removing stm32wlxx_hal_spi.o(.ARM.exidx.text.HAL_SPI_AbortCpltCallback), (8 bytes).
    Removing stm32wlxx_hal_spi.o(.text.HAL_SPI_DMAPause), (32 bytes).
    Removing stm32wlxx_hal_spi.o(.ARM.exidx.text.HAL_SPI_DMAPause), (8 bytes).
    Removing stm32wlxx_hal_spi.o(.text.HAL_SPI_DMAResume), (32 bytes).
    Removing stm32wlxx_hal_spi.o(.ARM.exidx.text.HAL_SPI_DMAResume), (8 bytes).
    Removing stm32wlxx_hal_spi.o(.text.HAL_SPI_DMAStop), (74 bytes).
    Removing stm32wlxx_hal_spi.o(.ARM.exidx.text.HAL_SPI_DMAStop), (8 bytes).
    Removing stm32wlxx_hal_spi.o(.text.HAL_SPI_IRQHandler), (300 bytes).
    Removing stm32wlxx_hal_spi.o(.ARM.exidx.text.HAL_SPI_IRQHandler), (8 bytes).
    Removing stm32wlxx_hal_spi.o(.text.SPI_DMAAbortOnError), (14 bytes).
    Removing stm32wlxx_hal_spi.o(.ARM.exidx.text.SPI_DMAAbortOnError), (8 bytes).
    Removing stm32wlxx_hal_spi.o(.text.HAL_SPI_ErrorCallback), (2 bytes).
    Removing stm32wlxx_hal_spi.o(.ARM.exidx.text.HAL_SPI_ErrorCallback), (8 bytes).
    Removing stm32wlxx_hal_spi.o(.text.HAL_SPI_TxCpltCallback), (2 bytes).
    Removing stm32wlxx_hal_spi.o(.ARM.exidx.text.HAL_SPI_TxCpltCallback), (8 bytes).
    Removing stm32wlxx_hal_spi.o(.text.HAL_SPI_RxCpltCallback), (2 bytes).
    Removing stm32wlxx_hal_spi.o(.ARM.exidx.text.HAL_SPI_RxCpltCallback), (8 bytes).
    Removing stm32wlxx_hal_spi.o(.text.HAL_SPI_TxRxCpltCallback), (2 bytes).
    Removing stm32wlxx_hal_spi.o(.ARM.exidx.text.HAL_SPI_TxRxCpltCallback), (8 bytes).
    Removing stm32wlxx_hal_spi.o(.text.HAL_SPI_TxHalfCpltCallback), (2 bytes).
    Removing stm32wlxx_hal_spi.o(.ARM.exidx.text.HAL_SPI_TxHalfCpltCallback), (8 bytes).
    Removing stm32wlxx_hal_spi.o(.text.HAL_SPI_RxHalfCpltCallback), (2 bytes).
    Removing stm32wlxx_hal_spi.o(.ARM.exidx.text.HAL_SPI_RxHalfCpltCallback), (8 bytes).
    Removing stm32wlxx_hal_spi.o(.text.HAL_SPI_TxRxHalfCpltCallback), (2 bytes).
    Removing stm32wlxx_hal_spi.o(.ARM.exidx.text.HAL_SPI_TxRxHalfCpltCallback), (8 bytes).
    Removing stm32wlxx_hal_spi.o(.text.HAL_SPI_GetState), (6 bytes).
    Removing stm32wlxx_hal_spi.o(.ARM.exidx.text.HAL_SPI_GetState), (8 bytes).
    Removing stm32wlxx_hal_spi.o(.text.HAL_SPI_GetError), (4 bytes).
    Removing stm32wlxx_hal_spi.o(.ARM.exidx.text.HAL_SPI_GetError), (8 bytes).
    Removing stm32wlxx_hal_spi.o(.text.SPI_2linesRxISR_8BITCRC), (50 bytes).
    Removing stm32wlxx_hal_spi.o(.ARM.exidx.text.SPI_2linesRxISR_8BITCRC), (8 bytes).
    Removing stm32wlxx_hal_spi.o(.text.SPI_CloseRxTx_ISR), (190 bytes).
    Removing stm32wlxx_hal_spi.o(.ARM.exidx.text.SPI_CloseRxTx_ISR), (8 bytes).
    Removing stm32wlxx_hal_spi.o(.text.SPI_2linesRxISR_16BITCRC), (28 bytes).
    Removing stm32wlxx_hal_spi.o(.ARM.exidx.text.SPI_2linesRxISR_16BITCRC), (8 bytes).
    Removing stm32wlxx_hal_spi.o(.text.SPI_RxISR_8BITCRC), (36 bytes).
    Removing stm32wlxx_hal_spi.o(.ARM.exidx.text.SPI_RxISR_8BITCRC), (8 bytes).
    Removing stm32wlxx_hal_spi.o(.text.SPI_CloseRx_ISR), (196 bytes).
    Removing stm32wlxx_hal_spi.o(.ARM.exidx.text.SPI_CloseRx_ISR), (8 bytes).
    Removing stm32wlxx_hal_spi.o(.text.SPI_RxISR_16BITCRC), (28 bytes).
    Removing stm32wlxx_hal_spi.o(.ARM.exidx.text.SPI_RxISR_16BITCRC), (8 bytes).
    Removing stm32wlxx_hal_spi.o(.text.SPI_CloseTx_ISR), (144 bytes).
    Removing stm32wlxx_hal_spi.o(.ARM.exidx.text.SPI_CloseTx_ISR), (8 bytes).
    Removing stm32wlxx_hal_spi_ex.o(.text), (0 bytes).
    Removing stm32wlxx_hal_spi_ex.o(.text.HAL_SPIEx_FlushRxFifo), (74 bytes).
    Removing stm32wlxx_hal_spi_ex.o(.ARM.exidx.text.HAL_SPIEx_FlushRxFifo), (8 bytes).
    Removing stm32wlxx_hal_tim.o(.text), (0 bytes).
    Removing stm32wlxx_hal_tim_ex.o(.text), (0 bytes).
    Removing stm32wlxx_hal_uart.o(.text), (0 bytes).
    Removing stm32wlxx_hal_uart.o(.ARM.exidx.text.HAL_UART_Init), (8 bytes).
    Removing stm32wlxx_hal_uart.o(.text.HAL_UART_MspInit), (2 bytes).
    Removing stm32wlxx_hal_uart.o(.ARM.exidx.text.HAL_UART_MspInit), (8 bytes).
    Removing stm32wlxx_hal_uart.o(.ARM.exidx.text.UART_SetConfig), (8 bytes).
    Removing stm32wlxx_hal_uart.o(.ARM.exidx.text.UART_AdvFeatureConfig), (8 bytes).
    Removing stm32wlxx_hal_uart.o(.text.UART_CheckIdleState), (112 bytes).
    Removing stm32wlxx_hal_uart.o(.ARM.exidx.text.UART_CheckIdleState), (8 bytes).
    Removing stm32wlxx_hal_uart.o(.text.HAL_HalfDuplex_Init), (212 bytes).
    Removing stm32wlxx_hal_uart.o(.ARM.exidx.text.HAL_HalfDuplex_Init), (8 bytes).
    Removing stm32wlxx_hal_uart.o(.text.HAL_LIN_Init), (232 bytes).
    Removing stm32wlxx_hal_uart.o(.ARM.exidx.text.HAL_LIN_Init), (8 bytes).
    Removing stm32wlxx_hal_uart.o(.text.HAL_MultiProcessor_Init), (232 bytes).
    Removing stm32wlxx_hal_uart.o(.ARM.exidx.text.HAL_MultiProcessor_Init), (8 bytes).
    Removing stm32wlxx_hal_uart.o(.text.HAL_UART_DeInit), (64 bytes).
    Removing stm32wlxx_hal_uart.o(.ARM.exidx.text.HAL_UART_DeInit), (8 bytes).
    Removing stm32wlxx_hal_uart.o(.text.HAL_UART_MspDeInit), (2 bytes).
    Removing stm32wlxx_hal_uart.o(.ARM.exidx.text.HAL_UART_MspDeInit), (8 bytes).
    Removing stm32wlxx_hal_uart.o(.text.HAL_UART_Transmit), (198 bytes).
    Removing stm32wlxx_hal_uart.o(.ARM.exidx.text.HAL_UART_Transmit), (8 bytes).
    Removing stm32wlxx_hal_uart.o(.ARM.exidx.text.UART_WaitOnFlagUntilTimeout), (8 bytes).
    Removing stm32wlxx_hal_uart.o(.text.HAL_UART_Receive), (216 bytes).
    Removing stm32wlxx_hal_uart.o(.ARM.exidx.text.HAL_UART_Receive), (8 bytes).
    Removing stm32wlxx_hal_uart.o(.text.HAL_UART_Transmit_IT), (292 bytes).
    Removing stm32wlxx_hal_uart.o(.ARM.exidx.text.HAL_UART_Transmit_IT), (8 bytes).
    Removing stm32wlxx_hal_uart.o(.text.UART_TxISR_16BIT_FIFOEN), (224 bytes).
    Removing stm32wlxx_hal_uart.o(.ARM.exidx.text.UART_TxISR_16BIT_FIFOEN), (8 bytes).
    Removing stm32wlxx_hal_uart.o(.text.UART_TxISR_8BIT_FIFOEN), (220 bytes).
    Removing stm32wlxx_hal_uart.o(.ARM.exidx.text.UART_TxISR_8BIT_FIFOEN), (8 bytes).
    Removing stm32wlxx_hal_uart.o(.text.UART_TxISR_16BIT), (204 bytes).
    Removing stm32wlxx_hal_uart.o(.ARM.exidx.text.UART_TxISR_16BIT), (8 bytes).
    Removing stm32wlxx_hal_uart.o(.text.UART_TxISR_8BIT), (200 bytes).
    Removing stm32wlxx_hal_uart.o(.ARM.exidx.text.UART_TxISR_8BIT), (8 bytes).
    Removing stm32wlxx_hal_uart.o(.text.HAL_UART_Receive_IT), (166 bytes).
    Removing stm32wlxx_hal_uart.o(.ARM.exidx.text.HAL_UART_Receive_IT), (8 bytes).
    Removing stm32wlxx_hal_uart.o(.text.UART_Start_Receive_IT), (610 bytes).
    Removing stm32wlxx_hal_uart.o(.ARM.exidx.text.UART_Start_Receive_IT), (8 bytes).
    Removing stm32wlxx_hal_uart.o(.text.HAL_UART_Transmit_DMA), (212 bytes).
    Removing stm32wlxx_hal_uart.o(.ARM.exidx.text.HAL_UART_Transmit_DMA), (8 bytes).
    Removing stm32wlxx_hal_uart.o(.text.UART_DMATransmitCplt), (176 bytes).
    Removing stm32wlxx_hal_uart.o(.ARM.exidx.text.UART_DMATransmitCplt), (8 bytes).
    Removing stm32wlxx_hal_uart.o(.text.UART_DMATxHalfCplt), (6 bytes).
    Removing stm32wlxx_hal_uart.o(.ARM.exidx.text.UART_DMATxHalfCplt), (8 bytes).
    Removing stm32wlxx_hal_uart.o(.text.UART_DMAError), (474 bytes).
    Removing stm32wlxx_hal_uart.o(.ARM.exidx.text.UART_DMAError), (8 bytes).
    Removing stm32wlxx_hal_uart.o(.text.HAL_UART_Receive_DMA), (458 bytes).
    Removing stm32wlxx_hal_uart.o(.ARM.exidx.text.HAL_UART_Receive_DMA), (8 bytes).
    Removing stm32wlxx_hal_uart.o(.text.UART_Start_Receive_DMA), (326 bytes).
    Removing stm32wlxx_hal_uart.o(.ARM.exidx.text.UART_Start_Receive_DMA), (8 bytes).
    Removing stm32wlxx_hal_uart.o(.text.HAL_UART_DMAPause), (338 bytes).
    Removing stm32wlxx_hal_uart.o(.ARM.exidx.text.HAL_UART_DMAPause), (8 bytes).
    Removing stm32wlxx_hal_uart.o(.text.HAL_UART_DMAResume), (330 bytes).
    Removing stm32wlxx_hal_uart.o(.ARM.exidx.text.HAL_UART_DMAResume), (8 bytes).
    Removing stm32wlxx_hal_uart.o(.text.HAL_UART_DMAStop), (652 bytes).
    Removing stm32wlxx_hal_uart.o(.ARM.exidx.text.HAL_UART_DMAStop), (8 bytes).
    Removing stm32wlxx_hal_uart.o(.text.HAL_UART_Abort), (524 bytes).
    Removing stm32wlxx_hal_uart.o(.ARM.exidx.text.HAL_UART_Abort), (8 bytes).
    Removing stm32wlxx_hal_uart.o(.text.HAL_UART_AbortTransmit), (306 bytes).
    Removing stm32wlxx_hal_uart.o(.ARM.exidx.text.HAL_UART_AbortTransmit), (8 bytes).
    Removing stm32wlxx_hal_uart.o(.text.HAL_UART_AbortReceive), (386 bytes).
    Removing stm32wlxx_hal_uart.o(.ARM.exidx.text.HAL_UART_AbortReceive), (8 bytes).
    Removing stm32wlxx_hal_uart.o(.text.HAL_UART_Abort_IT), (564 bytes).
    Removing stm32wlxx_hal_uart.o(.ARM.exidx.text.HAL_UART_Abort_IT), (8 bytes).
    Removing stm32wlxx_hal_uart.o(.text.UART_DMATxAbortCallback), (72 bytes).
    Removing stm32wlxx_hal_uart.o(.ARM.exidx.text.UART_DMATxAbortCallback), (8 bytes).
    Removing stm32wlxx_hal_uart.o(.text.UART_DMARxAbortCallback), (62 bytes).
    Removing stm32wlxx_hal_uart.o(.ARM.exidx.text.UART_DMARxAbortCallback), (8 bytes).
    Removing stm32wlxx_hal_uart.o(.text.HAL_UART_AbortCpltCallback), (2 bytes).
    Removing stm32wlxx_hal_uart.o(.ARM.exidx.text.HAL_UART_AbortCpltCallback), (8 bytes).
    Removing stm32wlxx_hal_uart.o(.text.HAL_UART_AbortTransmit_IT), (336 bytes).
    Removing stm32wlxx_hal_uart.o(.ARM.exidx.text.HAL_UART_AbortTransmit_IT), (8 bytes).
    Removing stm32wlxx_hal_uart.o(.text.UART_DMATxOnlyAbortCallback), (36 bytes).
    Removing stm32wlxx_hal_uart.o(.ARM.exidx.text.UART_DMATxOnlyAbortCallback), (8 bytes).
    Removing stm32wlxx_hal_uart.o(.text.HAL_UART_AbortTransmitCpltCallback), (2 bytes).
    Removing stm32wlxx_hal_uart.o(.ARM.exidx.text.HAL_UART_AbortTransmitCpltCallback), (8 bytes).
    Removing stm32wlxx_hal_uart.o(.text.HAL_UART_AbortReceive_IT), (424 bytes).
    Removing stm32wlxx_hal_uart.o(.ARM.exidx.text.HAL_UART_AbortReceive_IT), (8 bytes).
    Removing stm32wlxx_hal_uart.o(.text.UART_DMARxOnlyAbortCallback), (34 bytes).
    Removing stm32wlxx_hal_uart.o(.ARM.exidx.text.UART_DMARxOnlyAbortCallback), (8 bytes).
    Removing stm32wlxx_hal_uart.o(.text.HAL_UART_AbortReceiveCpltCallback), (2 bytes).
    Removing stm32wlxx_hal_uart.o(.ARM.exidx.text.HAL_UART_AbortReceiveCpltCallback), (8 bytes).
    Removing stm32wlxx_hal_uart.o(.text.HAL_UART_IRQHandler), (1600 bytes).
    Removing stm32wlxx_hal_uart.o(.ARM.exidx.text.HAL_UART_IRQHandler), (8 bytes).
    Removing stm32wlxx_hal_uart.o(.text.UART_DMAAbortOnError), (16 bytes).
    Removing stm32wlxx_hal_uart.o(.ARM.exidx.text.UART_DMAAbortOnError), (8 bytes).
    Removing stm32wlxx_hal_uart.o(.text.HAL_UART_ErrorCallback), (2 bytes).
    Removing stm32wlxx_hal_uart.o(.ARM.exidx.text.HAL_UART_ErrorCallback), (8 bytes).
    Removing stm32wlxx_hal_uart.o(.text.HAL_UARTEx_RxEventCallback), (2 bytes).
    Removing stm32wlxx_hal_uart.o(.ARM.exidx.text.HAL_UARTEx_RxEventCallback), (8 bytes).
    Removing stm32wlxx_hal_uart.o(.text.HAL_UART_TxCpltCallback), (2 bytes).
    Removing stm32wlxx_hal_uart.o(.ARM.exidx.text.HAL_UART_TxCpltCallback), (8 bytes).
    Removing stm32wlxx_hal_uart.o(.text.HAL_UART_TxHalfCpltCallback), (2 bytes).
    Removing stm32wlxx_hal_uart.o(.ARM.exidx.text.HAL_UART_TxHalfCpltCallback), (8 bytes).
    Removing stm32wlxx_hal_uart.o(.text.HAL_UART_RxCpltCallback), (2 bytes).
    Removing stm32wlxx_hal_uart.o(.ARM.exidx.text.HAL_UART_RxCpltCallback), (8 bytes).
    Removing stm32wlxx_hal_uart.o(.text.HAL_UART_RxHalfCpltCallback), (2 bytes).
    Removing stm32wlxx_hal_uart.o(.ARM.exidx.text.HAL_UART_RxHalfCpltCallback), (8 bytes).
    Removing stm32wlxx_hal_uart.o(.text.HAL_UART_ReceiverTimeout_Config), (28 bytes).
    Removing stm32wlxx_hal_uart.o(.ARM.exidx.text.HAL_UART_ReceiverTimeout_Config), (8 bytes).
    Removing stm32wlxx_hal_uart.o(.text.HAL_UART_EnableReceiverTimeout), (70 bytes).
    Removing stm32wlxx_hal_uart.o(.ARM.exidx.text.HAL_UART_EnableReceiverTimeout), (8 bytes).
    Removing stm32wlxx_hal_uart.o(.text.HAL_UART_DisableReceiverTimeout), (70 bytes).
    Removing stm32wlxx_hal_uart.o(.ARM.exidx.text.HAL_UART_DisableReceiverTimeout), (8 bytes).
    Removing stm32wlxx_hal_uart.o(.text.HAL_MultiProcessor_EnableMuteMode), (220 bytes).
    Removing stm32wlxx_hal_uart.o(.ARM.exidx.text.HAL_MultiProcessor_EnableMuteMode), (8 bytes).
    Removing stm32wlxx_hal_uart.o(.text.HAL_MultiProcessor_DisableMuteMode), (220 bytes).
    Removing stm32wlxx_hal_uart.o(.ARM.exidx.text.HAL_MultiProcessor_DisableMuteMode), (8 bytes).
    Removing stm32wlxx_hal_uart.o(.text.HAL_MultiProcessor_EnterMuteMode), (12 bytes).
    Removing stm32wlxx_hal_uart.o(.ARM.exidx.text.HAL_MultiProcessor_EnterMuteMode), (8 bytes).
    Removing stm32wlxx_hal_uart.o(.text.HAL_HalfDuplex_EnableTransmitter), (190 bytes).
    Removing stm32wlxx_hal_uart.o(.ARM.exidx.text.HAL_HalfDuplex_EnableTransmitter), (8 bytes).
    Removing stm32wlxx_hal_uart.o(.text.HAL_HalfDuplex_EnableReceiver), (190 bytes).
    Removing stm32wlxx_hal_uart.o(.ARM.exidx.text.HAL_HalfDuplex_EnableReceiver), (8 bytes).
    Removing stm32wlxx_hal_uart.o(.text.HAL_LIN_SendBreak), (44 bytes).
    Removing stm32wlxx_hal_uart.o(.ARM.exidx.text.HAL_LIN_SendBreak), (8 bytes).
    Removing stm32wlxx_hal_uart.o(.text.HAL_UART_GetState), (12 bytes).
    Removing stm32wlxx_hal_uart.o(.ARM.exidx.text.HAL_UART_GetState), (8 bytes).
    Removing stm32wlxx_hal_uart.o(.text.HAL_UART_GetError), (6 bytes).
    Removing stm32wlxx_hal_uart.o(.ARM.exidx.text.HAL_UART_GetError), (8 bytes).
    Removing stm32wlxx_hal_uart.o(.text.UART_RxISR_16BIT_FIFOEN), (790 bytes).
    Removing stm32wlxx_hal_uart.o(.ARM.exidx.text.UART_RxISR_16BIT_FIFOEN), (8 bytes).
    Removing stm32wlxx_hal_uart.o(.text.UART_RxISR_8BIT_FIFOEN), (794 bytes).
    Removing stm32wlxx_hal_uart.o(.ARM.exidx.text.UART_RxISR_8BIT_FIFOEN), (8 bytes).
    Removing stm32wlxx_hal_uart.o(.text.UART_RxISR_16BIT), (426 bytes).
    Removing stm32wlxx_hal_uart.o(.ARM.exidx.text.UART_RxISR_16BIT), (8 bytes).
    Removing stm32wlxx_hal_uart.o(.text.UART_RxISR_8BIT), (430 bytes).
    Removing stm32wlxx_hal_uart.o(.ARM.exidx.text.UART_RxISR_8BIT), (8 bytes).
    Removing stm32wlxx_hal_uart.o(.text.UART_DMAReceiveCplt), (356 bytes).
    Removing stm32wlxx_hal_uart.o(.ARM.exidx.text.UART_DMAReceiveCplt), (8 bytes).
    Removing stm32wlxx_hal_uart.o(.text.UART_DMARxHalfCplt), (26 bytes).
    Removing stm32wlxx_hal_uart.o(.ARM.exidx.text.UART_DMARxHalfCplt), (8 bytes).
    Removing stm32wlxx_hal_uart_ex.o(.text), (0 bytes).
    Removing stm32wlxx_hal_uart_ex.o(.text.HAL_RS485Ex_Init), (130 bytes).
    Removing stm32wlxx_hal_uart_ex.o(.ARM.exidx.text.HAL_RS485Ex_Init), (8 bytes).
    Removing stm32wlxx_hal_uart_ex.o(.text.HAL_UARTEx_WakeupCallback), (2 bytes).
    Removing stm32wlxx_hal_uart_ex.o(.ARM.exidx.text.HAL_UARTEx_WakeupCallback), (8 bytes).
    Removing stm32wlxx_hal_uart_ex.o(.text.HAL_UARTEx_RxFifoFullCallback), (2 bytes).
    Removing stm32wlxx_hal_uart_ex.o(.ARM.exidx.text.HAL_UARTEx_RxFifoFullCallback), (8 bytes).
    Removing stm32wlxx_hal_uart_ex.o(.text.HAL_UARTEx_TxFifoEmptyCallback), (2 bytes).
    Removing stm32wlxx_hal_uart_ex.o(.ARM.exidx.text.HAL_UARTEx_TxFifoEmptyCallback), (8 bytes).
    Removing stm32wlxx_hal_uart_ex.o(.text.HAL_MultiProcessorEx_AddressLength_Set), (46 bytes).
    Removing stm32wlxx_hal_uart_ex.o(.ARM.exidx.text.HAL_MultiProcessorEx_AddressLength_Set), (8 bytes).
    Removing stm32wlxx_hal_uart_ex.o(.text.HAL_UARTEx_StopModeWakeUpSourceConfig), (140 bytes).
    Removing stm32wlxx_hal_uart_ex.o(.ARM.exidx.text.HAL_UARTEx_StopModeWakeUpSourceConfig), (8 bytes).
    Removing stm32wlxx_hal_uart_ex.o(.text.HAL_UARTEx_EnableStopMode), (104 bytes).
    Removing stm32wlxx_hal_uart_ex.o(.ARM.exidx.text.HAL_UARTEx_EnableStopMode), (8 bytes).
    Removing stm32wlxx_hal_uart_ex.o(.text.HAL_UARTEx_DisableStopMode), (104 bytes).
    Removing stm32wlxx_hal_uart_ex.o(.ARM.exidx.text.HAL_UARTEx_DisableStopMode), (8 bytes).
    Removing stm32wlxx_hal_uart_ex.o(.text.HAL_UARTEx_EnableFifoMode), (122 bytes).
    Removing stm32wlxx_hal_uart_ex.o(.ARM.exidx.text.HAL_UARTEx_EnableFifoMode), (8 bytes).
    Removing stm32wlxx_hal_uart_ex.o(.ARM.exidx.text.HAL_UARTEx_DisableFifoMode), (8 bytes).
    Removing stm32wlxx_hal_uart_ex.o(.ARM.exidx.text.HAL_UARTEx_SetTxFifoThreshold), (8 bytes).
    Removing stm32wlxx_hal_uart_ex.o(.ARM.exidx.text.HAL_UARTEx_SetRxFifoThreshold), (8 bytes).
    Removing stm32wlxx_hal_uart_ex.o(.text.HAL_UARTEx_ReceiveToIdle), (428 bytes).
    Removing stm32wlxx_hal_uart_ex.o(.ARM.exidx.text.HAL_UARTEx_ReceiveToIdle), (8 bytes).
    Removing stm32wlxx_hal_uart_ex.o(.text.HAL_UARTEx_ReceiveToIdle_IT), (156 bytes).
    Removing stm32wlxx_hal_uart_ex.o(.ARM.exidx.text.HAL_UARTEx_ReceiveToIdle_IT), (8 bytes).
    Removing stm32wlxx_hal_uart_ex.o(.text.HAL_UARTEx_ReceiveToIdle_DMA), (156 bytes).
    Removing stm32wlxx_hal_uart_ex.o(.ARM.exidx.text.HAL_UARTEx_ReceiveToIdle_DMA), (8 bytes).
    Removing stm32wlxx_hal_uart_ex.o(.text.HAL_UARTEx_GetRxEventType), (4 bytes).
    Removing stm32wlxx_hal_uart_ex.o(.ARM.exidx.text.HAL_UARTEx_GetRxEventType), (8 bytes).
    Removing system_stm32wlxx.o(.text), (0 bytes).
    Removing system_stm32wlxx.o(.ARM.exidx.text.SystemInit), (8 bytes).
    Removing system_stm32wlxx.o(.text.SystemCoreClockUpdate), (194 bytes).
    Removing system_stm32wlxx.o(.ARM.exidx.text.SystemCoreClockUpdate), (8 bytes).

695 unused section(s) (total 40182 bytes) removed from the image.

==============================================================================

Image Symbol Table

    Local Symbols

    Symbol Name                              Value     Ov Type        Size  Object(Section)

    ../clib/angel/boardlib.s                 0x00000000   Number         0  boardinit1.o ABSOLUTE
    ../clib/angel/boardlib.s                 0x00000000   Number         0  boardinit2.o ABSOLUTE
    ../clib/angel/boardlib.s                 0x00000000   Number         0  boardinit3.o ABSOLUTE
    ../clib/angel/boardlib.s                 0x00000000   Number         0  boardshut.o ABSOLUTE
    ../clib/angel/handlers.s                 0x00000000   Number         0  __scatter_copy.o ABSOLUTE
    ../clib/angel/handlers.s                 0x00000000   Number         0  __scatter_zi.o ABSOLUTE
    ../clib/angel/kernel.s                   0x00000000   Number         0  __rtentry.o ABSOLUTE
    ../clib/angel/kernel.s                   0x00000000   Number         0  __rtentry2.o ABSOLUTE
    ../clib/angel/kernel.s                   0x00000000   Number         0  __rtentry4.o ABSOLUTE
    ../clib/angel/kernel.s                   0x00000000   Number         0  rtexit.o ABSOLUTE
    ../clib/angel/kernel.s                   0x00000000   Number         0  rtexit2.o ABSOLUTE
    ../clib/angel/rt.s                       0x00000000   Number         0  aeabi_ldiv0.o ABSOLUTE
    ../clib/angel/rt.s                       0x00000000   Number         0  aeabi_ldiv0_sigfpe.o ABSOLUTE
    ../clib/angel/rt.s                       0x00000000   Number         0  rt_div0.o ABSOLUTE
    ../clib/angel/rt.s                       0x00000000   Number         0  rt_raise.o ABSOLUTE
    ../clib/angel/scatter.s                  0x00000000   Number         0  __scatter.o ABSOLUTE
    ../clib/angel/startup.s                  0x00000000   Number         0  __main.o ABSOLUTE
    ../clib/angel/sys.s                      0x00000000   Number         0  sys_stackheap_outer.o ABSOLUTE
    ../clib/angel/sys.s                      0x00000000   Number         0  libspace.o ABSOLUTE
    ../clib/angel/sys.s                      0x00000000   Number         0  use_no_semi.o ABSOLUTE
    ../clib/angel/sys.s                      0x00000000   Number         0  indicate_semi.o ABSOLUTE
    ../clib/angel/sysapp.c                   0x00000000   Number         0  sys_exit.o ABSOLUTE
    ../clib/angel/sysapp.c                   0x00000000   Number         0  sys_exit_hlt.o ABSOLUTE
    ../clib/angel/sysapp.c                   0x00000000   Number         0  sys_wrch.o ABSOLUTE
    ../clib/angel/sysapp.c                   0x00000000   Number         0  sys_wrch_hlt.o ABSOLUTE
    ../clib/angel/sysapp.c                   0x00000000   Number         0  sys_command.o ABSOLUTE
    ../clib/angel/sysapp.c                   0x00000000   Number         0  sys_command_hlt.o ABSOLUTE
    ../clib/armsys.c                         0x00000000   Number         0  argv_veneer.o ABSOLUTE
    ../clib/armsys.c                         0x00000000   Number         0  argv_veneer.o ABSOLUTE
    ../clib/armsys.c                         0x00000000   Number         0  _get_argv_nomalloc.o ABSOLUTE
    ../clib/armsys.c                         0x00000000   Number         0  no_argv.o ABSOLUTE
    ../clib/heapalloc.c                      0x00000000   Number         0  hrguard.o ABSOLUTE
    ../clib/heapaux.c                        0x00000000   Number         0  heapauxi.o ABSOLUTE
    ../clib/libinit.s                        0x00000000   Number         0  libinit.o ABSOLUTE
    ../clib/libinit.s                        0x00000000   Number         0  libinit2.o ABSOLUTE
    ../clib/libinit.s                        0x00000000   Number         0  libshutdown.o ABSOLUTE
    ../clib/libinit.s                        0x00000000   Number         0  libshutdown2.o ABSOLUTE
    ../clib/longlong.s                       0x00000000   Number         0  lludivv7m.o ABSOLUTE
    ../clib/memcpset.s                       0x00000000   Number         0  rt_memclr_w.o ABSOLUTE
    ../clib/signal.c                         0x00000000   Number         0  defsig_fpe_outer.o ABSOLUTE
    ../clib/signal.c                         0x00000000   Number         0  defsig_fpe_formal.o ABSOLUTE
    ../clib/signal.c                         0x00000000   Number         0  defsig_exit.o ABSOLUTE
    ../clib/signal.c                         0x00000000   Number         0  defsig_fpe_inner.o ABSOLUTE
    ../clib/signal.c                         0x00000000   Number         0  __raise.o ABSOLUTE
    ../clib/signal.c                         0x00000000   Number         0  defsig_general.o ABSOLUTE
    ../clib/signal.c                         0x00000000   Number         0  defsig_abrt_inner.o ABSOLUTE
    ../clib/signal.c                         0x00000000   Number         0  defsig_rtred_inner.o ABSOLUTE
    ../clib/signal.c                         0x00000000   Number         0  defsig_rtmem_inner.o ABSOLUTE
    ../clib/signal.c                         0x00000000   Number         0  defsig_rtmem_outer.o ABSOLUTE
    ../clib/signal.c                         0x00000000   Number         0  defsig_rtmem_formal.o ABSOLUTE
    ../clib/signal.c                         0x00000000   Number         0  defsig_stak_inner.o ABSOLUTE
    ../clib/signal.c                         0x00000000   Number         0  defsig_pvfn_inner.o ABSOLUTE
    ../clib/signal.c                         0x00000000   Number         0  defsig_cppl_inner.o ABSOLUTE
    ../clib/signal.c                         0x00000000   Number         0  defsig_segv_inner.o ABSOLUTE
    ../clib/signal.c                         0x00000000   Number         0  defsig_other.o ABSOLUTE
    ../clib/signal.s                         0x00000000   Number         0  defsig.o ABSOLUTE
    ../clib/stdlib.c                         0x00000000   Number         0  exit.o ABSOLUTE
    ../fplib/fpinit.s                        0x00000000   Number         0  fpinit.o ABSOLUTE
    ../fplib/fpinit_empty.s                  0x00000000   Number         0  fpinit_empty.o ABSOLUTE
    dc.s                                     0x00000000   Number         0  dc.o ABSOLUTE
    gpio.c                                   0x00000000   Number         0  gpio.o ABSOLUTE
    main.c                                   0x00000000   Number         0  main.o ABSOLUTE
    spi.c                                    0x00000000   Number         0  spi.o ABSOLUTE
    startup_stm32wle5xx.s                    0x00000000   Number         0  startup_stm32wle5xx.o ABSOLUTE
    stm32wlxx_hal.c                          0x00000000   Number         0  stm32wlxx_hal.o ABSOLUTE
    stm32wlxx_hal_cortex.c                   0x00000000   Number         0  stm32wlxx_hal_cortex.o ABSOLUTE
    stm32wlxx_hal_dma.c                      0x00000000   Number         0  stm32wlxx_hal_dma.o ABSOLUTE
    stm32wlxx_hal_dma_ex.c                   0x00000000   Number         0  stm32wlxx_hal_dma_ex.o ABSOLUTE
    stm32wlxx_hal_exti.c                     0x00000000   Number         0  stm32wlxx_hal_exti.o ABSOLUTE
    stm32wlxx_hal_flash.c                    0x00000000   Number         0  stm32wlxx_hal_flash.o ABSOLUTE
    stm32wlxx_hal_flash_ex.c                 0x00000000   Number         0  stm32wlxx_hal_flash_ex.o ABSOLUTE
    stm32wlxx_hal_gpio.c                     0x00000000   Number         0  stm32wlxx_hal_gpio.o ABSOLUTE
    stm32wlxx_hal_msp.c                      0x00000000   Number         0  stm32wlxx_hal_msp.o ABSOLUTE
    stm32wlxx_hal_pwr.c                      0x00000000   Number         0  stm32wlxx_hal_pwr.o ABSOLUTE
    stm32wlxx_hal_pwr_ex.c                   0x00000000   Number         0  stm32wlxx_hal_pwr_ex.o ABSOLUTE
    stm32wlxx_hal_rcc.c                      0x00000000   Number         0  stm32wlxx_hal_rcc.o ABSOLUTE
    stm32wlxx_hal_rcc_ex.c                   0x00000000   Number         0  stm32wlxx_hal_rcc_ex.o ABSOLUTE
    stm32wlxx_hal_spi.c                      0x00000000   Number         0  stm32wlxx_hal_spi.o ABSOLUTE
    stm32wlxx_hal_spi_ex.c                   0x00000000   Number         0  stm32wlxx_hal_spi_ex.o ABSOLUTE
    stm32wlxx_hal_tim.c                      0x00000000   Number         0  stm32wlxx_hal_tim.o ABSOLUTE
    stm32wlxx_hal_tim_ex.c                   0x00000000   Number         0  stm32wlxx_hal_tim_ex.o ABSOLUTE
    stm32wlxx_hal_uart.c                     0x00000000   Number         0  stm32wlxx_hal_uart.o ABSOLUTE
    stm32wlxx_hal_uart_ex.c                  0x00000000   Number         0  stm32wlxx_hal_uart_ex.o ABSOLUTE
    stm32wlxx_it.c                           0x00000000   Number         0  stm32wlxx_it.o ABSOLUTE
    system_stm32wlxx.c                       0x00000000   Number         0  system_stm32wlxx.o ABSOLUTE
    usart.c                                  0x00000000   Number         0  usart.o ABSOLUTE
    RESET                                    0x08000000   Section      312  startup_stm32wle5xx.o(RESET)
    !!!main                                  0x08000138   Section        8  __main.o(!!!main)
    !!!scatter                               0x08000140   Section       52  __scatter.o(!!!scatter)
    !!handler_copy                           0x08000174   Section       26  __scatter_copy.o(!!handler_copy)
    !!handler_zi                             0x08000190   Section       28  __scatter_zi.o(!!handler_zi)
    .ARM.Collect$$libinit$$00000000          0x080001ac   Section        2  libinit.o(.ARM.Collect$$libinit$$00000000)
    .ARM.Collect$$libinit$$00000002          0x080001ae   Section        0  libinit2.o(.ARM.Collect$$libinit$$00000002)
    .ARM.Collect$$libinit$$00000004          0x080001ae   Section        0  libinit2.o(.ARM.Collect$$libinit$$00000004)
    .ARM.Collect$$libinit$$00000006          0x080001ae   Section        0  libinit2.o(.ARM.Collect$$libinit$$00000006)
    .ARM.Collect$$libinit$$0000000C          0x080001ae   Section        0  libinit2.o(.ARM.Collect$$libinit$$0000000C)
    .ARM.Collect$$libinit$$0000000E          0x080001ae   Section        0  libinit2.o(.ARM.Collect$$libinit$$0000000E)
    .ARM.Collect$$libinit$$00000010          0x080001ae   Section        0  libinit2.o(.ARM.Collect$$libinit$$00000010)
    .ARM.Collect$$libinit$$00000013          0x080001ae   Section        0  libinit2.o(.ARM.Collect$$libinit$$00000013)
    .ARM.Collect$$libinit$$00000015          0x080001ae   Section        0  libinit2.o(.ARM.Collect$$libinit$$00000015)
    .ARM.Collect$$libinit$$00000017          0x080001ae   Section        0  libinit2.o(.ARM.Collect$$libinit$$00000017)
    .ARM.Collect$$libinit$$00000019          0x080001ae   Section        0  libinit2.o(.ARM.Collect$$libinit$$00000019)
    .ARM.Collect$$libinit$$0000001B          0x080001ae   Section        0  libinit2.o(.ARM.Collect$$libinit$$0000001B)
    .ARM.Collect$$libinit$$0000001D          0x080001ae   Section        0  libinit2.o(.ARM.Collect$$libinit$$0000001D)
    .ARM.Collect$$libinit$$0000001F          0x080001ae   Section        0  libinit2.o(.ARM.Collect$$libinit$$0000001F)
    .ARM.Collect$$libinit$$00000021          0x080001ae   Section        0  libinit2.o(.ARM.Collect$$libinit$$00000021)
    .ARM.Collect$$libinit$$00000023          0x080001ae   Section        0  libinit2.o(.ARM.Collect$$libinit$$00000023)
    .ARM.Collect$$libinit$$00000025          0x080001ae   Section        0  libinit2.o(.ARM.Collect$$libinit$$00000025)
    .ARM.Collect$$libinit$$00000027          0x080001ae   Section        0  libinit2.o(.ARM.Collect$$libinit$$00000027)
    .ARM.Collect$$libinit$$0000002E          0x080001ae   Section        0  libinit2.o(.ARM.Collect$$libinit$$0000002E)
    .ARM.Collect$$libinit$$00000030          0x080001ae   Section        0  libinit2.o(.ARM.Collect$$libinit$$00000030)
    .ARM.Collect$$libinit$$00000032          0x080001ae   Section        0  libinit2.o(.ARM.Collect$$libinit$$00000032)
    .ARM.Collect$$libinit$$00000034          0x080001ae   Section        0  libinit2.o(.ARM.Collect$$libinit$$00000034)
    .ARM.Collect$$libinit$$00000035          0x080001ae   Section        2  libinit2.o(.ARM.Collect$$libinit$$00000035)
    .ARM.Collect$$libshutdown$$00000000      0x080001b0   Section        2  libshutdown.o(.ARM.Collect$$libshutdown$$00000000)
    .ARM.Collect$$libshutdown$$00000002      0x080001b2   Section        0  libshutdown2.o(.ARM.Collect$$libshutdown$$00000002)
    .ARM.Collect$$libshutdown$$00000004      0x080001b2   Section        0  libshutdown2.o(.ARM.Collect$$libshutdown$$00000004)
    .ARM.Collect$$libshutdown$$00000007      0x080001b2   Section        0  libshutdown2.o(.ARM.Collect$$libshutdown$$00000007)
    .ARM.Collect$$libshutdown$$0000000A      0x080001b2   Section        0  libshutdown2.o(.ARM.Collect$$libshutdown$$0000000A)
    .ARM.Collect$$libshutdown$$0000000C      0x080001b2   Section        0  libshutdown2.o(.ARM.Collect$$libshutdown$$0000000C)
    .ARM.Collect$$libshutdown$$0000000F      0x080001b2   Section        0  libshutdown2.o(.ARM.Collect$$libshutdown$$0000000F)
    .ARM.Collect$$libshutdown$$00000010      0x080001b2   Section        2  libshutdown2.o(.ARM.Collect$$libshutdown$$00000010)
    .ARM.Collect$$rtentry$$00000000          0x080001b4   Section        0  __rtentry.o(.ARM.Collect$$rtentry$$00000000)
    .ARM.Collect$$rtentry$$00000002          0x080001b4   Section        0  __rtentry2.o(.ARM.Collect$$rtentry$$00000002)
    .ARM.Collect$$rtentry$$00000004          0x080001b4   Section        6  __rtentry4.o(.ARM.Collect$$rtentry$$00000004)
    .ARM.Collect$$rtentry$$00000009          0x080001ba   Section        0  __rtentry2.o(.ARM.Collect$$rtentry$$00000009)
    .ARM.Collect$$rtentry$$0000000A          0x080001ba   Section        4  __rtentry2.o(.ARM.Collect$$rtentry$$0000000A)
    .ARM.Collect$$rtentry$$0000000C          0x080001be   Section        0  __rtentry2.o(.ARM.Collect$$rtentry$$0000000C)
    .ARM.Collect$$rtentry$$0000000D          0x080001be   Section        8  __rtentry2.o(.ARM.Collect$$rtentry$$0000000D)
    .ARM.Collect$$rtexit$$00000000           0x080001c6   Section        2  rtexit.o(.ARM.Collect$$rtexit$$00000000)
    .ARM.Collect$$rtexit$$00000002           0x080001c8   Section        0  rtexit2.o(.ARM.Collect$$rtexit$$00000002)
    .ARM.Collect$$rtexit$$00000003           0x080001c8   Section        4  rtexit2.o(.ARM.Collect$$rtexit$$00000003)
    .ARM.Collect$$rtexit$$00000004           0x080001cc   Section        6  rtexit2.o(.ARM.Collect$$rtexit$$00000004)
    .text                                    0x080001d4   Section       64  startup_stm32wle5xx.o(.text)
    .text                                    0x08000214   Section      240  lludivv7m.o(.text)
    .text                                    0x08000304   Section       78  rt_memclr_w.o(.text)
    .text                                    0x08000352   Section        0  heapauxi.o(.text)
    .text                                    0x08000358   Section       74  sys_stackheap_outer.o(.text)
    .text                                    0x080003a2   Section        0  exit.o(.text)
    .text                                    0x080003b4   Section        8  libspace.o(.text)
    .text                                    0x080003bc   Section        0  sys_exit.o(.text)
    .text                                    0x080003c8   Section        2  use_no_semi.o(.text)
    .text                                    0x080003ca   Section        0  indicate_semi.o(.text)
    [Anonymous Symbol]                       0x080003cc   Section        0  stm32wlxx_it.o(.text.BusFault_Handler)
    [Anonymous Symbol]                       0x080003d0   Section        0  stm32wlxx_it.o(.text.DebugMon_Handler)
    [Anonymous Symbol]                       0x080003d4   Section        0  main.o(.text.Error_Handler)
    [Anonymous Symbol]                       0x080003e0   Section        0  stm32wlxx_hal_gpio.o(.text.HAL_GPIO_Init)
    [Anonymous Symbol]                       0x08000580   Section        0  stm32wlxx_hal_gpio.o(.text.HAL_GPIO_WritePin)
    [Anonymous Symbol]                       0x0800058c   Section        0  stm32wlxx_hal.o(.text.HAL_GetTick)
    [Anonymous Symbol]                       0x08000598   Section        0  stm32wlxx_hal.o(.text.HAL_IncTick)
    [Anonymous Symbol]                       0x080005b4   Section        0  stm32wlxx_hal.o(.text.HAL_Init)
    [Anonymous Symbol]                       0x080005e0   Section        0  stm32wlxx_hal.o(.text.HAL_InitTick)
    [Anonymous Symbol]                       0x08000628   Section        0  stm32wlxx_hal_msp.o(.text.HAL_MspInit)
    [Anonymous Symbol]                       0x0800062c   Section        0  stm32wlxx_hal_cortex.o(.text.HAL_NVIC_SetPriority)
    [Anonymous Symbol]                       0x08000684   Section        0  stm32wlxx_hal_cortex.o(.text.HAL_NVIC_SetPriorityGrouping)
    [Anonymous Symbol]                       0x080006a4   Section        0  stm32wlxx_hal_pwr_ex.o(.text.HAL_PWREx_GetVoltageRange)
    [Anonymous Symbol]                       0x080006b4   Section        0  stm32wlxx_hal_pwr.o(.text.HAL_PWR_EnableBkUpAccess)
    [Anonymous Symbol]                       0x080006c8   Section        0  stm32wlxx_hal_rcc_ex.o(.text.HAL_RCCEx_PeriphCLKConfig)
    [Anonymous Symbol]                       0x080008dc   Section        0  stm32wlxx_hal_rcc.o(.text.HAL_RCC_ClockConfig)
    [Anonymous Symbol]                       0x08000ae0   Section        0  stm32wlxx_hal_rcc.o(.text.HAL_RCC_GetHCLKFreq)
    [Anonymous Symbol]                       0x08000b04   Section        0  stm32wlxx_hal_rcc.o(.text.HAL_RCC_GetPCLK1Freq)
    [Anonymous Symbol]                       0x08000b3c   Section        0  stm32wlxx_hal_rcc.o(.text.HAL_RCC_GetPCLK2Freq)
    [Anonymous Symbol]                       0x08000b74   Section        0  stm32wlxx_hal_rcc.o(.text.HAL_RCC_GetSysClockFreq)
    [Anonymous Symbol]                       0x08000c68   Section        0  stm32wlxx_hal_rcc.o(.text.HAL_RCC_OscConfig)
    [Anonymous Symbol]                       0x080013e8   Section        0  stm32wlxx_hal_spi.o(.text.HAL_SPI_Init)
    [Anonymous Symbol]                       0x08001500   Section        0  spi.o(.text.HAL_SPI_MspInit)
    [Anonymous Symbol]                       0x08001568   Section        0  stm32wlxx_hal_cortex.o(.text.HAL_SYSTICK_Config)
    [Anonymous Symbol]                       0x08001594   Section        0  stm32wlxx_hal_uart_ex.o(.text.HAL_UARTEx_DisableFifoMode)
    [Anonymous Symbol]                       0x080015cc   Section        0  stm32wlxx_hal_uart_ex.o(.text.HAL_UARTEx_SetRxFifoThreshold)
    [Anonymous Symbol]                       0x08001658   Section        0  stm32wlxx_hal_uart_ex.o(.text.HAL_UARTEx_SetTxFifoThreshold)
    [Anonymous Symbol]                       0x080016e4   Section        0  stm32wlxx_hal_uart.o(.text.HAL_UART_Init)
    [Anonymous Symbol]                       0x080017b0   Section        0  usart.o(.text.HAL_UART_MspInit)
    [Anonymous Symbol]                       0x0800183c   Section        0  stm32wlxx_it.o(.text.HardFault_Handler)
    [Anonymous Symbol]                       0x08001840   Section        0  gpio.o(.text.MX_GPIO_Init)
    [Anonymous Symbol]                       0x0800193c   Section        0  spi.o(.text.MX_SPI1_Init)
    [Anonymous Symbol]                       0x0800198c   Section        0  usart.o(.text.MX_USART1_UART_Init)
    [Anonymous Symbol]                       0x08001a10   Section        0  stm32wlxx_it.o(.text.MemManage_Handler)
    [Anonymous Symbol]                       0x08001a14   Section        0  stm32wlxx_it.o(.text.NMI_Handler)
    [Anonymous Symbol]                       0x08001a18   Section        0  stm32wlxx_it.o(.text.PendSV_Handler)
    [Anonymous Symbol]                       0x08001a1c   Section        0  stm32wlxx_it.o(.text.SVC_Handler)
    [Anonymous Symbol]                       0x08001a20   Section        0  stm32wlxx_it.o(.text.SysTick_Handler)
    [Anonymous Symbol]                       0x08001a24   Section        0  system_stm32wlxx.o(.text.SystemInit)
    [Anonymous Symbol]                       0x08001a28   Section        0  stm32wlxx_hal_uart.o(.text.UART_AdvFeatureConfig)
    [Anonymous Symbol]                       0x08001b10   Section        0  stm32wlxx_hal_uart.o(.text.UART_SetConfig)
    [Anonymous Symbol]                       0x08001d74   Section        0  stm32wlxx_hal_uart.o(.text.UART_WaitOnFlagUntilTimeout)
    [Anonymous Symbol]                       0x08001f88   Section        0  stm32wlxx_it.o(.text.UsageFault_Handler)
    [Anonymous Symbol]                       0x08001f8c   Section        0  main.o(.text.main)
    .L__const.RCC_SetFlashLatency.FLASH_LATENCY_RANGE 0x0800203c   Data          12  stm32wlxx_hal_rcc.o(.rodata..L__const.RCC_SetFlashLatency.FLASH_LATENCY_RANGE)
    .Lswitch.table.UART_SetConfig.2          0x08002100   Data          16  stm32wlxx_hal_uart.o(.rodata.cst16)
    UARTEx_SetNbDataToProcess.numerator      0x08002110   Data           8  stm32wlxx_hal_uart_ex.o(.rodata.cst8)
    [Anonymous Symbol]                       0x08002110   Section        0  stm32wlxx_hal_uart_ex.o(.rodata.cst8)
    UARTEx_SetNbDataToProcess.denominator    0x08002118   Data           8  stm32wlxx_hal_uart_ex.o(.rodata.cst8)
    .L_MergedGlobals                         0x20000000   Data           8  stm32wlxx_hal.o(.data..L_MergedGlobals)
    [Anonymous Symbol]                       0x20000000   Section        0  stm32wlxx_hal.o(.data..L_MergedGlobals)
    .bss                                     0x20000010   Section       96  libspace.o(.bss)
    Heap_Mem                                 0x20000170   Data         512  startup_stm32wle5xx.o(HEAP)
    HEAP                                     0x20000170   Section      512  startup_stm32wle5xx.o(HEAP)
    Stack_Mem                                0x20000370   Data        1024  startup_stm32wle5xx.o(STACK)
    STACK                                    0x20000370   Section     1024  startup_stm32wle5xx.o(STACK)
    __initial_sp                             0x20000770   Data           0  startup_stm32wle5xx.o(STACK)

    Global Symbols

    Symbol Name                              Value     Ov Type        Size  Object(Section)

    BuildAttributes$$THM_ISAv4$E$P$D$K$B$S$7EM$PE$A:L22UL41UL21$X:L11$S22US41US21$IEEE1$IW$~IW$USESV6$~STKCKD$USESV7$~SHL$OTIME$ROPI$EBA8$UX$STANDARDLIB$REQ8$PRES8$EABIv2 0x00000000   Number         0  anon$$obj.o ABSOLUTE
    __fp_init_empty                          0x00000000   Number         0  fpinit_empty.o ABSOLUTE
    __ARM_exceptions_init                     - Undefined Weak Reference
    __alloca_initialize                       - Undefined Weak Reference
    __arm_preinit_                            - Undefined Weak Reference
    __arm_relocate_pie_                       - Undefined Weak Reference
    __cpp_initialize__aeabi_                  - Undefined Weak Reference
    __cxa_finalize                            - Undefined Weak Reference
    __rt_locale                               - Undefined Weak Reference
    __sigvec_lookup                           - Undefined Weak Reference
    _atexit_init                              - Undefined Weak Reference
    _call_atexit_fns                          - Undefined Weak Reference
    _clock_init                               - Undefined Weak Reference
    _fp_trap_init                             - Undefined Weak Reference
    _fp_trap_shutdown                         - Undefined Weak Reference
    _get_lc_collate                           - Undefined Weak Reference
    _get_lc_ctype                             - Undefined Weak Reference
    _get_lc_monetary                          - Undefined Weak Reference
    _get_lc_numeric                           - Undefined Weak Reference
    _get_lc_time                              - Undefined Weak Reference
    _getenv_init                              - Undefined Weak Reference
    _handle_redirection                       - Undefined Weak Reference
    _init_alloc                               - Undefined Weak Reference
    _init_user_alloc                          - Undefined Weak Reference
    _initio                                   - Undefined Weak Reference
    _rand_init                                - Undefined Weak Reference
    _signal_finish                            - Undefined Weak Reference
    _signal_init                              - Undefined Weak Reference
    _terminate_alloc                          - Undefined Weak Reference
    _terminate_user_alloc                     - Undefined Weak Reference
    _terminateio                              - Undefined Weak Reference
    __Vectors_Size                           0x00000138   Number         0  startup_stm32wle5xx.o ABSOLUTE
    __Vectors                                0x08000000   Data           4  startup_stm32wle5xx.o(RESET)
    __Vectors_End                            0x08000138   Data           0  startup_stm32wle5xx.o(RESET)
    __main                                   0x08000139   Thumb Code     8  __main.o(!!!main)
    __scatterload                            0x08000141   Thumb Code     0  __scatter.o(!!!scatter)
    __scatterload_rt2                        0x08000141   Thumb Code    44  __scatter.o(!!!scatter)
    __scatterload_rt2_thumb_only             0x08000141   Thumb Code     0  __scatter.o(!!!scatter)
    __scatterload_null                       0x0800014f   Thumb Code     0  __scatter.o(!!!scatter)
    __scatterload_copy                       0x08000175   Thumb Code    26  __scatter_copy.o(!!handler_copy)
    __scatterload_zeroinit                   0x08000191   Thumb Code    28  __scatter_zi.o(!!handler_zi)
    __rt_lib_init                            0x080001ad   Thumb Code     0  libinit.o(.ARM.Collect$$libinit$$00000000)
    __rt_lib_init_alloca_1                   0x080001af   Thumb Code     0  libinit2.o(.ARM.Collect$$libinit$$00000030)
    __rt_lib_init_argv_1                     0x080001af   Thumb Code     0  libinit2.o(.ARM.Collect$$libinit$$0000002E)
    __rt_lib_init_atexit_1                   0x080001af   Thumb Code     0  libinit2.o(.ARM.Collect$$libinit$$0000001D)
    __rt_lib_init_clock_1                    0x080001af   Thumb Code     0  libinit2.o(.ARM.Collect$$libinit$$00000023)
    __rt_lib_init_cpp_1                      0x080001af   Thumb Code     0  libinit2.o(.ARM.Collect$$libinit$$00000034)
    __rt_lib_init_exceptions_1               0x080001af   Thumb Code     0  libinit2.o(.ARM.Collect$$libinit$$00000032)
    __rt_lib_init_fp_1                       0x080001af   Thumb Code     0  libinit2.o(.ARM.Collect$$libinit$$00000002)
    __rt_lib_init_fp_trap_1                  0x080001af   Thumb Code     0  libinit2.o(.ARM.Collect$$libinit$$00000021)
    __rt_lib_init_getenv_1                   0x080001af   Thumb Code     0  libinit2.o(.ARM.Collect$$libinit$$00000025)
    __rt_lib_init_heap_1                     0x080001af   Thumb Code     0  libinit2.o(.ARM.Collect$$libinit$$0000000C)
    __rt_lib_init_lc_collate_1               0x080001af   Thumb Code     0  libinit2.o(.ARM.Collect$$libinit$$00000013)
    __rt_lib_init_lc_ctype_1                 0x080001af   Thumb Code     0  libinit2.o(.ARM.Collect$$libinit$$00000015)
    __rt_lib_init_lc_monetary_1              0x080001af   Thumb Code     0  libinit2.o(.ARM.Collect$$libinit$$00000017)
    __rt_lib_init_lc_numeric_1               0x080001af   Thumb Code     0  libinit2.o(.ARM.Collect$$libinit$$00000019)
    __rt_lib_init_lc_time_1                  0x080001af   Thumb Code     0  libinit2.o(.ARM.Collect$$libinit$$0000001B)
    __rt_lib_init_preinit_1                  0x080001af   Thumb Code     0  libinit2.o(.ARM.Collect$$libinit$$00000006)
    __rt_lib_init_rand_1                     0x080001af   Thumb Code     0  libinit2.o(.ARM.Collect$$libinit$$00000010)
    __rt_lib_init_relocate_pie_1             0x080001af   Thumb Code     0  libinit2.o(.ARM.Collect$$libinit$$00000004)
    __rt_lib_init_return                     0x080001af   Thumb Code     0  libinit2.o(.ARM.Collect$$libinit$$00000035)
    __rt_lib_init_signal_1                   0x080001af   Thumb Code     0  libinit2.o(.ARM.Collect$$libinit$$0000001F)
    __rt_lib_init_stdio_1                    0x080001af   Thumb Code     0  libinit2.o(.ARM.Collect$$libinit$$00000027)
    __rt_lib_init_user_alloc_1               0x080001af   Thumb Code     0  libinit2.o(.ARM.Collect$$libinit$$0000000E)
    __rt_lib_shutdown                        0x080001b1   Thumb Code     0  libshutdown.o(.ARM.Collect$$libshutdown$$00000000)
    __rt_lib_shutdown_cpp_1                  0x080001b3   Thumb Code     0  libshutdown2.o(.ARM.Collect$$libshutdown$$00000002)
    __rt_lib_shutdown_fp_trap_1              0x080001b3   Thumb Code     0  libshutdown2.o(.ARM.Collect$$libshutdown$$00000007)
    __rt_lib_shutdown_heap_1                 0x080001b3   Thumb Code     0  libshutdown2.o(.ARM.Collect$$libshutdown$$0000000F)
    __rt_lib_shutdown_return                 0x080001b3   Thumb Code     0  libshutdown2.o(.ARM.Collect$$libshutdown$$00000010)
    __rt_lib_shutdown_signal_1               0x080001b3   Thumb Code     0  libshutdown2.o(.ARM.Collect$$libshutdown$$0000000A)
    __rt_lib_shutdown_stdio_1                0x080001b3   Thumb Code     0  libshutdown2.o(.ARM.Collect$$libshutdown$$00000004)
    __rt_lib_shutdown_user_alloc_1           0x080001b3   Thumb Code     0  libshutdown2.o(.ARM.Collect$$libshutdown$$0000000C)
    __rt_entry                               0x080001b5   Thumb Code     0  __rtentry.o(.ARM.Collect$$rtentry$$00000000)
    __rt_entry_presh_1                       0x080001b5   Thumb Code     0  __rtentry2.o(.ARM.Collect$$rtentry$$00000002)
    __rt_entry_sh                            0x080001b5   Thumb Code     0  __rtentry4.o(.ARM.Collect$$rtentry$$00000004)
    __rt_entry_li                            0x080001bb   Thumb Code     0  __rtentry2.o(.ARM.Collect$$rtentry$$0000000A)
    __rt_entry_postsh_1                      0x080001bb   Thumb Code     0  __rtentry2.o(.ARM.Collect$$rtentry$$00000009)
    __rt_entry_main                          0x080001bf   Thumb Code     0  __rtentry2.o(.ARM.Collect$$rtentry$$0000000D)
    __rt_entry_postli_1                      0x080001bf   Thumb Code     0  __rtentry2.o(.ARM.Collect$$rtentry$$0000000C)
    __rt_exit                                0x080001c7   Thumb Code     0  rtexit.o(.ARM.Collect$$rtexit$$00000000)
    __rt_exit_ls                             0x080001c9   Thumb Code     0  rtexit2.o(.ARM.Collect$$rtexit$$00000003)
    __rt_exit_prels_1                        0x080001c9   Thumb Code     0  rtexit2.o(.ARM.Collect$$rtexit$$00000002)
    __rt_exit_exit                           0x080001cd   Thumb Code     0  rtexit2.o(.ARM.Collect$$rtexit$$00000004)
    Reset_Handler                            0x080001d5   Thumb Code     8  startup_stm32wle5xx.o(.text)
    ADC_IRQHandler                           0x080001ef   Thumb Code     0  startup_stm32wle5xx.o(.text)
    AES_IRQHandler                           0x080001ef   Thumb Code     0  startup_stm32wle5xx.o(.text)
    COMP_IRQHandler                          0x080001ef   Thumb Code     0  startup_stm32wle5xx.o(.text)
    DAC_IRQHandler                           0x080001ef   Thumb Code     0  startup_stm32wle5xx.o(.text)
    DMA1_Channel1_IRQHandler                 0x080001ef   Thumb Code     0  startup_stm32wle5xx.o(.text)
    DMA1_Channel2_IRQHandler                 0x080001ef   Thumb Code     0  startup_stm32wle5xx.o(.text)
    DMA1_Channel3_IRQHandler                 0x080001ef   Thumb Code     0  startup_stm32wle5xx.o(.text)
    DMA1_Channel4_IRQHandler                 0x080001ef   Thumb Code     0  startup_stm32wle5xx.o(.text)
    DMA1_Channel5_IRQHandler                 0x080001ef   Thumb Code     0  startup_stm32wle5xx.o(.text)
    DMA1_Channel6_IRQHandler                 0x080001ef   Thumb Code     0  startup_stm32wle5xx.o(.text)
    DMA1_Channel7_IRQHandler                 0x080001ef   Thumb Code     0  startup_stm32wle5xx.o(.text)
    DMA2_Channel1_IRQHandler                 0x080001ef   Thumb Code     0  startup_stm32wle5xx.o(.text)
    DMA2_Channel2_IRQHandler                 0x080001ef   Thumb Code     0  startup_stm32wle5xx.o(.text)
    DMA2_Channel3_IRQHandler                 0x080001ef   Thumb Code     0  startup_stm32wle5xx.o(.text)
    DMA2_Channel4_IRQHandler                 0x080001ef   Thumb Code     0  startup_stm32wle5xx.o(.text)
    DMA2_Channel5_IRQHandler                 0x080001ef   Thumb Code     0  startup_stm32wle5xx.o(.text)
    DMA2_Channel6_IRQHandler                 0x080001ef   Thumb Code     0  startup_stm32wle5xx.o(.text)
    DMA2_Channel7_IRQHandler                 0x080001ef   Thumb Code     0  startup_stm32wle5xx.o(.text)
    DMAMUX1_OVR_IRQHandler                   0x080001ef   Thumb Code     0  startup_stm32wle5xx.o(.text)
    EXTI0_IRQHandler                         0x080001ef   Thumb Code     0  startup_stm32wle5xx.o(.text)
    EXTI15_10_IRQHandler                     0x080001ef   Thumb Code     0  startup_stm32wle5xx.o(.text)
    EXTI1_IRQHandler                         0x080001ef   Thumb Code     0  startup_stm32wle5xx.o(.text)
    EXTI2_IRQHandler                         0x080001ef   Thumb Code     0  startup_stm32wle5xx.o(.text)
    EXTI3_IRQHandler                         0x080001ef   Thumb Code     0  startup_stm32wle5xx.o(.text)
    EXTI4_IRQHandler                         0x080001ef   Thumb Code     0  startup_stm32wle5xx.o(.text)
    EXTI9_5_IRQHandler                       0x080001ef   Thumb Code     0  startup_stm32wle5xx.o(.text)
    FLASH_IRQHandler                         0x080001ef   Thumb Code     0  startup_stm32wle5xx.o(.text)
    HSEM_IRQHandler                          0x080001ef   Thumb Code     0  startup_stm32wle5xx.o(.text)
    I2C1_ER_IRQHandler                       0x080001ef   Thumb Code     0  startup_stm32wle5xx.o(.text)
    I2C1_EV_IRQHandler                       0x080001ef   Thumb Code     0  startup_stm32wle5xx.o(.text)
    I2C2_ER_IRQHandler                       0x080001ef   Thumb Code     0  startup_stm32wle5xx.o(.text)
    I2C2_EV_IRQHandler                       0x080001ef   Thumb Code     0  startup_stm32wle5xx.o(.text)
    I2C3_ER_IRQHandler                       0x080001ef   Thumb Code     0  startup_stm32wle5xx.o(.text)
    I2C3_EV_IRQHandler                       0x080001ef   Thumb Code     0  startup_stm32wle5xx.o(.text)
    LPTIM1_IRQHandler                        0x080001ef   Thumb Code     0  startup_stm32wle5xx.o(.text)
    LPTIM2_IRQHandler                        0x080001ef   Thumb Code     0  startup_stm32wle5xx.o(.text)
    LPTIM3_IRQHandler                        0x080001ef   Thumb Code     0  startup_stm32wle5xx.o(.text)
    LPUART1_IRQHandler                       0x080001ef   Thumb Code     0  startup_stm32wle5xx.o(.text)
    PKA_IRQHandler                           0x080001ef   Thumb Code     0  startup_stm32wle5xx.o(.text)
    PVD_PVM_IRQHandler                       0x080001ef   Thumb Code     0  startup_stm32wle5xx.o(.text)
    RCC_IRQHandler                           0x080001ef   Thumb Code     0  startup_stm32wle5xx.o(.text)
    RNG_IRQHandler                           0x080001ef   Thumb Code     0  startup_stm32wle5xx.o(.text)
    RTC_Alarm_IRQHandler                     0x080001ef   Thumb Code     0  startup_stm32wle5xx.o(.text)
    RTC_WKUP_IRQHandler                      0x080001ef   Thumb Code     0  startup_stm32wle5xx.o(.text)
    SPI1_IRQHandler                          0x080001ef   Thumb Code     0  startup_stm32wle5xx.o(.text)
    SPI2_IRQHandler                          0x080001ef   Thumb Code     0  startup_stm32wle5xx.o(.text)
    SUBGHZSPI_IRQHandler                     0x080001ef   Thumb Code     0  startup_stm32wle5xx.o(.text)
    SUBGHZ_Radio_IRQHandler                  0x080001ef   Thumb Code     0  startup_stm32wle5xx.o(.text)
    TAMP_STAMP_LSECSS_SSRU_IRQHandler        0x080001ef   Thumb Code     0  startup_stm32wle5xx.o(.text)
    TIM16_IRQHandler                         0x080001ef   Thumb Code     0  startup_stm32wle5xx.o(.text)
    TIM17_IRQHandler                         0x080001ef   Thumb Code     0  startup_stm32wle5xx.o(.text)
    TIM1_BRK_IRQHandler                      0x080001ef   Thumb Code     0  startup_stm32wle5xx.o(.text)
    TIM1_CC_IRQHandler                       0x080001ef   Thumb Code     0  startup_stm32wle5xx.o(.text)
    TIM1_TRG_COM_IRQHandler                  0x080001ef   Thumb Code     0  startup_stm32wle5xx.o(.text)
    TIM1_UP_IRQHandler                       0x080001ef   Thumb Code     0  startup_stm32wle5xx.o(.text)
    TIM2_IRQHandler                          0x080001ef   Thumb Code     0  startup_stm32wle5xx.o(.text)
    USART1_IRQHandler                        0x080001ef   Thumb Code     0  startup_stm32wle5xx.o(.text)
    USART2_IRQHandler                        0x080001ef   Thumb Code     0  startup_stm32wle5xx.o(.text)
    WWDG_IRQHandler                          0x080001ef   Thumb Code     0  startup_stm32wle5xx.o(.text)
    __user_initial_stackheap                 0x080001f1   Thumb Code     0  startup_stm32wle5xx.o(.text)
    __aeabi_uldivmod                         0x08000215   Thumb Code     0  lludivv7m.o(.text)
    _ll_udiv                                 0x08000215   Thumb Code   240  lludivv7m.o(.text)
    __aeabi_memclr4                          0x08000305   Thumb Code     0  rt_memclr_w.o(.text)
    __aeabi_memclr8                          0x08000305   Thumb Code     0  rt_memclr_w.o(.text)
    __rt_memclr_w                            0x08000305   Thumb Code     0  rt_memclr_w.o(.text)
    _memset_w                                0x08000309   Thumb Code    74  rt_memclr_w.o(.text)
    __use_two_region_memory                  0x08000353   Thumb Code     2  heapauxi.o(.text)
    __rt_heap_escrow$2region                 0x08000355   Thumb Code     2  heapauxi.o(.text)
    __rt_heap_expand$2region                 0x08000357   Thumb Code     2  heapauxi.o(.text)
    __user_setup_stackheap                   0x08000359   Thumb Code    74  sys_stackheap_outer.o(.text)
    exit                                     0x080003a3   Thumb Code    18  exit.o(.text)
    __user_libspace                          0x080003b5   Thumb Code     8  libspace.o(.text)
    __user_perproc_libspace                  0x080003b5   Thumb Code     0  libspace.o(.text)
    __user_perthread_libspace                0x080003b5   Thumb Code     0  libspace.o(.text)
    _sys_exit                                0x080003bd   Thumb Code     8  sys_exit.o(.text)
    __I$use$semihosting                      0x080003c9   Thumb Code     0  use_no_semi.o(.text)
    __use_no_semihosting_swi                 0x080003c9   Thumb Code     2  use_no_semi.o(.text)
    __semihosting_library_function           0x080003cb   Thumb Code     0  indicate_semi.o(.text)
    BusFault_Handler                         0x080003cd   Thumb Code     2  stm32wlxx_it.o(.text.BusFault_Handler)
    DebugMon_Handler                         0x080003d1   Thumb Code     2  stm32wlxx_it.o(.text.DebugMon_Handler)
    Error_Handler                            0x080003d5   Thumb Code    10  main.o(.text.Error_Handler)
    HAL_GPIO_Init                            0x080003e1   Thumb Code   414  stm32wlxx_hal_gpio.o(.text.HAL_GPIO_Init)
    HAL_GPIO_WritePin                        0x08000581   Thumb Code    12  stm32wlxx_hal_gpio.o(.text.HAL_GPIO_WritePin)
    HAL_GetTick                              0x0800058d   Thumb Code    12  stm32wlxx_hal.o(.text.HAL_GetTick)
    HAL_IncTick                              0x08000599   Thumb Code    26  stm32wlxx_hal.o(.text.HAL_IncTick)
    HAL_Init                                 0x080005b5   Thumb Code    44  stm32wlxx_hal.o(.text.HAL_Init)
    HAL_InitTick                             0x080005e1   Thumb Code    72  stm32wlxx_hal.o(.text.HAL_InitTick)
    HAL_MspInit                              0x08000629   Thumb Code     2  stm32wlxx_hal_msp.o(.text.HAL_MspInit)
    HAL_NVIC_SetPriority                     0x0800062d   Thumb Code    86  stm32wlxx_hal_cortex.o(.text.HAL_NVIC_SetPriority)
    HAL_NVIC_SetPriorityGrouping             0x08000685   Thumb Code    32  stm32wlxx_hal_cortex.o(.text.HAL_NVIC_SetPriorityGrouping)
    HAL_PWREx_GetVoltageRange                0x080006a5   Thumb Code    16  stm32wlxx_hal_pwr_ex.o(.text.HAL_PWREx_GetVoltageRange)
    HAL_PWR_EnableBkUpAccess                 0x080006b5   Thumb Code    18  stm32wlxx_hal_pwr.o(.text.HAL_PWR_EnableBkUpAccess)
    HAL_RCCEx_PeriphCLKConfig                0x080006c9   Thumb Code   532  stm32wlxx_hal_rcc_ex.o(.text.HAL_RCCEx_PeriphCLKConfig)
    HAL_RCC_ClockConfig                      0x080008dd   Thumb Code   516  stm32wlxx_hal_rcc.o(.text.HAL_RCC_ClockConfig)
    HAL_RCC_GetHCLKFreq                      0x08000ae1   Thumb Code    36  stm32wlxx_hal_rcc.o(.text.HAL_RCC_GetHCLKFreq)
    HAL_RCC_GetPCLK1Freq                     0x08000b05   Thumb Code    56  stm32wlxx_hal_rcc.o(.text.HAL_RCC_GetPCLK1Freq)
    HAL_RCC_GetPCLK2Freq                     0x08000b3d   Thumb Code    56  stm32wlxx_hal_rcc.o(.text.HAL_RCC_GetPCLK2Freq)
    HAL_RCC_GetSysClockFreq                  0x08000b75   Thumb Code   242  stm32wlxx_hal_rcc.o(.text.HAL_RCC_GetSysClockFreq)
    HAL_RCC_OscConfig                        0x08000c69   Thumb Code  1918  stm32wlxx_hal_rcc.o(.text.HAL_RCC_OscConfig)
    HAL_SPI_Init                             0x080013e9   Thumb Code   280  stm32wlxx_hal_spi.o(.text.HAL_SPI_Init)
    HAL_SPI_MspInit                          0x08001501   Thumb Code   102  spi.o(.text.HAL_SPI_MspInit)
    HAL_SYSTICK_Config                       0x08001569   Thumb Code    44  stm32wlxx_hal_cortex.o(.text.HAL_SYSTICK_Config)
    HAL_UARTEx_DisableFifoMode               0x08001595   Thumb Code    54  stm32wlxx_hal_uart_ex.o(.text.HAL_UARTEx_DisableFifoMode)
    HAL_UARTEx_SetRxFifoThreshold            0x080015cd   Thumb Code   140  stm32wlxx_hal_uart_ex.o(.text.HAL_UARTEx_SetRxFifoThreshold)
    HAL_UARTEx_SetTxFifoThreshold            0x08001659   Thumb Code   140  stm32wlxx_hal_uart_ex.o(.text.HAL_UARTEx_SetTxFifoThreshold)
    HAL_UART_Init                            0x080016e5   Thumb Code   204  stm32wlxx_hal_uart.o(.text.HAL_UART_Init)
    HAL_UART_MspInit                         0x080017b1   Thumb Code   138  usart.o(.text.HAL_UART_MspInit)
    HardFault_Handler                        0x0800183d   Thumb Code     2  stm32wlxx_it.o(.text.HardFault_Handler)
    MX_GPIO_Init                             0x08001841   Thumb Code   250  gpio.o(.text.MX_GPIO_Init)
    MX_SPI1_Init                             0x0800193d   Thumb Code    78  spi.o(.text.MX_SPI1_Init)
    MX_USART1_UART_Init                      0x0800198d   Thumb Code   130  usart.o(.text.MX_USART1_UART_Init)
    MemManage_Handler                        0x08001a11   Thumb Code     2  stm32wlxx_it.o(.text.MemManage_Handler)
    NMI_Handler                              0x08001a15   Thumb Code     2  stm32wlxx_it.o(.text.NMI_Handler)
    PendSV_Handler                           0x08001a19   Thumb Code     2  stm32wlxx_it.o(.text.PendSV_Handler)
    SVC_Handler                              0x08001a1d   Thumb Code     2  stm32wlxx_it.o(.text.SVC_Handler)
    SysTick_Handler                          0x08001a21   Thumb Code     4  stm32wlxx_it.o(.text.SysTick_Handler)
    SystemInit                               0x08001a25   Thumb Code     2  system_stm32wlxx.o(.text.SystemInit)
    UART_AdvFeatureConfig                    0x08001a29   Thumb Code   232  stm32wlxx_hal_uart.o(.text.UART_AdvFeatureConfig)
    UART_SetConfig                           0x08001b11   Thumb Code   596  stm32wlxx_hal_uart.o(.text.UART_SetConfig)
    UART_WaitOnFlagUntilTimeout              0x08001d75   Thumb Code   530  stm32wlxx_hal_uart.o(.text.UART_WaitOnFlagUntilTimeout)
    UsageFault_Handler                       0x08001f89   Thumb Code     2  stm32wlxx_it.o(.text.UsageFault_Handler)
    main                                     0x08001f8d   Thumb Code   174  main.o(.text.main)
    AHBPrescTable                            0x08002048   Data          64  system_stm32wlxx.o(.rodata.AHBPrescTable)
    APBPrescTable                            0x08002088   Data          32  system_stm32wlxx.o(.rodata.APBPrescTable)
    MSIRangeTable                            0x080020a8   Data          64  system_stm32wlxx.o(.rodata.MSIRangeTable)
    UARTPrescTable                           0x080020e8   Data          24  stm32wlxx_hal_uart.o(.rodata.UARTPrescTable)
    Region$$Table$$Base                      0x08002120   Number         0  anon$$obj.o(Region$$Table)
    Region$$Table$$Limit                     0x08002140   Number         0  anon$$obj.o(Region$$Table)
    uwTickFreq                               0x20000000   Data           1  stm32wlxx_hal.o(.data..L_MergedGlobals)
    uwTickPrio                               0x20000004   Data           4  stm32wlxx_hal.o(.data..L_MergedGlobals)
    SystemCoreClock                          0x20000008   Data           4  system_stm32wlxx.o(.data.SystemCoreClock)
    __libspace_start                         0x20000010   Data          96  libspace.o(.bss)
    __temporary_stack_top$libspace           0x20000070   Data           0  libspace.o(.bss)
    hspi1                                    0x20000070   Data         100  spi.o(.bss.hspi1)
    huart1                                   0x200000d4   Data         148  usart.o(.bss.huart1)
    uwTick                                   0x20000168   Data           4  stm32wlxx_hal.o(.bss.uwTick)



==============================================================================

Memory Map of the image

  Image Entry point : 0x08000139

  Load Region LR_IROM1 (Base: 0x08000000, Size: 0x00002150, Max: 0x00040000, ABSOLUTE)

    Execution Region ER_IROM1 (Exec base: 0x08000000, Load base: 0x08000000, Size: 0x00002140, Max: 0x00040000, ABSOLUTE)

    Exec Addr    Load Addr    Size         Type   Attr      Idx    E Section Name        Object

    0x08000000   0x08000000   0x00000138   Data   RO            4    RESET               startup_stm32wle5xx.o
    0x08000138   0x08000138   0x00000008   Code   RO          925  * !!!main             c_w.l(__main.o)
    0x08000140   0x08000140   0x00000034   Code   RO         1100    !!!scatter          c_w.l(__scatter.o)
    0x08000174   0x08000174   0x0000001a   Code   RO         1102    !!handler_copy      c_w.l(__scatter_copy.o)
    0x0800018e   0x0800018e   0x00000002   PAD
    0x08000190   0x08000190   0x0000001c   Code   RO         1104    !!handler_zi        c_w.l(__scatter_zi.o)
    0x080001ac   0x080001ac   0x00000002   Code   RO          962    .ARM.Collect$$libinit$$00000000  c_w.l(libinit.o)
    0x080001ae   0x080001ae   0x00000000   Code   RO          975    .ARM.Collect$$libinit$$00000002  c_w.l(libinit2.o)
    0x080001ae   0x080001ae   0x00000000   Code   RO          977    .ARM.Collect$$libinit$$00000004  c_w.l(libinit2.o)
    0x080001ae   0x080001ae   0x00000000   Code   RO          979    .ARM.Collect$$libinit$$00000006  c_w.l(libinit2.o)
    0x080001ae   0x080001ae   0x00000000   Code   RO          982    .ARM.Collect$$libinit$$0000000C  c_w.l(libinit2.o)
    0x080001ae   0x080001ae   0x00000000   Code   RO          984    .ARM.Collect$$libinit$$0000000E  c_w.l(libinit2.o)
    0x080001ae   0x080001ae   0x00000000   Code   RO          986    .ARM.Collect$$libinit$$00000010  c_w.l(libinit2.o)
    0x080001ae   0x080001ae   0x00000000   Code   RO          989    .ARM.Collect$$libinit$$00000013  c_w.l(libinit2.o)
    0x080001ae   0x080001ae   0x00000000   Code   RO          991    .ARM.Collect$$libinit$$00000015  c_w.l(libinit2.o)
    0x080001ae   0x080001ae   0x00000000   Code   RO          993    .ARM.Collect$$libinit$$00000017  c_w.l(libinit2.o)
    0x080001ae   0x080001ae   0x00000000   Code   RO          995    .ARM.Collect$$libinit$$00000019  c_w.l(libinit2.o)
    0x080001ae   0x080001ae   0x00000000   Code   RO          997    .ARM.Collect$$libinit$$0000001B  c_w.l(libinit2.o)
    0x080001ae   0x080001ae   0x00000000   Code   RO          999    .ARM.Collect$$libinit$$0000001D  c_w.l(libinit2.o)
    0x080001ae   0x080001ae   0x00000000   Code   RO         1001    .ARM.Collect$$libinit$$0000001F  c_w.l(libinit2.o)
    0x080001ae   0x080001ae   0x00000000   Code   RO         1003    .ARM.Collect$$libinit$$00000021  c_w.l(libinit2.o)
    0x080001ae   0x080001ae   0x00000000   Code   RO         1005    .ARM.Collect$$libinit$$00000023  c_w.l(libinit2.o)
    0x080001ae   0x080001ae   0x00000000   Code   RO         1007    .ARM.Collect$$libinit$$00000025  c_w.l(libinit2.o)
    0x080001ae   0x080001ae   0x00000000   Code   RO         1009    .ARM.Collect$$libinit$$00000027  c_w.l(libinit2.o)
    0x080001ae   0x080001ae   0x00000000   Code   RO         1013    .ARM.Collect$$libinit$$0000002E  c_w.l(libinit2.o)
    0x080001ae   0x080001ae   0x00000000   Code   RO         1015    .ARM.Collect$$libinit$$00000030  c_w.l(libinit2.o)
    0x080001ae   0x080001ae   0x00000000   Code   RO         1017    .ARM.Collect$$libinit$$00000032  c_w.l(libinit2.o)
    0x080001ae   0x080001ae   0x00000000   Code   RO         1019    .ARM.Collect$$libinit$$00000034  c_w.l(libinit2.o)
    0x080001ae   0x080001ae   0x00000002   Code   RO         1020    .ARM.Collect$$libinit$$00000035  c_w.l(libinit2.o)
    0x080001b0   0x080001b0   0x00000002   Code   RO         1055    .ARM.Collect$$libshutdown$$00000000  c_w.l(libshutdown.o)
    0x080001b2   0x080001b2   0x00000000   Code   RO         1083    .ARM.Collect$$libshutdown$$00000002  c_w.l(libshutdown2.o)
    0x080001b2   0x080001b2   0x00000000   Code   RO         1085    .ARM.Collect$$libshutdown$$00000004  c_w.l(libshutdown2.o)
    0x080001b2   0x080001b2   0x00000000   Code   RO         1088    .ARM.Collect$$libshutdown$$00000007  c_w.l(libshutdown2.o)
    0x080001b2   0x080001b2   0x00000000   Code   RO         1091    .ARM.Collect$$libshutdown$$0000000A  c_w.l(libshutdown2.o)
    0x080001b2   0x080001b2   0x00000000   Code   RO         1093    .ARM.Collect$$libshutdown$$0000000C  c_w.l(libshutdown2.o)
    0x080001b2   0x080001b2   0x00000000   Code   RO         1096    .ARM.Collect$$libshutdown$$0000000F  c_w.l(libshutdown2.o)
    0x080001b2   0x080001b2   0x00000002   Code   RO         1097    .ARM.Collect$$libshutdown$$00000010  c_w.l(libshutdown2.o)
    0x080001b4   0x080001b4   0x00000000   Code   RO          927    .ARM.Collect$$rtentry$$00000000  c_w.l(__rtentry.o)
    0x080001b4   0x080001b4   0x00000000   Code   RO          933    .ARM.Collect$$rtentry$$00000002  c_w.l(__rtentry2.o)
    0x080001b4   0x080001b4   0x00000006   Code   RO          945    .ARM.Collect$$rtentry$$00000004  c_w.l(__rtentry4.o)
    0x080001ba   0x080001ba   0x00000000   Code   RO          935    .ARM.Collect$$rtentry$$00000009  c_w.l(__rtentry2.o)
    0x080001ba   0x080001ba   0x00000004   Code   RO          936    .ARM.Collect$$rtentry$$0000000A  c_w.l(__rtentry2.o)
    0x080001be   0x080001be   0x00000000   Code   RO          938    .ARM.Collect$$rtentry$$0000000C  c_w.l(__rtentry2.o)
    0x080001be   0x080001be   0x00000008   Code   RO          939    .ARM.Collect$$rtentry$$0000000D  c_w.l(__rtentry2.o)
    0x080001c6   0x080001c6   0x00000002   Code   RO          966    .ARM.Collect$$rtexit$$00000000  c_w.l(rtexit.o)
    0x080001c8   0x080001c8   0x00000000   Code   RO         1026    .ARM.Collect$$rtexit$$00000002  c_w.l(rtexit2.o)
    0x080001c8   0x080001c8   0x00000004   Code   RO         1027    .ARM.Collect$$rtexit$$00000003  c_w.l(rtexit2.o)
    0x080001cc   0x080001cc   0x00000006   Code   RO         1028    .ARM.Collect$$rtexit$$00000004  c_w.l(rtexit2.o)
    0x080001d2   0x080001d2   0x00000002   PAD
    0x080001d4   0x080001d4   0x00000040   Code   RO            5    .text               startup_stm32wle5xx.o
    0x08000214   0x08000214   0x000000f0   Code   RO          919    .text               c_w.l(lludivv7m.o)
    0x08000304   0x08000304   0x0000004e   Code   RO          921    .text               c_w.l(rt_memclr_w.o)
    0x08000352   0x08000352   0x00000006   Code   RO          923    .text               c_w.l(heapauxi.o)
    0x08000358   0x08000358   0x0000004a   Code   RO          949    .text               c_w.l(sys_stackheap_outer.o)
    0x080003a2   0x080003a2   0x00000012   Code   RO          951    .text               c_w.l(exit.o)
    0x080003b4   0x080003b4   0x00000008   Code   RO          963    .text               c_w.l(libspace.o)
    0x080003bc   0x080003bc   0x0000000c   Code   RO         1021    .text               c_w.l(sys_exit.o)
    0x080003c8   0x080003c8   0x00000002   Code   RO         1044    .text               c_w.l(use_no_semi.o)
    0x080003ca   0x080003ca   0x00000000   Code   RO         1046    .text               c_w.l(indicate_semi.o)
    0x080003ca   0x080003ca   0x00000002   PAD
    0x080003cc   0x080003cc   0x00000002   Code   RO           71    .text.BusFault_Handler  stm32wlxx_it.o
    0x080003ce   0x080003ce   0x00000002   PAD
    0x080003d0   0x080003d0   0x00000002   Code   RO           77    .text.DebugMon_Handler  stm32wlxx_it.o
    0x080003d2   0x080003d2   0x00000002   PAD
    0x080003d4   0x080003d4   0x0000000a   Code   RO           16    .text.Error_Handler  main.o
    0x080003de   0x080003de   0x00000002   PAD
    0x080003e0   0x080003e0   0x0000019e   Code   RO          236    .text.HAL_GPIO_Init  stm32wlxx_hal_gpio.o
    0x0800057e   0x0800057e   0x00000002   PAD
    0x08000580   0x08000580   0x0000000c   Code   RO          242    .text.HAL_GPIO_WritePin  stm32wlxx_hal_gpio.o
    0x0800058c   0x0800058c   0x0000000c   Code   RO          492    .text.HAL_GetTick   stm32wlxx_hal.o
    0x08000598   0x08000598   0x0000001a   Code   RO          490    .text.HAL_IncTick   stm32wlxx_hal.o
    0x080005b2   0x080005b2   0x00000002   PAD
    0x080005b4   0x080005b4   0x0000002c   Code   RO          480    .text.HAL_Init      stm32wlxx_hal.o
    0x080005e0   0x080005e0   0x00000048   Code   RO          482    .text.HAL_InitTick  stm32wlxx_hal.o
    0x08000628   0x08000628   0x00000002   Code   RO           90    .text.HAL_MspInit   stm32wlxx_hal_msp.o
    0x0800062a   0x0800062a   0x00000002   PAD
    0x0800062c   0x0800062c   0x00000056   Code   RO          436    .text.HAL_NVIC_SetPriority  stm32wlxx_hal_cortex.o
    0x08000682   0x08000682   0x00000002   PAD
    0x08000684   0x08000684   0x00000020   Code   RO          434    .text.HAL_NVIC_SetPriorityGrouping  stm32wlxx_hal_cortex.o
    0x080006a4   0x080006a4   0x00000010   Code   RO          352    .text.HAL_PWREx_GetVoltageRange  stm32wlxx_hal_pwr_ex.o
    0x080006b4   0x080006b4   0x00000012   Code   RO          314    .text.HAL_PWR_EnableBkUpAccess  stm32wlxx_hal_pwr.o
    0x080006c6   0x080006c6   0x00000002   PAD
    0x080006c8   0x080006c8   0x00000214   Code   RO          137    .text.HAL_RCCEx_PeriphCLKConfig  stm32wlxx_hal_rcc_ex.o
    0x080008dc   0x080008dc   0x00000204   Code   RO          104    .text.HAL_RCC_ClockConfig  stm32wlxx_hal_rcc.o
    0x08000ae0   0x08000ae0   0x00000024   Code   RO          102    .text.HAL_RCC_GetHCLKFreq  stm32wlxx_hal_rcc.o
    0x08000b04   0x08000b04   0x00000038   Code   RO          112    .text.HAL_RCC_GetPCLK1Freq  stm32wlxx_hal_rcc.o
    0x08000b3c   0x08000b3c   0x00000038   Code   RO          114    .text.HAL_RCC_GetPCLK2Freq  stm32wlxx_hal_rcc.o
    0x08000b74   0x08000b74   0x000000f2   Code   RO          108    .text.HAL_RCC_GetSysClockFreq  stm32wlxx_hal_rcc.o
    0x08000c66   0x08000c66   0x00000002   PAD
    0x08000c68   0x08000c68   0x0000077e   Code   RO          100    .text.HAL_RCC_OscConfig  stm32wlxx_hal_rcc.o
    0x080013e6   0x080013e6   0x00000002   PAD
    0x080013e8   0x080013e8   0x00000118   Code   RO          582    .text.HAL_SPI_Init  stm32wlxx_hal_spi.o
    0x08001500   0x08001500   0x00000066   Code   RO           37    .text.HAL_SPI_MspInit  spi.o
    0x08001566   0x08001566   0x00000002   PAD
    0x08001568   0x08001568   0x0000002c   Code   RO          446    .text.HAL_SYSTICK_Config  stm32wlxx_hal_cortex.o
    0x08001594   0x08001594   0x00000036   Code   RO          879    .text.HAL_UARTEx_DisableFifoMode  stm32wlxx_hal_uart_ex.o
    0x080015ca   0x080015ca   0x00000002   PAD
    0x080015cc   0x080015cc   0x0000008c   Code   RO          883    .text.HAL_UARTEx_SetRxFifoThreshold  stm32wlxx_hal_uart_ex.o
    0x08001658   0x08001658   0x0000008c   Code   RO          881    .text.HAL_UARTEx_SetTxFifoThreshold  stm32wlxx_hal_uart_ex.o
    0x080016e4   0x080016e4   0x000000cc   Code   RO          717    .text.HAL_UART_Init  stm32wlxx_hal_uart.o
    0x080017b0   0x080017b0   0x0000008a   Code   RO           52    .text.HAL_UART_MspInit  usart.o
    0x0800183a   0x0800183a   0x00000002   PAD
    0x0800183c   0x0800183c   0x00000002   Code   RO           67    .text.HardFault_Handler  stm32wlxx_it.o
    0x0800183e   0x0800183e   0x00000002   PAD
    0x08001840   0x08001840   0x000000fa   Code   RO           26    .text.MX_GPIO_Init  gpio.o
    0x0800193a   0x0800193a   0x00000002   PAD
    0x0800193c   0x0800193c   0x0000004e   Code   RO           35    .text.MX_SPI1_Init  spi.o
    0x0800198a   0x0800198a   0x00000002   PAD
    0x0800198c   0x0800198c   0x00000082   Code   RO           50    .text.MX_USART1_UART_Init  usart.o
    0x08001a0e   0x08001a0e   0x00000002   PAD
    0x08001a10   0x08001a10   0x00000002   Code   RO           69    .text.MemManage_Handler  stm32wlxx_it.o
    0x08001a12   0x08001a12   0x00000002   PAD
    0x08001a14   0x08001a14   0x00000002   Code   RO           65    .text.NMI_Handler   stm32wlxx_it.o
    0x08001a16   0x08001a16   0x00000002   PAD
    0x08001a18   0x08001a18   0x00000002   Code   RO           79    .text.PendSV_Handler  stm32wlxx_it.o
    0x08001a1a   0x08001a1a   0x00000002   PAD
    0x08001a1c   0x08001a1c   0x00000002   Code   RO           75    .text.SVC_Handler   stm32wlxx_it.o
    0x08001a1e   0x08001a1e   0x00000002   PAD
    0x08001a20   0x08001a20   0x00000004   Code   RO           81    .text.SysTick_Handler  stm32wlxx_it.o
    0x08001a24   0x08001a24   0x00000002   Code   RO          902    .text.SystemInit    system_stm32wlxx.o
    0x08001a26   0x08001a26   0x00000002   PAD
    0x08001a28   0x08001a28   0x000000e8   Code   RO          723    .text.UART_AdvFeatureConfig  stm32wlxx_hal_uart.o
    0x08001b10   0x08001b10   0x00000264   Code   RO          721    .text.UART_SetConfig  stm32wlxx_hal_uart.o
    0x08001d74   0x08001d74   0x00000212   Code   RO          739    .text.UART_WaitOnFlagUntilTimeout  stm32wlxx_hal_uart.o
    0x08001f86   0x08001f86   0x00000002   PAD
    0x08001f88   0x08001f88   0x00000002   Code   RO           73    .text.UsageFault_Handler  stm32wlxx_it.o
    0x08001f8a   0x08001f8a   0x00000002   PAD
    0x08001f8c   0x08001f8c   0x000000ae   Code   RO           12    .text.main          main.o
    0x0800203a   0x0800203a   0x00000002   PAD
    0x0800203c   0x0800203c   0x0000000c   Data   RO          128    .rodata..L__const.RCC_SetFlashLatency.FLASH_LATENCY_RANGE  stm32wlxx_hal_rcc.o
    0x08002048   0x08002048   0x00000040   Data   RO          907    .rodata.AHBPrescTable  system_stm32wlxx.o
    0x08002088   0x08002088   0x00000020   Data   RO          908    .rodata.APBPrescTable  system_stm32wlxx.o
    0x080020a8   0x080020a8   0x00000040   Data   RO          909    .rodata.MSIRangeTable  system_stm32wlxx.o
    0x080020e8   0x080020e8   0x00000018   Data   RO          851    .rodata.UARTPrescTable  stm32wlxx_hal_uart.o
    0x08002100   0x08002100   0x00000010   Data   RO          852    .rodata.cst16       stm32wlxx_hal_uart.o
    0x08002110   0x08002110   0x00000010   Data   RO          893    .rodata.cst8        stm32wlxx_hal_uart_ex.o
    0x08002120   0x08002120   0x00000020   Data   RO         1099    Region$$Table       anon$$obj.o


    Execution Region RW_IRAM1 (Exec base: 0x20000000, Load base: 0x08002140, Size: 0x00000770, Max: 0x00008000, ABSOLUTE)

    Exec Addr    Load Addr    Size         Type   Attr      Idx    E Section Name        Object

    0x20000000   0x08002140   0x00000008   Data   RW          547    .data..L_MergedGlobals  stm32wlxx_hal.o
    0x20000008   0x08002148   0x00000004   Data   RW          906    .data.SystemCoreClock  system_stm32wlxx.o
    0x2000000c   0x0800214c   0x00000004   PAD
    0x20000010        -       0x00000060   Zero   RW          964    .bss                c_w.l(libspace.o)
    0x20000070        -       0x00000064   Zero   RW           41    .bss.hspi1          spi.o
    0x200000d4        -       0x00000094   Zero   RW           56    .bss.huart1         usart.o
    0x20000168        -       0x00000004   Zero   RW          546    .bss.uwTick         stm32wlxx_hal.o
    0x2000016c   0x0800214c   0x00000004   PAD
    0x20000170        -       0x00000200   Zero   RW            3    HEAP                startup_stm32wle5xx.o
    0x20000370        -       0x00000400   Zero   RW            2    STACK               startup_stm32wle5xx.o


    Execution Region RW_IRAM2 (Exec base: 0x20008000, Load base: 0x08002150, Size: 0x00008000, Max: 0x00008000, ABSOLUTE)

    Exec Addr    Load Addr    Size         Type   Attr      Idx    E Section Name        Object

    0x20008000        -       0x00008000   Zero   RW            1    RW_IRAM2.bss        anon$$obj.o


==============================================================================

Image component sizes


      Code (inc. data)   RO Data    RW Data    ZI Data      Debug   Object Name

       250          0          0          0          0       2816   gpio.o
       184          0          0          0          0       2797   main.o
       180          0          0          0        100       6097   spi.o
        64         26        312          0       1536        828   startup_stm32wle5xx.o
       154          0          0          8          4      10991   stm32wlxx_hal.o
       162          0          0          0          0      10004   stm32wlxx_hal_cortex.o
       426          0          0          0          0       4743   stm32wlxx_hal_gpio.o
         2          0          0          0          0        417   stm32wlxx_hal_msp.o
        18          0          0          0          0       5347   stm32wlxx_hal_pwr.o
        16          0          0          0          0      10839   stm32wlxx_hal_pwr_ex.o
      2824          0         12          0          0      16022   stm32wlxx_hal_rcc.o
       532          0          0          0          0      13201   stm32wlxx_hal_rcc_ex.o
       280          0          0          0          0      28795   stm32wlxx_hal_spi.o
      1578         48         40          0          0      41735   stm32wlxx_hal_uart.o
       334          0         16          0          0      11485   stm32wlxx_hal_uart_ex.o
        20          0          0          0          0       1182   stm32wlxx_it.o
         2          0        160          4          0       2485   system_stm32wlxx.o
       268          0          0          0        148       7036   usart.o

    ----------------------------------------------------------------------
      7344         74        572         12      34564     176820   Object Totals
         0          0         32          0      32768          0   (incl. Generated)
        50          0          0          0          8          0   (incl. Padding)

    ----------------------------------------------------------------------

      Code (inc. data)   RO Data    RW Data    ZI Data      Debug   Library Member Name

         8          0          0          0          0         68   __main.o
         0          0          0          0          0          0   __rtentry.o
        12          0          0          0          0          0   __rtentry2.o
         6          0          0          0          0          0   __rtentry4.o
        52          8          0          0          0          0   __scatter.o
        26          0          0          0          0          0   __scatter_copy.o
        28          0          0          0          0          0   __scatter_zi.o
        18          0          0          0          0         80   exit.o
         6          0          0          0          0        152   heapauxi.o
         0          0          0          0          0          0   indicate_semi.o
         2          0          0          0          0          0   libinit.o
         2          0          0          0          0          0   libinit2.o
         2          0          0          0          0          0   libshutdown.o
         2          0          0          0          0          0   libshutdown2.o
         8          4          0          0         96         68   libspace.o
       240          0          0          0          0        100   lludivv7m.o
        78          0          0          0          0         80   rt_memclr_w.o
         2          0          0          0          0          0   rtexit.o
        10          0          0          0          0          0   rtexit2.o
        12          4          0          0          0         68   sys_exit.o
        74          0          0          0          0         80   sys_stackheap_outer.o
         2          0          0          0          0         68   use_no_semi.o

    ----------------------------------------------------------------------
       596         16          0          0         96        764   Library Totals
         6          0          0          0          0          0   (incl. Padding)

    ----------------------------------------------------------------------

      Code (inc. data)   RO Data    RW Data    ZI Data      Debug   Library Name

       590         16          0          0         96        764   c_w.l

    ----------------------------------------------------------------------
       596         16          0          0         96        764   Library Totals

    ----------------------------------------------------------------------

==============================================================================


      Code (inc. data)   RO Data    RW Data    ZI Data      Debug   

      7940         90        572         12      34660     177052   Grand Totals
      7940         90        572         12      34660     177052   ELF Image Totals
      7940         90        572         12          0          0   ROM Totals

==============================================================================

    Total RO  Size (Code + RO Data)                 8512 (   8.31kB)
    Total RW  Size (RW Data + ZI Data)             34672 (  33.86kB)
    Total ROM Size (Code + RO Data + RW Data)       8524 (   8.32kB)

==============================================================================

