Component: Arm Compiler for Embedded 6.19 Tool: armlink [5e73cb00]

==============================================================================

Section Cross References

    startup_stm32wle5xx.o(RESET) refers to startup_stm32wle5xx.o(STACK) for __initial_sp
    startup_stm32wle5xx.o(RESET) refers to startup_stm32wle5xx.o(.text) for Reset_Handler
    startup_stm32wle5xx.o(RESET) refers to stm32wlxx_it.o(.text.NMI_Handler) for NMI_Handler
    startup_stm32wle5xx.o(RESET) refers to stm32wlxx_it.o(.text.HardFault_Handler) for HardFault_Handler
    startup_stm32wle5xx.o(RESET) refers to stm32wlxx_it.o(.text.MemManage_Handler) for MemManage_Handler
    startup_stm32wle5xx.o(RESET) refers to stm32wlxx_it.o(.text.BusFault_Handler) for BusFault_Handler
    startup_stm32wle5xx.o(RESET) refers to stm32wlxx_it.o(.text.UsageFault_Handler) for UsageFault_Handler
    startup_stm32wle5xx.o(RESET) refers to stm32wlxx_it.o(.text.SVC_Handler) for SVC_Handler
    startup_stm32wle5xx.o(RESET) refers to stm32wlxx_it.o(.text.DebugMon_Handler) for DebugMon_Handler
    startup_stm32wle5xx.o(RESET) refers to stm32wlxx_it.o(.text.PendSV_Handler) for PendSV_Handler
    startup_stm32wle5xx.o(RESET) refers to stm32wlxx_it.o(.text.SysTick_Handler) for SysTick_Handler
    startup_stm32wle5xx.o(RESET) refers to stm32wlxx_it.o(.text.DMA1_Channel1_IRQHandler) for DMA1_Channel1_IRQHandler
    startup_stm32wle5xx.o(RESET) refers to stm32wlxx_it.o(.text.DMA1_Channel2_IRQHandler) for DMA1_Channel2_IRQHandler
    startup_stm32wle5xx.o(RESET) refers to stm32wlxx_it.o(.text.USART1_IRQHandler) for USART1_IRQHandler
    startup_stm32wle5xx.o(.text) refers to system_stm32wlxx.o(.text.SystemInit) for SystemInit
    startup_stm32wle5xx.o(.text) refers to entry.o(.ARM.Collect$$$$00000000) for __main
    main.o(.text.__io_putchar) refers to usart.o(.bss.huart1) for huart1
    main.o(.text.__io_putchar) refers to stm32wlxx_hal_uart.o(.text.HAL_UART_Transmit) for HAL_UART_Transmit
    main.o(.ARM.exidx.text.__io_putchar) refers to main.o(.text.__io_putchar) for [Anonymous Symbol]
    main.o(.text.main) refers to stm32wlxx_hal.o(.text.HAL_Init) for HAL_Init
    main.o(.text.main) refers to memseta.o(.text) for __aeabi_memclr4
    main.o(.text.main) refers to stm32wlxx_hal_rcc.o(.text.HAL_RCC_OscConfig) for HAL_RCC_OscConfig
    main.o(.text.main) refers to stm32wlxx_hal_rcc.o(.text.HAL_RCC_ClockConfig) for HAL_RCC_ClockConfig
    main.o(.text.main) refers to gpio.o(.text.MX_GPIO_Init) for MX_GPIO_Init
    main.o(.text.main) refers to dma.o(.text.MX_DMA_Init) for MX_DMA_Init
    main.o(.text.main) refers to usart.o(.text.MX_USART1_UART_Init) for MX_USART1_UART_Init
    main.o(.text.main) refers to stm32wlxx_hal_gpio.o(.text.HAL_GPIO_TogglePin) for HAL_GPIO_TogglePin
    main.o(.text.main) refers to stm32wlxx_hal.o(.text.HAL_Delay) for HAL_Delay
    main.o(.ARM.exidx.text.main) refers to main.o(.text.main) for [Anonymous Symbol]
    main.o(.text.SystemClock_Config) refers to memseta.o(.text) for __aeabi_memclr4
    main.o(.text.SystemClock_Config) refers to stm32wlxx_hal_rcc.o(.text.HAL_RCC_OscConfig) for HAL_RCC_OscConfig
    main.o(.text.SystemClock_Config) refers to stm32wlxx_hal_rcc.o(.text.HAL_RCC_ClockConfig) for HAL_RCC_ClockConfig
    main.o(.ARM.exidx.text.SystemClock_Config) refers to main.o(.text.SystemClock_Config) for [Anonymous Symbol]
    main.o(.ARM.exidx.text.Error_Handler) refers to main.o(.text.Error_Handler) for [Anonymous Symbol]
    gpio.o(.text.MX_GPIO_Init) refers to stm32wlxx_hal_gpio.o(.text.HAL_GPIO_WritePin) for HAL_GPIO_WritePin
    gpio.o(.text.MX_GPIO_Init) refers to stm32wlxx_hal_gpio.o(.text.HAL_GPIO_Init) for HAL_GPIO_Init
    gpio.o(.ARM.exidx.text.MX_GPIO_Init) refers to gpio.o(.text.MX_GPIO_Init) for [Anonymous Symbol]
    dma.o(.text.MX_DMA_Init) refers to stm32wlxx_hal_cortex.o(.text.HAL_NVIC_SetPriority) for HAL_NVIC_SetPriority
    dma.o(.text.MX_DMA_Init) refers to stm32wlxx_hal_cortex.o(.text.HAL_NVIC_EnableIRQ) for HAL_NVIC_EnableIRQ
    dma.o(.ARM.exidx.text.MX_DMA_Init) refers to dma.o(.text.MX_DMA_Init) for [Anonymous Symbol]
    usart.o(.text.MX_USART1_UART_Init) refers to usart.o(.bss.huart1) for huart1
    usart.o(.text.MX_USART1_UART_Init) refers to stm32wlxx_hal_uart.o(.text.HAL_UART_Init) for HAL_UART_Init
    usart.o(.text.MX_USART1_UART_Init) refers to main.o(.text.Error_Handler) for Error_Handler
    usart.o(.text.MX_USART1_UART_Init) refers to stm32wlxx_hal_uart_ex.o(.text.HAL_UARTEx_SetTxFifoThreshold) for HAL_UARTEx_SetTxFifoThreshold
    usart.o(.text.MX_USART1_UART_Init) refers to stm32wlxx_hal_uart_ex.o(.text.HAL_UARTEx_SetRxFifoThreshold) for HAL_UARTEx_SetRxFifoThreshold
    usart.o(.text.MX_USART1_UART_Init) refers to stm32wlxx_hal_uart_ex.o(.text.HAL_UARTEx_DisableFifoMode) for HAL_UARTEx_DisableFifoMode
    usart.o(.text.MX_USART1_UART_Init) refers to usart.o(.bss.USART1_RX_BUF) for USART1_RX_BUF
[...]
    Removing stm32wlxx_hal_rcc_ex.o(.ARM.exidx.text.HAL_RCCEx_EnableLSECSS), (8 bytes).
    Removing stm32wlxx_hal_rcc_ex.o(.text.HAL_RCCEx_DisableLSECSS), (24 bytes).
    Removing stm32wlxx_hal_rcc_ex.o(.ARM.exidx.text.HAL_RCCEx_DisableLSECSS), (8 bytes).
    Removing stm32wlxx_hal_rcc_ex.o(.text.HAL_RCCEx_EnableLSECSS_IT), (40 bytes).
    Removing stm32wlxx_hal_rcc_ex.o(.ARM.exidx.text.HAL_RCCEx_EnableLSECSS_IT), (8 bytes).
    Removing stm32wlxx_hal_rcc_ex.o(.text.HAL_RCCEx_LSECSS_IRQHandler), (18 bytes).
    Removing stm32wlxx_hal_rcc_ex.o(.ARM.exidx.text.HAL_RCCEx_LSECSS_IRQHandler), (8 bytes).
    Removing stm32wlxx_hal_rcc_ex.o(.text.HAL_RCCEx_LSECSS_Callback), (2 bytes).
    Removing stm32wlxx_hal_rcc_ex.o(.ARM.exidx.text.HAL_RCCEx_LSECSS_Callback), (8 bytes).
    Removing stm32wlxx_hal_rcc_ex.o(.text.HAL_RCCEx_EnableLSCO), (22 bytes).
    Removing stm32wlxx_hal_rcc_ex.o(.ARM.exidx.text.HAL_RCCEx_EnableLSCO), (8 bytes).
    Removing stm32wlxx_hal_rcc_ex.o(.text.HAL_RCCEx_DisableLSCO), (16 bytes).
    Removing stm32wlxx_hal_rcc_ex.o(.ARM.exidx.text.HAL_RCCEx_DisableLSCO), (8 bytes).
    Removing stm32wlxx_hal_rcc_ex.o(.text.HAL_RCCEx_EnableMSIPLLMode), (14 bytes).
    Removing stm32wlxx_hal_rcc_ex.o(.ARM.exidx.text.HAL_RCCEx_EnableMSIPLLMode), (8 bytes).
    Removing stm32wlxx_hal_rcc_ex.o(.text.HAL_RCCEx_DisableMSIPLLMode), (14 bytes).
    Removing stm32wlxx_hal_rcc_ex.o(.ARM.exidx.text.HAL_RCCEx_DisableMSIPLLMode), (8 bytes).
    Removing stm32wlxx_hal_flash.o(.text), (0 bytes).
    Removing stm32wlxx_hal_flash.o(.text.HAL_FLASH_Program), (402 bytes).
    Removing stm32wlxx_hal_flash.o(.ARM.exidx.text.HAL_FLASH_Program), (8 bytes).
    Removing stm32wlxx_hal_flash.o(.text.FLASH_WaitForLastOperation), (96 bytes).
    Removing stm32wlxx_hal_flash.o(.ARM.exidx.text.FLASH_WaitForLastOperation), (8 bytes).
    Removing stm32wlxx_hal_flash.o(.text.HAL_FLASH_Program_IT), (328 bytes).
    Removing stm32wlxx_hal_flash.o(.ARM.exidx.text.HAL_FLASH_Program_IT), (8 bytes).
    Removing stm32wlxx_hal_flash.o(.text.HAL_FLASH_IRQHandler), (164 bytes).
    Removing stm32wlxx_hal_flash.o(.ARM.exidx.text.HAL_FLASH_IRQHandler), (8 bytes).
    Removing stm32wlxx_hal_flash.o(.text.HAL_FLASH_OperationErrorCallback), (2 bytes).
    Removing stm32wlxx_hal_flash.o(.ARM.exidx.text.HAL_FLASH_OperationErrorCallback), (8 bytes).
    Removing stm32wlxx_hal_flash.o(.text.HAL_FLASH_EndOfOperationCallback), (2 bytes).
    Removing stm32wlxx_hal_flash.o(.ARM.exidx.text.HAL_FLASH_EndOfOperationCallback), (8 bytes).
    Removing stm32wlxx_hal_flash.o(.text.HAL_FLASH_Unlock), (46 bytes).
    Removing stm32wlxx_hal_flash.o(.ARM.exidx.text.HAL_FLASH_Unlock), (8 bytes).
    Removing stm32wlxx_hal_flash.o(.text.HAL_FLASH_Lock), (24 bytes).
    Removing stm32wlxx_hal_flash.o(.ARM.exidx.text.HAL_FLASH_Lock), (8 bytes).
    Removing stm32wlxx_hal_flash.o(.text.HAL_FLASH_OB_Unlock), (42 bytes).
    Removing stm32wlxx_hal_flash.o(.ARM.exidx.text.HAL_FLASH_OB_Unlock), (8 bytes).
    Removing stm32wlxx_hal_flash.o(.text.HAL_FLASH_OB_Lock), (26 bytes).
    Removing stm32wlxx_hal_flash.o(.ARM.exidx.text.HAL_FLASH_OB_Lock), (8 bytes).
    Removing stm32wlxx_hal_flash.o(.text.HAL_FLASH_OB_Launch), (20 bytes).
    Removing stm32wlxx_hal_flash.o(.ARM.exidx.text.HAL_FLASH_OB_Launch), (8 bytes).
    Removing stm32wlxx_hal_flash.o(.text.HAL_FLASH_GetError), (12 bytes).
    Removing stm32wlxx_hal_flash.o(.ARM.exidx.text.HAL_FLASH_GetError), (8 bytes).
    Removing stm32wlxx_hal_flash.o(.bss.pFlash), (24 bytes).
    Removing stm32wlxx_hal_flash_ex.o(.text), (0 bytes).
    Removing stm32wlxx_hal_flash_ex.o(.text.HAL_FLASHEx_Erase), (228 bytes).
    Removing stm32wlxx_hal_flash_ex.o(.ARM.exidx.text.HAL_FLASHEx_Erase), (8 bytes).
    Removing stm32wlxx_hal_flash_ex.o(.text.FLASH_PageErase), (36 bytes).
    Removing stm32wlxx_hal_flash_ex.o(.ARM.exidx.text.FLASH_PageErase), (8 bytes).
    Removing stm32wlxx_hal_flash_ex.o(.text.HAL_FLASHEx_Erase_IT), (124 bytes).
    Removing stm32wlxx_hal_flash_ex.o(.ARM.exidx.text.HAL_FLASHEx_Erase_IT), (8 bytes).
    Removing stm32wlxx_hal_flash_ex.o(.text.HAL_FLASHEx_OBProgram), (328 bytes).
    Removing stm32wlxx_hal_flash_ex.o(.ARM.exidx.text.HAL_FLASHEx_OBProgram), (8 bytes).
    Removing stm32wlxx_hal_flash_ex.o(.text.HAL_FLASHEx_OBGetConfig), (138 bytes).
    Removing stm32wlxx_hal_flash_ex.o(.ARM.exidx.text.HAL_FLASHEx_OBGetConfig), (8 bytes).
    Removing stm32wlxx_hal_flash_ex.o(.text.HAL_FLASHEx_FlashEmptyCheck), (16 bytes).
    Removing stm32wlxx_hal_flash_ex.o(.ARM.exidx.text.HAL_FLASHEx_FlashEmptyCheck), (8 bytes).
    Removing stm32wlxx_hal_flash_ex.o(.text.HAL_FLASHEx_ForceFlashEmpty), (20 bytes).
    Removing stm32wlxx_hal_flash_ex.o(.ARM.exidx.text.HAL_FLASHEx_ForceFlashEmpty), (8 bytes).
    Removing stm32wlxx_hal_flash_ex.o(.text.HAL_FLASHEx_SuspendOperation), (18 bytes).
    Removing stm32wlxx_hal_flash_ex.o(.ARM.exidx.text.HAL_FLASHEx_SuspendOperation), (8 bytes).
    Removing stm32wlxx_hal_flash_ex.o(.text.HAL_FLASHEx_AllowOperation), (18 bytes).
    Removing stm32wlxx_hal_flash_ex.o(.ARM.exidx.text.HAL_FLASHEx_AllowOperation), (8 bytes).
    Removing stm32wlxx_hal_flash_ex.o(.text.HAL_FLASHEx_IsOperationSuspended), (16 bytes).
    Removing stm32wlxx_hal_flash_ex.o(.ARM.exidx.text.HAL_FLASHEx_IsOperationSuspended), (8 bytes).
    Removing stm32wlxx_hal_gpio.o(.text), (0 bytes).
    Removing stm32wlxx_hal_gpio.o(.ARM.exidx.text.HAL_GPIO_Init), (8 bytes).
    Removing stm32wlxx_hal_gpio.o(.text.HAL_GPIO_DeInit), (290 bytes).
    Removing stm32wlxx_hal_gpio.o(.ARM.exidx.text.HAL_GPIO_DeInit), (8 bytes).
    Removing stm32wlxx_hal_gpio.o(.text.HAL_GPIO_ReadPin), (10 bytes).
    Removing stm32wlxx_hal_gpio.o(.ARM.exidx.text.HAL_GPIO_ReadPin), (8 bytes).
    Removing stm32wlxx_hal_gpio.o(.ARM.exidx.text.HAL_GPIO_WritePin), (8 bytes).
    Removing stm32wlxx_hal_gpio.o(.text.HAL_GPIO_WriteMultipleStatePin), (8 bytes).
    Removing stm32wlxx_hal_gpio.o(.ARM.exidx.text.HAL_GPIO_WriteMultipleStatePin), (8 bytes).
    Removing stm32wlxx_hal_gpio.o(.ARM.exidx.text.HAL_GPIO_TogglePin), (8 bytes).
    Removing stm32wlxx_hal_gpio.o(.text.HAL_GPIO_LockPin), (40 bytes).
    Removing stm32wlxx_hal_gpio.o(.ARM.exidx.text.HAL_GPIO_LockPin), (8 bytes).
    Removing stm32wlxx_hal_gpio.o(.text.HAL_GPIO_EXTI_IRQHandler), (22 bytes).
    Removing stm32wlxx_hal_gpio.o(.ARM.exidx.text.HAL_GPIO_EXTI_IRQHandler), (8 bytes).
    Removing stm32wlxx_hal_gpio.o(.text.HAL_GPIO_EXTI_Callback), (2 bytes).
    Removing stm32wlxx_hal_gpio.o(.ARM.exidx.text.HAL_GPIO_EXTI_Callback), (8 bytes).
    Removing stm32wlxx_hal_dma.o(.text), (0 bytes).
    Removing stm32wlxx_hal_dma.o(.ARM.exidx.text.HAL_DMA_Init), (8 bytes).
    Removing stm32wlxx_hal_dma.o(.text.HAL_DMA_DeInit), (252 bytes).
    Removing stm32wlxx_hal_dma.o(.ARM.exidx.text.HAL_DMA_DeInit), (8 bytes).
    Removing stm32wlxx_hal_dma.o(.text.HAL_DMA_Start), (158 bytes).
    Removing stm32wlxx_hal_dma.o(.ARM.exidx.text.HAL_DMA_Start), (8 bytes).
    Removing stm32wlxx_hal_dma.o(.ARM.exidx.text.HAL_DMA_Start_IT), (8 bytes).
    Removing stm32wlxx_hal_dma.o(.ARM.exidx.text.HAL_DMA_Abort), (8 bytes).
    Removing stm32wlxx_hal_dma.o(.ARM.exidx.text.HAL_DMA_Abort_IT), (8 bytes).
    Removing stm32wlxx_hal_dma.o(.text.HAL_DMA_PollForTransfer), (364 bytes).
    Removing stm32wlxx_hal_dma.o(.ARM.exidx.text.HAL_DMA_PollForTransfer), (8 bytes).
    Removing stm32wlxx_hal_dma.o(.ARM.exidx.text.HAL_DMA_IRQHandler), (8 bytes).
    Removing stm32wlxx_hal_dma.o(.text.HAL_DMA_RegisterCallback), (86 bytes).
    Removing stm32wlxx_hal_dma.o(.ARM.exidx.text.HAL_DMA_RegisterCallback), (8 bytes).
    Removing stm32wlxx_hal_dma.o(.text.HAL_DMA_UnRegisterCallback), (120 bytes).
    Removing stm32wlxx_hal_dma.o(.ARM.exidx.text.HAL_DMA_UnRegisterCallback), (8 bytes).
    Removing stm32wlxx_hal_dma.o(.text.HAL_DMA_GetState), (6 bytes).
    Removing stm32wlxx_hal_dma.o(.ARM.exidx.text.HAL_DMA_GetState), (8 bytes).
    Removing stm32wlxx_hal_dma.o(.ARM.exidx.text.HAL_DMA_GetError), (8 bytes).
    Removing stm32wlxx_hal_dma_ex.o(.text), (0 bytes).
    Removing stm32wlxx_hal_dma_ex.o(.text.HAL_DMAEx_ConfigMuxSync), (92 bytes).
    Removing stm32wlxx_hal_dma_ex.o(.ARM.exidx.text.HAL_DMAEx_ConfigMuxSync), (8 bytes).
    Removing stm32wlxx_hal_dma_ex.o(.text.HAL_DMAEx_ConfigMuxRequestGenerator), (84 bytes).
    Removing stm32wlxx_hal_dma_ex.o(.ARM.exidx.text.HAL_DMAEx_ConfigMuxRequestGenerator), (8 bytes).
    Removing stm32wlxx_hal_dma_ex.o(.text.HAL_DMAEx_EnableMuxRequestGenerator), (28 bytes).
    Removing stm32wlxx_hal_dma_ex.o(.ARM.exidx.text.HAL_DMAEx_EnableMuxRequestGenerator), (8 bytes).
    Removing stm32wlxx_hal_dma_ex.o(.text.HAL_DMAEx_DisableMuxRequestGenerator), (28 bytes).
    Removing stm32wlxx_hal_dma_ex.o(.ARM.exidx.text.HAL_DMAEx_DisableMuxRequestGenerator), (8 bytes).
    Removing stm32wlxx_hal_dma_ex.o(.text.HAL_DMAEx_MUX_IRQHandler), (98 bytes).
    Removing stm32wlxx_hal_dma_ex.o(.ARM.exidx.text.HAL_DMAEx_MUX_IRQHandler), (8 bytes).
    Removing stm32wlxx_hal_pwr.o(.text), (0 bytes).
    Removing stm32wlxx_hal_pwr.o(.text.HAL_PWR_DeInit), (58 bytes).
    Removing stm32wlxx_hal_pwr.o(.ARM.exidx.text.HAL_PWR_DeInit), (8 bytes).
    Removing stm32wlxx_hal_pwr.o(.ARM.exidx.text.HAL_PWR_EnableBkUpAccess), (8 bytes).
    Removing stm32wlxx_hal_pwr.o(.text.HAL_PWR_DisableBkUpAccess), (18 bytes).
    Removing stm32wlxx_hal_pwr.o(.ARM.exidx.text.HAL_PWR_DisableBkUpAccess), (8 bytes).
    Removing stm32wlxx_hal_pwr.o(.text.HAL_PWR_ConfigPVD), (128 bytes).
    Removing stm32wlxx_hal_pwr.o(.ARM.exidx.text.HAL_PWR_ConfigPVD), (8 bytes).
    Removing stm32wlxx_hal_pwr.o(.text.HAL_PWR_EnablePVD), (18 bytes).
    Removing stm32wlxx_hal_pwr.o(.ARM.exidx.text.HAL_PWR_EnablePVD), (8 bytes).
    Removing stm32wlxx_hal_pwr.o(.text.HAL_PWR_DisablePVD), (18 bytes).
    Removing stm32wlxx_hal_pwr.o(.ARM.exidx.text.HAL_PWR_DisablePVD), (8 bytes).
    Removing stm32wlxx_hal_pwr.o(.text.HAL_PWR_EnableWakeUpPin), (30 bytes).
    Removing stm32wlxx_hal_pwr.o(.ARM.exidx.text.HAL_PWR_EnableWakeUpPin), (8 bytes).
    Removing stm32wlxx_hal_pwr.o(.text.HAL_PWR_DisableWakeUpPin), (24 bytes).
    Removing stm32wlxx_hal_pwr.o(.ARM.exidx.text.HAL_PWR_DisableWakeUpPin), (8 bytes).
    Removing stm32wlxx_hal_pwr.o(.text.HAL_PWR_EnterSLEEPMode), (76 bytes).
    Removing stm32wlxx_hal_pwr.o(.ARM.exidx.text.HAL_PWR_EnterSLEEPMode), (8 bytes).
    Removing stm32wlxx_hal_pwr.o(.text.HAL_PWR_EnterSTOPMode), (16 bytes).
    Removing stm32wlxx_hal_pwr.o(.ARM.exidx.text.HAL_PWR_EnterSTOPMode), (8 bytes).
    Removing stm32wlxx_hal_pwr.o(.text.HAL_PWR_EnterSTANDBYMode), (38 bytes).
    Removing stm32wlxx_hal_pwr.o(.ARM.exidx.text.HAL_PWR_EnterSTANDBYMode), (8 bytes).
    Removing stm32wlxx_hal_pwr.o(.text.HAL_PWR_EnableSleepOnExit), (18 bytes).
    Removing stm32wlxx_hal_pwr.o(.ARM.exidx.text.HAL_PWR_EnableSleepOnExit), (8 bytes).
    Removing stm32wlxx_hal_pwr.o(.text.HAL_PWR_DisableSleepOnExit), (18 bytes).
    Removing stm32wlxx_hal_pwr.o(.ARM.exidx.text.HAL_PWR_DisableSleepOnExit), (8 bytes).
    Removing stm32wlxx_hal_pwr.o(.text.HAL_PWR_EnableSEVOnPend), (18 bytes).
    Removing stm32wlxx_hal_pwr.o(.ARM.exidx.text.HAL_PWR_EnableSEVOnPend), (8 bytes).
    Removing stm32wlxx_hal_pwr.o(.text.HAL_PWR_DisableSEVOnPend), (18 bytes).
    Removing stm32wlxx_hal_pwr.o(.ARM.exidx.text.HAL_PWR_DisableSEVOnPend), (8 bytes).
    Removing stm32wlxx_hal_pwr.o(.text.HAL_PWR_PVDCallback), (2 bytes).
    Removing stm32wlxx_hal_pwr.o(.ARM.exidx.text.HAL_PWR_PVDCallback), (8 bytes).
    Removing stm32wlxx_hal_pwr_ex.o(.text), (0 bytes).
    Removing stm32wlxx_hal_pwr_ex.o(.ARM.exidx.text.HAL_PWREx_GetVoltageRange), (8 bytes).
    Removing stm32wlxx_hal_pwr_ex.o(.text.HAL_PWREx_ControlVoltageScaling), (140 bytes).
    Removing stm32wlxx_hal_pwr_ex.o(.ARM.exidx.text.HAL_PWREx_ControlVoltageScaling), (8 bytes).
    Removing stm32wlxx_hal_pwr_ex.o(.text.HAL_PWREx_EnableBatteryCharging), (28 bytes).
    Removing stm32wlxx_hal_pwr_ex.o(.ARM.exidx.text.HAL_PWREx_EnableBatteryCharging), (8 bytes).
    Removing stm32wlxx_hal_pwr_ex.o(.text.HAL_PWREx_DisableBatteryCharging), (18 bytes).
    Removing stm32wlxx_hal_pwr_ex.o(.ARM.exidx.text.HAL_PWREx_DisableBatteryCharging), (8 bytes).
    Removing stm32wlxx_hal_pwr_ex.o(.text.HAL_PWREx_EnableInternalWakeUpLine), (18 bytes).
    Removing stm32wlxx_hal_pwr_ex.o(.ARM.exidx.text.HAL_PWREx_EnableInternalWakeUpLine), (8 bytes).
    Removing stm32wlxx_hal_pwr_ex.o(.text.HAL_PWREx_DisableInternalWakeUpLine), (18 bytes).
    Removing stm32wlxx_hal_pwr_ex.o(.ARM.exidx.text.HAL_PWREx_DisableInternalWakeUpLine), (8 bytes).
    Removing stm32wlxx_hal_pwr_ex.o(.text.HAL_PWREx_SetRadioBusyPolarity), (20 bytes).
    Removing stm32wlxx_hal_pwr_ex.o(.ARM.exidx.text.HAL_PWREx_SetRadioBusyPolarity), (8 bytes).
    Removing stm32wlxx_hal_pwr_ex.o(.text.HAL_PWREx_SetRadioBusyTrigger), (20 bytes).
    Removing stm32wlxx_hal_pwr_ex.o(.ARM.exidx.text.HAL_PWREx_SetRadioBusyTrigger), (8 bytes).
    Removing stm32wlxx_hal_pwr_ex.o(.text.HAL_PWREx_SetRadioIRQTrigger), (20 bytes).
    Removing stm32wlxx_hal_pwr_ex.o(.ARM.exidx.text.HAL_PWREx_SetRadioIRQTrigger), (8 bytes).
    Removing stm32wlxx_hal_pwr_ex.o(.text.HAL_PWREx_EnableGPIOPullUp), (124 bytes).
    Removing stm32wlxx_hal_pwr_ex.o(.ARM.exidx.text.HAL_PWREx_EnableGPIOPullUp), (8 bytes).
    Removing stm32wlxx_hal_pwr_ex.o(.text.HAL_PWREx_DisableGPIOPullUp), (122 bytes).
    Removing stm32wlxx_hal_pwr_ex.o(.ARM.exidx.text.HAL_PWREx_DisableGPIOPullUp), (8 bytes).
    Removing stm32wlxx_hal_pwr_ex.o(.text.HAL_PWREx_EnableGPIOPullDown), (146 bytes).
    Removing stm32wlxx_hal_pwr_ex.o(.ARM.exidx.text.HAL_PWREx_EnableGPIOPullDown), (8 bytes).
    Removing stm32wlxx_hal_pwr_ex.o(.text.HAL_PWREx_DisableGPIOPullDown), (64 bytes).
    Removing stm32wlxx_hal_pwr_ex.o(.ARM.exidx.text.HAL_PWREx_DisableGPIOPullDown), (8 bytes).
    Removing stm32wlxx_hal_pwr_ex.o(.text.HAL_PWREx_EnablePullUpPullDownConfig), (18 bytes).
    Removing stm32wlxx_hal_pwr_ex.o(.ARM.exidx.text.HAL_PWREx_EnablePullUpPullDownConfig), (8 bytes).
    Removing stm32wlxx_hal_pwr_ex.o(.text.HAL_PWREx_DisablePullUpPullDownConfig), (18 bytes).
    Removing stm32wlxx_hal_pwr_ex.o(.ARM.exidx.text.HAL_PWREx_DisablePullUpPullDownConfig), (8 bytes).
    Removing stm32wlxx_hal_pwr_ex.o(.text.HAL_PWREx_EnableSRAMRetention), (18 bytes).
    Removing stm32wlxx_hal_pwr_ex.o(.ARM.exidx.text.HAL_PWREx_EnableSRAMRetention), (8 bytes).
    Removing stm32wlxx_hal_pwr_ex.o(.text.HAL_PWREx_DisableSRAMRetention), (18 bytes).
    Removing stm32wlxx_hal_pwr_ex.o(.ARM.exidx.text.HAL_PWREx_DisableSRAMRetention), (8 bytes).
    Removing stm32wlxx_hal_pwr_ex.o(.text.HAL_PWREx_EnableFlashPowerDown), (26 bytes).
    Removing stm32wlxx_hal_pwr_ex.o(.ARM.exidx.text.HAL_PWREx_EnableFlashPowerDown), (8 bytes).
    Removing stm32wlxx_hal_pwr_ex.o(.text.HAL_PWREx_DisableFlashPowerDown), (18 bytes).
    Removing stm32wlxx_hal_pwr_ex.o(.ARM.exidx.text.HAL_PWREx_DisableFlashPowerDown), (8 bytes).
    Removing stm32wlxx_hal_pwr_ex.o(.text.HAL_PWREx_EnableWPVD), (18 bytes).
    Removing stm32wlxx_hal_pwr_ex.o(.ARM.exidx.text.HAL_PWREx_EnableWPVD), (8 bytes).
    Removing stm32wlxx_hal_pwr_ex.o(.text.HAL_PWREx_DisableWPVD), (18 bytes).
    Removing stm32wlxx_hal_pwr_ex.o(.ARM.exidx.text.HAL_PWREx_DisableWPVD), (8 bytes).
    Removing stm32wlxx_hal_pwr_ex.o(.text.HAL_PWREx_EnableBORPVD_ULP), (18 bytes).
    Removing stm32wlxx_hal_pwr_ex.o(.ARM.exidx.text.HAL_PWREx_EnableBORPVD_ULP), (8 bytes).
    Removing stm32wlxx_hal_pwr_ex.o(.text.HAL_PWREx_DisableBORPVD_ULP), (18 bytes).
    Removing stm32wlxx_hal_pwr_ex.o(.ARM.exidx.text.HAL_PWREx_DisableBORPVD_ULP), (8 bytes).
    Removing stm32wlxx_hal_pwr_ex.o(.text.HAL_PWREx_EnablePVM3), (18 bytes).
    Removing stm32wlxx_hal_pwr_ex.o(.ARM.exidx.text.HAL_PWREx_EnablePVM3), (8 bytes).
    Removing stm32wlxx_hal_pwr_ex.o(.text.HAL_PWREx_DisablePVM3), (18 bytes).
    Removing stm32wlxx_hal_pwr_ex.o(.ARM.exidx.text.HAL_PWREx_DisablePVM3), (8 bytes).
    Removing stm32wlxx_hal_pwr_ex.o(.text.HAL_PWREx_ConfigPVM), (96 bytes).
    Removing stm32wlxx_hal_pwr_ex.o(.ARM.exidx.text.HAL_PWREx_ConfigPVM), (8 bytes).
    Removing stm32wlxx_hal_pwr_ex.o(.text.HAL_PWREx_SetRadioEOL), (20 bytes).
    Removing stm32wlxx_hal_pwr_ex.o(.ARM.exidx.text.HAL_PWREx_SetRadioEOL), (8 bytes).
    Removing stm32wlxx_hal_pwr_ex.o(.text.HAL_PWREx_SMPS_SetMode), (20 bytes).
    Removing stm32wlxx_hal_pwr_ex.o(.ARM.exidx.text.HAL_PWREx_SMPS_SetMode), (8 bytes).
    Removing stm32wlxx_hal_pwr_ex.o(.text.HAL_PWREx_SMPS_GetEffectiveMode), (20 bytes).
    Removing stm32wlxx_hal_pwr_ex.o(.ARM.exidx.text.HAL_PWREx_SMPS_GetEffectiveMode), (8 bytes).
    Removing stm32wlxx_hal_pwr_ex.o(.text.HAL_PWREx_EnableLowPowerRunMode), (18 bytes).
    Removing stm32wlxx_hal_pwr_ex.o(.ARM.exidx.text.HAL_PWREx_EnableLowPowerRunMode), (8 bytes).
    Removing stm32wlxx_hal_pwr_ex.o(.text.HAL_PWREx_DisableLowPowerRunMode), (102 bytes).
    Removing stm32wlxx_hal_pwr_ex.o(.ARM.exidx.text.HAL_PWREx_DisableLowPowerRunMode), (8 bytes).
    Removing stm32wlxx_hal_pwr_ex.o(.text.HAL_PWREx_EnterSTOP0Mode), (54 bytes).
    Removing stm32wlxx_hal_pwr_ex.o(.ARM.exidx.text.HAL_PWREx_EnterSTOP0Mode), (8 bytes).
    Removing stm32wlxx_hal_pwr_ex.o(.text.HAL_PWREx_EnterSTOP1Mode), (60 bytes).
    Removing stm32wlxx_hal_pwr_ex.o(.ARM.exidx.text.HAL_PWREx_EnterSTOP1Mode), (8 bytes).
    Removing stm32wlxx_hal_pwr_ex.o(.text.HAL_PWREx_EnterSTOP2Mode), (60 bytes).
    Removing stm32wlxx_hal_pwr_ex.o(.ARM.exidx.text.HAL_PWREx_EnterSTOP2Mode), (8 bytes).
    Removing stm32wlxx_hal_pwr_ex.o(.text.HAL_PWREx_EnterSHUTDOWNMode), (36 bytes).
    Removing stm32wlxx_hal_pwr_ex.o(.ARM.exidx.text.HAL_PWREx_EnterSHUTDOWNMode), (8 bytes).
    Removing stm32wlxx_hal_pwr_ex.o(.text.HAL_PWREx_PVD_PVM_IRQHandler), (46 bytes).
    Removing stm32wlxx_hal_pwr_ex.o(.ARM.exidx.text.HAL_PWREx_PVD_PVM_IRQHandler), (8 bytes).
    Removing stm32wlxx_hal_pwr_ex.o(.text.HAL_PWREx_PVM3Callback), (2 bytes).
    Removing stm32wlxx_hal_pwr_ex.o(.ARM.exidx.text.HAL_PWREx_PVM3Callback), (8 bytes).
    Removing stm32wlxx_hal_cortex.o(.text), (0 bytes).
    Removing stm32wlxx_hal_cortex.o(.ARM.exidx.text.HAL_NVIC_SetPriorityGrouping), (8 bytes).
    Removing stm32wlxx_hal_cortex.o(.ARM.exidx.text.HAL_NVIC_SetPriority), (8 bytes).
    Removing stm32wlxx_hal_cortex.o(.ARM.exidx.text.HAL_NVIC_EnableIRQ), (8 bytes).
    Removing stm32wlxx_hal_cortex.o(.text.HAL_NVIC_DisableIRQ), (46 bytes).
    Removing stm32wlxx_hal_cortex.o(.ARM.exidx.text.HAL_NVIC_DisableIRQ), (8 bytes).
    Removing stm32wlxx_hal_cortex.o(.text.HAL_NVIC_SystemReset), (4 bytes).
    Removing stm32wlxx_hal_cortex.o(.ARM.exidx.text.HAL_NVIC_SystemReset), (8 bytes).
    Removing stm32wlxx_hal_cortex.o(.text.__NVIC_SystemReset), (42 bytes).
    Removing stm32wlxx_hal_cortex.o(.ARM.exidx.text.__NVIC_SystemReset), (8 bytes).
    Removing stm32wlxx_hal_cortex.o(.ARM.exidx.text.HAL_SYSTICK_Config), (8 bytes).
    Removing stm32wlxx_hal_cortex.o(.text.HAL_NVIC_GetPriorityGrouping), (16 bytes).
    Removing stm32wlxx_hal_cortex.o(.ARM.exidx.text.HAL_NVIC_GetPriorityGrouping), (8 bytes).
    Removing stm32wlxx_hal_cortex.o(.text.HAL_NVIC_GetPriority), (90 bytes).
    Removing stm32wlxx_hal_cortex.o(.ARM.exidx.text.HAL_NVIC_GetPriority), (8 bytes).
    Removing stm32wlxx_hal_cortex.o(.text.HAL_NVIC_GetActive), (42 bytes).
    Removing stm32wlxx_hal_cortex.o(.ARM.exidx.text.HAL_NVIC_GetActive), (8 bytes).
    Removing stm32wlxx_hal_cortex.o(.text.HAL_NVIC_SetPendingIRQ), (38 bytes).
    Removing stm32wlxx_hal_cortex.o(.ARM.exidx.text.HAL_NVIC_SetPendingIRQ), (8 bytes).
    Removing stm32wlxx_hal_cortex.o(.text.HAL_NVIC_GetPendingIRQ), (42 bytes).
    Removing stm32wlxx_hal_cortex.o(.ARM.exidx.text.HAL_NVIC_GetPendingIRQ), (8 bytes).
    Removing stm32wlxx_hal_cortex.o(.text.HAL_NVIC_ClearPendingIRQ), (38 bytes).
    Removing stm32wlxx_hal_cortex.o(.ARM.exidx.text.HAL_NVIC_ClearPendingIRQ), (8 bytes).
    Removing stm32wlxx_hal_cortex.o(.text.HAL_SYSTICK_CLKSourceConfig), (24 bytes).
    Removing stm32wlxx_hal_cortex.o(.ARM.exidx.text.HAL_SYSTICK_CLKSourceConfig), (8 bytes).
    Removing stm32wlxx_hal_cortex.o(.text.HAL_SYSTICK_IRQHandler), (4 bytes).
    Removing stm32wlxx_hal_cortex.o(.ARM.exidx.text.HAL_SYSTICK_IRQHandler), (8 bytes).
    Removing stm32wlxx_hal_cortex.o(.text.HAL_SYSTICK_Callback), (2 bytes).
    Removing stm32wlxx_hal_cortex.o(.ARM.exidx.text.HAL_SYSTICK_Callback), (8 bytes).
    Removing stm32wlxx_hal_cortex.o(.text.HAL_MPU_Enable), (24 bytes).
    Removing stm32wlxx_hal_cortex.o(.ARM.exidx.text.HAL_MPU_Enable), (8 bytes).
    Removing stm32wlxx_hal_cortex.o(.text.HAL_MPU_Disable), (18 bytes).
    Removing stm32wlxx_hal_cortex.o(.ARM.exidx.text.HAL_MPU_Disable), (8 bytes).
    Removing stm32wlxx_hal_cortex.o(.text.HAL_MPU_ConfigRegion), (96 bytes).
    Removing stm32wlxx_hal_cortex.o(.ARM.exidx.text.HAL_MPU_ConfigRegion), (8 bytes).
    Removing stm32wlxx_hal.o(.text), (0 bytes).
    Removing stm32wlxx_hal.o(.ARM.exidx.text.HAL_Init), (8 bytes).
    Removing stm32wlxx_hal.o(.ARM.exidx.text.HAL_InitTick), (8 bytes).
    Removing stm32wlxx_hal.o(.text.HAL_MspInit), (2 bytes).
    Removing stm32wlxx_hal.o(.ARM.exidx.text.HAL_MspInit), (8 bytes).
    Removing stm32wlxx_hal.o(.text.HAL_DeInit), (78 bytes).
    Removing stm32wlxx_hal.o(.ARM.exidx.text.HAL_DeInit), (8 bytes).
    Removing stm32wlxx_hal.o(.text.HAL_MspDeInit), (2 bytes).
    Removing stm32wlxx_hal.o(.ARM.exidx.text.HAL_MspDeInit), (8 bytes).
    Removing stm32wlxx_hal.o(.ARM.exidx.text.HAL_IncTick), (8 bytes).
    Removing stm32wlxx_hal.o(.ARM.exidx.text.HAL_GetTick), (8 bytes).
    Removing stm32wlxx_hal.o(.text.HAL_GetTickPrio), (12 bytes).
    Removing stm32wlxx_hal.o(.ARM.exidx.text.HAL_GetTickPrio), (8 bytes).
    Removing stm32wlxx_hal.o(.text.HAL_SetTickFreq), (38 bytes).
    Removing stm32wlxx_hal.o(.ARM.exidx.text.HAL_SetTickFreq), (8 bytes).
    Removing stm32wlxx_hal.o(.text.HAL_GetTickFreq), (12 bytes).
    Removing stm32wlxx_hal.o(.ARM.exidx.text.HAL_GetTickFreq), (8 bytes).
    Removing stm32wlxx_hal.o(.ARM.exidx.text.HAL_Delay), (8 bytes).
    Removing stm32wlxx_hal.o(.text.HAL_SuspendTick), (18 bytes).
    Removing stm32wlxx_hal.o(.ARM.exidx.text.HAL_SuspendTick), (8 bytes).
    Removing stm32wlxx_hal.o(.text.HAL_ResumeTick), (18 bytes).
    Removing stm32wlxx_hal.o(.ARM.exidx.text.HAL_ResumeTick), (8 bytes).
    Removing stm32wlxx_hal.o(.text.HAL_GetHalVersion), (8 bytes).
    Removing stm32wlxx_hal.o(.ARM.exidx.text.HAL_GetHalVersion), (8 bytes).
    Removing stm32wlxx_hal.o(.text.HAL_GetREVID), (14 bytes).
    Removing stm32wlxx_hal.o(.ARM.exidx.text.HAL_GetREVID), (8 bytes).
    Removing stm32wlxx_hal.o(.text.HAL_GetDEVID), (16 bytes).
    Removing stm32wlxx_hal.o(.ARM.exidx.text.HAL_GetDEVID), (8 bytes).
    Removing stm32wlxx_hal.o(.text.HAL_GetUIDw0), (12 bytes).
    Removing stm32wlxx_hal.o(.ARM.exidx.text.HAL_GetUIDw0), (8 bytes).
    Removing stm32wlxx_hal.o(.text.HAL_GetUIDw1), (12 bytes).
    Removing stm32wlxx_hal.o(.ARM.exidx.text.HAL_GetUIDw1), (8 bytes).
    Removing stm32wlxx_hal.o(.text.HAL_GetUIDw2), (12 bytes).
    Removing stm32wlxx_hal.o(.ARM.exidx.text.HAL_GetUIDw2), (8 bytes).
    Removing stm32wlxx_hal.o(.text.HAL_DBGMCU_EnableDBGSleepMode), (18 bytes).
    Removing stm32wlxx_hal.o(.ARM.exidx.text.HAL_DBGMCU_EnableDBGSleepMode), (8 bytes).
    Removing stm32wlxx_hal.o(.text.HAL_DBGMCU_DisableDBGSleepMode), (18 bytes).
    Removing stm32wlxx_hal.o(.ARM.exidx.text.HAL_DBGMCU_DisableDBGSleepMode), (8 bytes).
    Removing stm32wlxx_hal.o(.text.HAL_DBGMCU_EnableDBGStopMode), (18 bytes).
    Removing stm32wlxx_hal.o(.ARM.exidx.text.HAL_DBGMCU_EnableDBGStopMode), (8 bytes).
    Removing stm32wlxx_hal.o(.text.HAL_DBGMCU_DisableDBGStopMode), (18 bytes).
    Removing stm32wlxx_hal.o(.ARM.exidx.text.HAL_DBGMCU_DisableDBGStopMode), (8 bytes).
    Removing stm32wlxx_hal.o(.text.HAL_DBGMCU_EnableDBGStandbyMode), (18 bytes).
    Removing stm32wlxx_hal.o(.ARM.exidx.text.HAL_DBGMCU_EnableDBGStandbyMode), (8 bytes).
    Removing stm32wlxx_hal.o(.text.HAL_DBGMCU_DisableDBGStandbyMode), (18 bytes).
    Removing stm32wlxx_hal.o(.ARM.exidx.text.HAL_DBGMCU_DisableDBGStandbyMode), (8 bytes).
    Removing stm32wlxx_hal.o(.text.HAL_SYSCFG_SRAM2Erase), (24 bytes).
    Removing stm32wlxx_hal.o(.ARM.exidx.text.HAL_SYSCFG_SRAM2Erase), (8 bytes).
    Removing stm32wlxx_hal.o(.text.HAL_SYSCFG_VREFBUF_VoltageScalingConfig), (42 bytes).
    Removing stm32wlxx_hal.o(.ARM.exidx.text.HAL_SYSCFG_VREFBUF_VoltageScalingConfig), (8 bytes).
    Removing stm32wlxx_hal.o(.text.HAL_SYSCFG_VREFBUF_TrimmingConfig), (10 bytes).
    Removing stm32wlxx_hal.o(.ARM.exidx.text.HAL_SYSCFG_VREFBUF_TrimmingConfig), (8 bytes).
    Removing stm32wlxx_hal.o(.text.HAL_SYSCFG_VREFBUF_HighImpedanceConfig), (18 bytes).
    Removing stm32wlxx_hal.o(.ARM.exidx.text.HAL_SYSCFG_VREFBUF_HighImpedanceConfig), (8 bytes).
    Removing stm32wlxx_hal.o(.text.HAL_SYSCFG_EnableVREFBUF), (48 bytes).
    Removing stm32wlxx_hal.o(.ARM.exidx.text.HAL_SYSCFG_EnableVREFBUF), (8 bytes).
    Removing stm32wlxx_hal.o(.text.HAL_SYSCFG_DisableVREFBUF), (16 bytes).
    Removing stm32wlxx_hal.o(.ARM.exidx.text.HAL_SYSCFG_DisableVREFBUF), (8 bytes).
    Removing stm32wlxx_hal.o(.text.HAL_SYSCFG_EnableIOAnalogSwitchBooster), (16 bytes).
    Removing stm32wlxx_hal.o(.ARM.exidx.text.HAL_SYSCFG_EnableIOAnalogSwitchBooster), (8 bytes).
    Removing stm32wlxx_hal.o(.text.HAL_SYSCFG_DisableIOAnalogSwitchBooster), (16 bytes).
    Removing stm32wlxx_hal.o(.ARM.exidx.text.HAL_SYSCFG_DisableIOAnalogSwitchBooster), (8 bytes).
    Removing stm32wlxx_hal_exti.o(.text), (0 bytes).
    Removing stm32wlxx_hal_exti.o(.text.HAL_EXTI_SetConfigLine), (222 bytes).
    Removing stm32wlxx_hal_exti.o(.ARM.exidx.text.HAL_EXTI_SetConfigLine), (8 bytes).
    Removing stm32wlxx_hal_exti.o(.text.HAL_EXTI_GetConfigLine), (164 bytes).
    Removing stm32wlxx_hal_exti.o(.ARM.exidx.text.HAL_EXTI_GetConfigLine), (8 bytes).
    Removing stm32wlxx_hal_exti.o(.text.HAL_EXTI_ClearConfigLine), (136 bytes).
    Removing stm32wlxx_hal_exti.o(.ARM.exidx.text.HAL_EXTI_ClearConfigLine), (8 bytes).
    Removing stm32wlxx_hal_exti.o(.text.HAL_EXTI_RegisterCallback), (12 bytes).
    Removing stm32wlxx_hal_exti.o(.ARM.exidx.text.HAL_EXTI_RegisterCallback), (8 bytes).
    Removing stm32wlxx_hal_exti.o(.text.HAL_EXTI_GetHandle), (12 bytes).
    Removing stm32wlxx_hal_exti.o(.ARM.exidx.text.HAL_EXTI_GetHandle), (8 bytes).
    Removing stm32wlxx_hal_exti.o(.text.HAL_EXTI_IRQHandler), (58 bytes).
    Removing stm32wlxx_hal_exti.o(.ARM.exidx.text.HAL_EXTI_IRQHandler), (8 bytes).
    Removing stm32wlxx_hal_exti.o(.text.HAL_EXTI_GetPending), (32 bytes).
    Removing stm32wlxx_hal_exti.o(.ARM.exidx.text.HAL_EXTI_GetPending), (8 bytes).
    Removing stm32wlxx_hal_exti.o(.text.HAL_EXTI_ClearPending), (30 bytes).
    Removing stm32wlxx_hal_exti.o(.ARM.exidx.text.HAL_EXTI_ClearPending), (8 bytes).
    Removing stm32wlxx_hal_exti.o(.text.HAL_EXTI_GenerateSWI), (30 bytes).
    Removing stm32wlxx_hal_exti.o(.ARM.exidx.text.HAL_EXTI_GenerateSWI), (8 bytes).
    Removing stm32wlxx_hal_tim.o(.text), (0 bytes).
    Removing stm32wlxx_hal_tim_ex.o(.text), (0 bytes).
    Removing stm32wlxx_hal_uart.o(.text), (0 bytes).
    Removing stm32wlxx_hal_uart.o(.ARM.exidx.text.HAL_UART_Init), (8 bytes).
    Removing stm32wlxx_hal_uart.o(.text.HAL_UART_MspInit), (2 bytes).
    Removing stm32wlxx_hal_uart.o(.ARM.exidx.text.HAL_UART_MspInit), (8 bytes).
    Removing stm32wlxx_hal_uart.o(.ARM.exidx.text.UART_SetConfig), (8 bytes).
    Removing stm32wlxx_hal_uart.o(.ARM.exidx.text.UART_AdvFeatureConfig), (8 bytes).
    Removing stm32wlxx_hal_uart.o(.text.UART_CheckIdleState), (112 bytes).
    Removing stm32wlxx_hal_uart.o(.ARM.exidx.text.UART_CheckIdleState), (8 bytes).
    Removing stm32wlxx_hal_uart.o(.text.HAL_HalfDuplex_Init), (212 bytes).
    Removing stm32wlxx_hal_uart.o(.ARM.exidx.text.HAL_HalfDuplex_Init), (8 bytes).
    Removing stm32wlxx_hal_uart.o(.text.HAL_LIN_Init), (232 bytes).
    Removing stm32wlxx_hal_uart.o(.ARM.exidx.text.HAL_LIN_Init), (8 bytes).
    Removing stm32wlxx_hal_uart.o(.text.HAL_MultiProcessor_Init), (232 bytes).
    Removing stm32wlxx_hal_uart.o(.ARM.exidx.text.HAL_MultiProcessor_Init), (8 bytes).
    Removing stm32wlxx_hal_uart.o(.text.HAL_UART_DeInit), (64 bytes).
    Removing stm32wlxx_hal_uart.o(.ARM.exidx.text.HAL_UART_DeInit), (8 bytes).
    Removing stm32wlxx_hal_uart.o(.text.HAL_UART_MspDeInit), (2 bytes).
    Removing stm32wlxx_hal_uart.o(.ARM.exidx.text.HAL_UART_MspDeInit), (8 bytes).
    Removing stm32wlxx_hal_uart.o(.text.HAL_UART_Transmit), (198 bytes).
    Removing stm32wlxx_hal_uart.o(.ARM.exidx.text.HAL_UART_Transmit), (8 bytes).
    Removing stm32wlxx_hal_uart.o(.ARM.exidx.text.UART_WaitOnFlagUntilTimeout), (8 bytes).
    Removing stm32wlxx_hal_uart.o(.text.HAL_UART_Receive), (216 bytes).
    Removing stm32wlxx_hal_uart.o(.ARM.exidx.text.HAL_UART_Receive), (8 bytes).
    Removing stm32wlxx_hal_uart.o(.text.HAL_UART_Transmit_IT), (292 bytes).
    Removing stm32wlxx_hal_uart.o(.ARM.exidx.text.HAL_UART_Transmit_IT), (8 bytes).
    Removing stm32wlxx_hal_uart.o(.text.UART_TxISR_16BIT_FIFOEN), (224 bytes).
    Removing stm32wlxx_hal_uart.o(.ARM.exidx.text.UART_TxISR_16BIT_FIFOEN), (8 bytes).
    Removing stm32wlxx_hal_uart.o(.text.UART_TxISR_8BIT_FIFOEN), (220 bytes).
    Removing stm32wlxx_hal_uart.o(.ARM.exidx.text.UART_TxISR_8BIT_FIFOEN), (8 bytes).
    Removing stm32wlxx_hal_uart.o(.text.UART_TxISR_16BIT), (204 bytes).
    Removing stm32wlxx_hal_uart.o(.ARM.exidx.text.UART_TxISR_16BIT), (8 bytes).
    Removing stm32wlxx_hal_uart.o(.text.UART_TxISR_8BIT), (200 bytes).
    Removing stm32wlxx_hal_uart.o(.ARM.exidx.text.UART_TxISR_8BIT), (8 bytes).
    Removing stm32wlxx_hal_uart.o(.text.HAL_UART_Receive_IT), (166 bytes).
    Removing stm32wlxx_hal_uart.o(.ARM.exidx.text.HAL_UART_Receive_IT), (8 bytes).
    Removing stm32wlxx_hal_uart.o(.text.UART_Start_Receive_IT), (610 bytes).
    Removing stm32wlxx_hal_uart.o(.ARM.exidx.text.UART_Start_Receive_IT), (8 bytes).
    Removing stm32wlxx_hal_uart.o(.text.HAL_UART_Transmit_DMA), (212 bytes).
    Removing stm32wlxx_hal_uart.o(.ARM.exidx.text.HAL_UART_Transmit_DMA), (8 bytes).
    Removing stm32wlxx_hal_uart.o(.text.UART_DMATransmitCplt), (176 bytes).
    Removing stm32wlxx_hal_uart.o(.ARM.exidx.text.UART_DMATransmitCplt), (8 bytes).
    Removing stm32wlxx_hal_uart.o(.text.UART_DMATxHalfCplt), (6 bytes).
    Removing stm32wlxx_hal_uart.o(.ARM.exidx.text.UART_DMATxHalfCplt), (8 bytes).
    Removing stm32wlxx_hal_uart.o(.ARM.exidx.text.UART_DMAError), (8 bytes).
    Removing stm32wlxx_hal_uart.o(.ARM.exidx.text.HAL_UART_Receive_DMA), (8 bytes).
    Removing stm32wlxx_hal_uart.o(.text.UART_Start_Receive_DMA), (326 bytes).
    Removing stm32wlxx_hal_uart.o(.ARM.exidx.text.UART_Start_Receive_DMA), (8 bytes).
    Removing stm32wlxx_hal_uart.o(.text.HAL_UART_DMAPause), (338 bytes).
    Removing stm32wlxx_hal_uart.o(.ARM.exidx.text.HAL_UART_DMAPause), (8 bytes).
    Removing stm32wlxx_hal_uart.o(.text.HAL_UART_DMAResume), (330 bytes).
    Removing stm32wlxx_hal_uart.o(.ARM.exidx.text.HAL_UART_DMAResume), (8 bytes).
    Removing stm32wlxx_hal_uart.o(.ARM.exidx.text.HAL_UART_DMAStop), (8 bytes).
    Removing stm32wlxx_hal_uart.o(.text.HAL_UART_Abort), (524 bytes).
    Removing stm32wlxx_hal_uart.o(.ARM.exidx.text.HAL_UART_Abort), (8 bytes).
    Removing stm32wlxx_hal_uart.o(.text.HAL_UART_AbortTransmit), (306 bytes).
    Removing stm32wlxx_hal_uart.o(.ARM.exidx.text.HAL_UART_AbortTransmit), (8 bytes).
    Removing stm32wlxx_hal_uart.o(.text.HAL_UART_AbortReceive), (386 bytes).
    Removing stm32wlxx_hal_uart.o(.ARM.exidx.text.HAL_UART_AbortReceive), (8 bytes).
    Removing stm32wlxx_hal_uart.o(.text.HAL_UART_Abort_IT), (564 bytes).
    Removing stm32wlxx_hal_uart.o(.ARM.exidx.text.HAL_UART_Abort_IT), (8 bytes).
    Removing stm32wlxx_hal_uart.o(.text.UART_DMATxAbortCallback), (72 bytes).
    Removing stm32wlxx_hal_uart.o(.ARM.exidx.text.UART_DMATxAbortCallback), (8 bytes).
    Removing stm32wlxx_hal_uart.o(.text.UART_DMARxAbortCallback), (62 bytes).
    Removing stm32wlxx_hal_uart.o(.ARM.exidx.text.UART_DMARxAbortCallback), (8 bytes).
    Removing stm32wlxx_hal_uart.o(.text.HAL_UART_AbortCpltCallback), (2 bytes).
    Removing stm32wlxx_hal_uart.o(.ARM.exidx.text.HAL_UART_AbortCpltCallback), (8 bytes).
    Removing stm32wlxx_hal_uart.o(.text.HAL_UART_AbortTransmit_IT), (336 bytes).
    Removing stm32wlxx_hal_uart.o(.ARM.exidx.text.HAL_UART_AbortTransmit_IT), (8 bytes).
    Removing stm32wlxx_hal_uart.o(.text.UART_DMATxOnlyAbortCallback), (36 bytes).
    Removing stm32wlxx_hal_uart.o(.ARM.exidx.text.UART_DMATxOnlyAbortCallback), (8 bytes).
    Removing stm32wlxx_hal_uart.o(.text.HAL_UART_AbortTransmitCpltCallback), (2 bytes).
    Removing stm32wlxx_hal_uart.o(.ARM.exidx.text.HAL_UART_AbortTransmitCpltCallback), (8 bytes).
    Removing stm32wlxx_hal_uart.o(.text.HAL_UART_AbortReceive_IT), (424 bytes).
    Removing stm32wlxx_hal_uart.o(.ARM.exidx.text.HAL_UART_AbortReceive_IT), (8 bytes).
    Removing stm32wlxx_hal_uart.o(.text.UART_DMARxOnlyAbortCallback), (34 bytes).
    Removing stm32wlxx_hal_uart.o(.ARM.exidx.text.UART_DMARxOnlyAbortCallback), (8 bytes).
    Removing stm32wlxx_hal_uart.o(.text.HAL_UART_AbortReceiveCpltCallback), (2 bytes).
    Removing stm32wlxx_hal_uart.o(.ARM.exidx.text.HAL_UART_AbortReceiveCpltCallback), (8 bytes).
    Removing stm32wlxx_hal_uart.o(.ARM.exidx.text.HAL_UART_IRQHandler), (8 bytes).
    Removing stm32wlxx_hal_uart.o(.ARM.exidx.text.UART_DMAAbortOnError), (8 bytes).
    Removing stm32wlxx_hal_uart.o(.ARM.exidx.text.HAL_UART_ErrorCallback), (8 bytes).
    Removing stm32wlxx_hal_uart.o(.ARM.exidx.text.HAL_UARTEx_RxEventCallback), (8 bytes).
    Removing stm32wlxx_hal_uart.o(.ARM.exidx.text.HAL_UART_TxCpltCallback), (8 bytes).
    Removing stm32wlxx_hal_uart.o(.text.HAL_UART_TxHalfCpltCallback), (2 bytes).
    Removing stm32wlxx_hal_uart.o(.ARM.exidx.text.HAL_UART_TxHalfCpltCallback), (8 bytes).
    Removing stm32wlxx_hal_uart.o(.ARM.exidx.text.HAL_UART_RxCpltCallback), (8 bytes).
    Removing stm32wlxx_hal_uart.o(.ARM.exidx.text.HAL_UART_RxHalfCpltCallback), (8 bytes).
    Removing stm32wlxx_hal_uart.o(.text.HAL_UART_ReceiverTimeout_Config), (28 bytes).
    Removing stm32wlxx_hal_uart.o(.ARM.exidx.text.HAL_UART_ReceiverTimeout_Config), (8 bytes).
    Removing stm32wlxx_hal_uart.o(.text.HAL_UART_EnableReceiverTimeout), (70 bytes).
    Removing stm32wlxx_hal_uart.o(.ARM.exidx.text.HAL_UART_EnableReceiverTimeout), (8 bytes).
    Removing stm32wlxx_hal_uart.o(.text.HAL_UART_DisableReceiverTimeout), (70 bytes).
    Removing stm32wlxx_hal_uart.o(.ARM.exidx.text.HAL_UART_DisableReceiverTimeout), (8 bytes).
    Removing stm32wlxx_hal_uart.o(.text.HAL_MultiProcessor_EnableMuteMode), (220 bytes).
    Removing stm32wlxx_hal_uart.o(.ARM.exidx.text.HAL_MultiProcessor_EnableMuteMode), (8 bytes).
    Removing stm32wlxx_hal_uart.o(.text.HAL_MultiProcessor_DisableMuteMode), (220 bytes).
    Removing stm32wlxx_hal_uart.o(.ARM.exidx.text.HAL_MultiProcessor_DisableMuteMode), (8 bytes).
    Removing stm32wlxx_hal_uart.o(.text.HAL_MultiProcessor_EnterMuteMode), (12 bytes).
    Removing stm32wlxx_hal_uart.o(.ARM.exidx.text.HAL_MultiProcessor_EnterMuteMode), (8 bytes).
    Removing stm32wlxx_hal_uart.o(.text.HAL_HalfDuplex_EnableTransmitter), (190 bytes).
    Removing stm32wlxx_hal_uart.o(.ARM.exidx.text.HAL_HalfDuplex_EnableTransmitter), (8 bytes).
    Removing stm32wlxx_hal_uart.o(.text.HAL_HalfDuplex_EnableReceiver), (190 bytes).
    Removing stm32wlxx_hal_uart.o(.ARM.exidx.text.HAL_HalfDuplex_EnableReceiver), (8 bytes).
    Removing stm32wlxx_hal_uart.o(.text.HAL_LIN_SendBreak), (44 bytes).
    Removing stm32wlxx_hal_uart.o(.ARM.exidx.text.HAL_LIN_SendBreak), (8 bytes).
    Removing stm32wlxx_hal_uart.o(.text.HAL_UART_GetState), (12 bytes).
    Removing stm32wlxx_hal_uart.o(.ARM.exidx.text.HAL_UART_GetState), (8 bytes).
    Removing stm32wlxx_hal_uart.o(.text.HAL_UART_GetError), (6 bytes).
    Removing stm32wlxx_hal_uart.o(.ARM.exidx.text.HAL_UART_GetError), (8 bytes).
    Removing stm32wlxx_hal_uart.o(.text.UART_RxISR_16BIT_FIFOEN), (790 bytes).
    Removing stm32wlxx_hal_uart.o(.ARM.exidx.text.UART_RxISR_16BIT_FIFOEN), (8 bytes).
    Removing stm32wlxx_hal_uart.o(.text.UART_RxISR_8BIT_FIFOEN), (794 bytes).
    Removing stm32wlxx_hal_uart.o(.ARM.exidx.text.UART_RxISR_8BIT_FIFOEN), (8 bytes).
    Removing stm32wlxx_hal_uart.o(.text.UART_RxISR_16BIT), (426 bytes).
    Removing stm32wlxx_hal_uart.o(.ARM.exidx.text.UART_RxISR_16BIT), (8 bytes).
    Removing stm32wlxx_hal_uart.o(.text.UART_RxISR_8BIT), (430 bytes).
    Removing stm32wlxx_hal_uart.o(.ARM.exidx.text.UART_RxISR_8BIT), (8 bytes).
    Removing stm32wlxx_hal_uart.o(.ARM.exidx.text.UART_DMAReceiveCplt), (8 bytes).
    Removing stm32wlxx_hal_uart.o(.ARM.exidx.text.UART_DMARxHalfCplt), (8 bytes).
    Removing stm32wlxx_hal_uart_ex.o(.text), (0 bytes).
    Removing stm32wlxx_hal_uart_ex.o(.text.HAL_RS485Ex_Init), (130 bytes).
    Removing stm32wlxx_hal_uart_ex.o(.ARM.exidx.text.HAL_RS485Ex_Init), (8 bytes).
    Removing stm32wlxx_hal_uart_ex.o(.ARM.exidx.text.HAL_UARTEx_WakeupCallback), (8 bytes).
    Removing stm32wlxx_hal_uart_ex.o(.ARM.exidx.text.HAL_UARTEx_RxFifoFullCallback), (8 bytes).
    Removing stm32wlxx_hal_uart_ex.o(.ARM.exidx.text.HAL_UARTEx_TxFifoEmptyCallback), (8 bytes).
    Removing stm32wlxx_hal_uart_ex.o(.text.HAL_MultiProcessorEx_AddressLength_Set), (46 bytes).
    Removing stm32wlxx_hal_uart_ex.o(.ARM.exidx.text.HAL_MultiProcessorEx_AddressLength_Set), (8 bytes).
    Removing stm32wlxx_hal_uart_ex.o(.text.HAL_UARTEx_StopModeWakeUpSourceConfig), (140 bytes).
    Removing stm32wlxx_hal_uart_ex.o(.ARM.exidx.text.HAL_UARTEx_StopModeWakeUpSourceConfig), (8 bytes).
    Removing stm32wlxx_hal_uart_ex.o(.text.HAL_UARTEx_EnableStopMode), (104 bytes).
    Removing stm32wlxx_hal_uart_ex.o(.ARM.exidx.text.HAL_UARTEx_EnableStopMode), (8 bytes).
    Removing stm32wlxx_hal_uart_ex.o(.text.HAL_UARTEx_DisableStopMode), (104 bytes).
    Removing stm32wlxx_hal_uart_ex.o(.ARM.exidx.text.HAL_UARTEx_DisableStopMode), (8 bytes).
    Removing stm32wlxx_hal_uart_ex.o(.text.HAL_UARTEx_EnableFifoMode), (122 bytes).
    Removing stm32wlxx_hal_uart_ex.o(.ARM.exidx.text.HAL_UARTEx_EnableFifoMode), (8 bytes).
    Removing stm32wlxx_hal_uart_ex.o(.ARM.exidx.text.HAL_UARTEx_DisableFifoMode), (8 bytes).
    Removing stm32wlxx_hal_uart_ex.o(.ARM.exidx.text.HAL_UARTEx_SetTxFifoThreshold), (8 bytes).
    Removing stm32wlxx_hal_uart_ex.o(.ARM.exidx.text.HAL_UARTEx_SetRxFifoThreshold), (8 bytes).
    Removing stm32wlxx_hal_uart_ex.o(.text.HAL_UARTEx_ReceiveToIdle), (428 bytes).
    Removing stm32wlxx_hal_uart_ex.o(.ARM.exidx.text.HAL_UARTEx_ReceiveToIdle), (8 bytes).
    Removing stm32wlxx_hal_uart_ex.o(.text.HAL_UARTEx_ReceiveToIdle_IT), (156 bytes).
    Removing stm32wlxx_hal_uart_ex.o(.ARM.exidx.text.HAL_UARTEx_ReceiveToIdle_IT), (8 bytes).
    Removing stm32wlxx_hal_uart_ex.o(.text.HAL_UARTEx_ReceiveToIdle_DMA), (156 bytes).
    Removing stm32wlxx_hal_uart_ex.o(.ARM.exidx.text.HAL_UARTEx_ReceiveToIdle_DMA), (8 bytes).
    Removing stm32wlxx_hal_uart_ex.o(.text.HAL_UARTEx_GetRxEventType), (4 bytes).
    Removing stm32wlxx_hal_uart_ex.o(.ARM.exidx.text.HAL_UARTEx_GetRxEventType), (8 bytes).
    Removing system_stm32wlxx.o(.text), (0 bytes).
    Removing system_stm32wlxx.o(.ARM.exidx.text.SystemInit), (8 bytes).
    Removing system_stm32wlxx.o(.text.SystemCoreClockUpdate), (194 bytes).
    Removing system_stm32wlxx.o(.ARM.exidx.text.SystemCoreClockUpdate), (8 bytes).

555 unused section(s) (total 25714 bytes) removed from the image.

==============================================================================

Image Symbol Table

    Local Symbols

    Symbol Name                              Value     Ov Type        Size  Object(Section)

    ../clib/microlib/division.c              0x00000000   Number         0  uldiv.o ABSOLUTE
    ../clib/microlib/init/entry.s            0x00000000   Number         0  entry.o ABSOLUTE
    ../clib/microlib/init/entry.s            0x00000000   Number         0  entry2.o ABSOLUTE
    ../clib/microlib/init/entry.s            0x00000000   Number         0  entry5.o ABSOLUTE
    ../clib/microlib/init/entry.s            0x00000000   Number         0  entry7a.o ABSOLUTE
    ../clib/microlib/init/entry.s            0x00000000   Number         0  entry7b.o ABSOLUTE
    ../clib/microlib/init/entry.s            0x00000000   Number         0  entry8a.o ABSOLUTE
    ../clib/microlib/init/entry.s            0x00000000   Number         0  entry8b.o ABSOLUTE
    ../clib/microlib/init/entry.s            0x00000000   Number         0  entry9a.o ABSOLUTE
    ../clib/microlib/init/entry.s            0x00000000   Number         0  entry9b.o ABSOLUTE
    ../clib/microlib/init/entry.s            0x00000000   Number         0  entry10a.o ABSOLUTE
    ../clib/microlib/init/entry.s            0x00000000   Number         0  entry10b.o ABSOLUTE
    ../clib/microlib/init/entry.s            0x00000000   Number         0  entry11a.o ABSOLUTE
    ../clib/microlib/init/entry.s            0x00000000   Number         0  entry11b.o ABSOLUTE
    ../clib/microlib/longlong.c              0x00000000   Number         0  llshl.o ABSOLUTE
    ../clib/microlib/longlong.c              0x00000000   Number         0  llushr.o ABSOLUTE
    ../clib/microlib/string/memset.c         0x00000000   Number         0  memseta.o ABSOLUTE
    dc.s                                     0x00000000   Number         0  dc.o ABSOLUTE
    dma.c                                    0x00000000   Number         0  dma.o ABSOLUTE
    gpio.c                                   0x00000000   Number         0  gpio.o ABSOLUTE
    handlers.s                               0x00000000   Number         0  handlers.o ABSOLUTE
    init.s                                   0x00000000   Number         0  init.o ABSOLUTE
    main.c                                   0x00000000   Number         0  main.o ABSOLUTE
    startup_stm32wle5xx.s                    0x00000000   Number         0  startup_stm32wle5xx.o ABSOLUTE
    stm32wlxx_hal.c                          0x00000000   Number         0  stm32wlxx_hal.o ABSOLUTE
    stm32wlxx_hal_cortex.c                   0x00000000   Number         0  stm32wlxx_hal_cortex.o ABSOLUTE
    stm32wlxx_hal_dma.c                      0x00000000   Number         0  stm32wlxx_hal_dma.o ABSOLUTE
    stm32wlxx_hal_dma_ex.c                   0x00000000   Number         0  stm32wlxx_hal_dma_ex.o ABSOLUTE
    stm32wlxx_hal_exti.c                     0x00000000   Number         0  stm32wlxx_hal_exti.o ABSOLUTE
    stm32wlxx_hal_flash.c                    0x00000000   Number         0  stm32wlxx_hal_flash.o ABSOLUTE
    stm32wlxx_hal_flash_ex.c                 0x00000000   Number         0  stm32wlxx_hal_flash_ex.o ABSOLUTE
    stm32wlxx_hal_gpio.c                     0x00000000   Number         0  stm32wlxx_hal_gpio.o ABSOLUTE
    stm32wlxx_hal_msp.c                      0x00000000   Number         0  stm32wlxx_hal_msp.o ABSOLUTE
    stm32wlxx_hal_pwr.c                      0x00000000   Number         0  stm32wlxx_hal_pwr.o ABSOLUTE
    stm32wlxx_hal_pwr_ex.c                   0x00000000   Number         0  stm32wlxx_hal_pwr_ex.o ABSOLUTE
    stm32wlxx_hal_rcc.c                      0x00000000   Number         0  stm32wlxx_hal_rcc.o ABSOLUTE
    stm32wlxx_hal_rcc_ex.c                   0x00000000   Number         0  stm32wlxx_hal_rcc_ex.o ABSOLUTE
    stm32wlxx_hal_tim.c                      0x00000000   Number         0  stm32wlxx_hal_tim.o ABSOLUTE
    stm32wlxx_hal_tim_ex.c                   0x00000000   Number         0  stm32wlxx_hal_tim_ex.o ABSOLUTE
    stm32wlxx_hal_uart.c                     0x00000000   Number         0  stm32wlxx_hal_uart.o ABSOLUTE
    stm32wlxx_hal_uart_ex.c                  0x00000000   Number         0  stm32wlxx_hal_uart_ex.o ABSOLUTE
    stm32wlxx_it.c                           0x00000000   Number         0  stm32wlxx_it.o ABSOLUTE
    system_stm32wlxx.c                       0x00000000   Number         0  system_stm32wlxx.o ABSOLUTE
    usart.c                                  0x00000000   Number         0  usart.o ABSOLUTE
    RESET                                    0x08000000   Section      312  startup_stm32wle5xx.o(RESET)
    .ARM.Collect$$$$00000000                 0x08000138   Section        0  entry.o(.ARM.Collect$$$$00000000)
    .ARM.Collect$$$$00000001                 0x08000138   Section        4  entry2.o(.ARM.Collect$$$$00000001)
    .ARM.Collect$$$$00000004                 0x0800013c   Section        4  entry5.o(.ARM.Collect$$$$00000004)
    .ARM.Collect$$$$00000008                 0x08000140   Section        0  entry7b.o(.ARM.Collect$$$$00000008)
    .ARM.Collect$$$$0000000A                 0x08000140   Section        0  entry8b.o(.ARM.Collect$$$$0000000A)
    .ARM.Collect$$$$0000000B                 0x08000140   Section        8  entry9a.o(.ARM.Collect$$$$0000000B)
    __lit__00000000                          0x08000148   Data           4  entry2.o(.ARM.Collect$$$$00002712)
    .ARM.Collect$$$$0000000D                 0x08000148   Section        0  entry10a.o(.ARM.Collect$$$$0000000D)
    .ARM.Collect$$$$0000000F                 0x08000148   Section        0  entry11a.o(.ARM.Collect$$$$0000000F)
    .ARM.Collect$$$$00002712                 0x08000148   Section        4  entry2.o(.ARM.Collect$$$$00002712)
    .text                                    0x0800014c   Section       36  startup_stm32wle5xx.o(.text)
    .text                                    0x08000170   Section        0  uldiv.o(.text)
    .text                                    0x080001d2   Section        0  memseta.o(.text)
    .text                                    0x080001f6   Section        0  llshl.o(.text)
    .text                                    0x08000214   Section        0  llushr.o(.text)
    .text                                    0x08000234   Section       36  init.o(.text)
    [Anonymous Symbol]                       0x08000258   Section        0  stm32wlxx_it.o(.text.BusFault_Handler)
    [Anonymous Symbol]                       0x0800025c   Section        0  stm32wlxx_it.o(.text.DMA1_Channel1_IRQHandler)
    [Anonymous Symbol]                       0x08000268   Section        0  stm32wlxx_it.o(.text.DMA1_Channel2_IRQHandler)
    [Anonymous Symbol]                       0x08000274   Section        0  stm32wlxx_it.o(.text.DebugMon_Handler)
    [Anonymous Symbol]                       0x08000278   Section        0  main.o(.text.Error_Handler)
    [Anonymous Symbol]                       0x08000284   Section        0  stm32wlxx_hal_dma.o(.text.HAL_DMA_Abort)
    [Anonymous Symbol]                       0x080002f8   Section        0  stm32wlxx_hal_dma.o(.text.HAL_DMA_Abort_IT)
    [Anonymous Symbol]                       0x08000368   Section        0  stm32wlxx_hal_dma.o(.text.HAL_DMA_GetError)
    [Anonymous Symbol]                       0x0800036c   Section        0  stm32wlxx_hal_dma.o(.text.HAL_DMA_IRQHandler)
    [Anonymous Symbol]                       0x0800042c   Section        0  stm32wlxx_hal_dma.o(.text.HAL_DMA_Init)
    [Anonymous Symbol]                       0x08000568   Section        0  stm32wlxx_hal_dma.o(.text.HAL_DMA_Start_IT)
    [Anonymous Symbol]                       0x08000658   Section        0  stm32wlxx_hal.o(.text.HAL_Delay)
    [Anonymous Symbol]                       0x08000680   Section        0  stm32wlxx_hal_gpio.o(.text.HAL_GPIO_Init)
    [Anonymous Symbol]                       0x08000820   Section        0  stm32wlxx_hal_gpio.o(.text.HAL_GPIO_TogglePin)
    [Anonymous Symbol]                       0x08000830   Section        0  stm32wlxx_hal_gpio.o(.text.HAL_GPIO_WritePin)
    [Anonymous Symbol]                       0x0800083c   Section        0  stm32wlxx_hal.o(.text.HAL_GetTick)
    [Anonymous Symbol]                       0x08000848   Section        0  stm32wlxx_hal.o(.text.HAL_IncTick)
    [Anonymous Symbol]                       0x08000864   Section        0  stm32wlxx_hal.o(.text.HAL_Init)
    [Anonymous Symbol]                       0x08000890   Section        0  stm32wlxx_hal.o(.text.HAL_InitTick)
    [Anonymous Symbol]                       0x080008d8   Section        0  stm32wlxx_hal_msp.o(.text.HAL_MspInit)
    [Anonymous Symbol]                       0x080008dc   Section        0  stm32wlxx_hal_cortex.o(.text.HAL_NVIC_EnableIRQ)
    [Anonymous Symbol]                       0x08000904   Section        0  stm32wlxx_hal_cortex.o(.text.HAL_NVIC_SetPriority)
    [Anonymous Symbol]                       0x0800095c   Section        0  stm32wlxx_hal_cortex.o(.text.HAL_NVIC_SetPriorityGrouping)
    [Anonymous Symbol]                       0x0800097c   Section        0  stm32wlxx_hal_pwr_ex.o(.text.HAL_PWREx_GetVoltageRange)
    [Anonymous Symbol]                       0x0800098c   Section        0  stm32wlxx_hal_pwr.o(.text.HAL_PWR_EnableBkUpAccess)
    [Anonymous Symbol]                       0x080009a0   Section        0  stm32wlxx_hal_rcc_ex.o(.text.HAL_RCCEx_PeriphCLKConfig)
    [Anonymous Symbol]                       0x08000bb4   Section        0  stm32wlxx_hal_rcc.o(.text.HAL_RCC_ClockConfig)
    [Anonymous Symbol]                       0x08000db8   Section        0  stm32wlxx_hal_rcc.o(.text.HAL_RCC_GetHCLKFreq)
    [Anonymous Symbol]                       0x08000ddc   Section        0  stm32wlxx_hal_rcc.o(.text.HAL_RCC_GetPCLK1Freq)
    [Anonymous Symbol]                       0x08000e14   Section        0  stm32wlxx_hal_rcc.o(.text.HAL_RCC_GetPCLK2Freq)
    [Anonymous Symbol]                       0x08000e4c   Section        0  stm32wlxx_hal_rcc.o(.text.HAL_RCC_GetSysClockFreq)
    [Anonymous Symbol]                       0x08000f40   Section        0  stm32wlxx_hal_rcc.o(.text.HAL_RCC_OscConfig)
    [Anonymous Symbol]                       0x080016c0   Section        0  stm32wlxx_hal_cortex.o(.text.HAL_SYSTICK_Config)
    [Anonymous Symbol]                       0x080016ec   Section        0  stm32wlxx_hal_uart_ex.o(.text.HAL_UARTEx_DisableFifoMode)
    [Anonymous Symbol]                       0x08001724   Section        0  stm32wlxx_hal_uart.o(.text.HAL_UARTEx_RxEventCallback)
    [Anonymous Symbol]                       0x08001728   Section        0  stm32wlxx_hal_uart_ex.o(.text.HAL_UARTEx_RxFifoFullCallback)
    [Anonymous Symbol]                       0x0800172c   Section        0  stm32wlxx_hal_uart_ex.o(.text.HAL_UARTEx_SetRxFifoThreshold)
    [Anonymous Symbol]                       0x080017b8   Section        0  stm32wlxx_hal_uart_ex.o(.text.HAL_UARTEx_SetTxFifoThreshold)
    [Anonymous Symbol]                       0x08001844   Section        0  stm32wlxx_hal_uart_ex.o(.text.HAL_UARTEx_TxFifoEmptyCallback)
    [Anonymous Symbol]                       0x08001848   Section        0  stm32wlxx_hal_uart_ex.o(.text.HAL_UARTEx_WakeupCallback)
    [Anonymous Symbol]                       0x0800184c   Section        0  stm32wlxx_hal_uart.o(.text.HAL_UART_DMAStop)
    [Anonymous Symbol]                       0x08001ad8   Section        0  stm32wlxx_hal_uart.o(.text.HAL_UART_ErrorCallback)
    [Anonymous Symbol]                       0x08001adc   Section        0  stm32wlxx_hal_uart.o(.text.HAL_UART_IRQHandler)
    [Anonymous Symbol]                       0x0800211c   Section        0  stm32wlxx_hal_uart.o(.text.HAL_UART_Init)
    [Anonymous Symbol]                       0x080021e8   Section        0  usart.o(.text.HAL_UART_MspInit)
    [Anonymous Symbol]                       0x080022f4   Section        0  stm32wlxx_hal_uart.o(.text.HAL_UART_Receive_DMA)
    [Anonymous Symbol]                       0x080024c0   Section        0  stm32wlxx_hal_uart.o(.text.HAL_UART_RxCpltCallback)
    [Anonymous Symbol]                       0x080024c4   Section        0  stm32wlxx_hal_uart.o(.text.HAL_UART_RxHalfCpltCallback)
    [Anonymous Symbol]                       0x080024c8   Section        0  stm32wlxx_hal_uart.o(.text.HAL_UART_TxCpltCallback)
    [Anonymous Symbol]                       0x080024cc   Section        0  stm32wlxx_it.o(.text.HardFault_Handler)
    [Anonymous Symbol]                       0x080024d0   Section        0  dma.o(.text.MX_DMA_Init)
    [Anonymous Symbol]                       0x08002524   Section        0  gpio.o(.text.MX_GPIO_Init)
    [Anonymous Symbol]                       0x08002620   Section        0  usart.o(.text.MX_USART1_UART_Init)
    [Anonymous Symbol]                       0x080026bc   Section        0  stm32wlxx_it.o(.text.MemManage_Handler)
    [Anonymous Symbol]                       0x080026c0   Section        0  stm32wlxx_it.o(.text.NMI_Handler)
    [Anonymous Symbol]                       0x080026c4   Section        0  stm32wlxx_it.o(.text.PendSV_Handler)
    [Anonymous Symbol]                       0x080026c8   Section        0  stm32wlxx_it.o(.text.SVC_Handler)
    [Anonymous Symbol]                       0x080026cc   Section        0  stm32wlxx_it.o(.text.SysTick_Handler)
    [Anonymous Symbol]                       0x080026d0   Section        0  system_stm32wlxx.o(.text.SystemInit)
    [Anonymous Symbol]                       0x080026d4   Section        0  stm32wlxx_hal_uart.o(.text.UART_AdvFeatureConfig)
    UART_DMAAbortOnError                     0x080027bd   Thumb Code    16  stm32wlxx_hal_uart.o(.text.UART_DMAAbortOnError)
    [Anonymous Symbol]                       0x080027bc   Section        0  stm32wlxx_hal_uart.o(.text.UART_DMAAbortOnError)
    UART_DMAError                            0x080027cd   Thumb Code   474  stm32wlxx_hal_uart.o(.text.UART_DMAError)
    [Anonymous Symbol]                       0x080027cc   Section        0  stm32wlxx_hal_uart.o(.text.UART_DMAError)
    UART_DMAReceiveCplt                      0x080029a9   Thumb Code   356  stm32wlxx_hal_uart.o(.text.UART_DMAReceiveCplt)
    [Anonymous Symbol]                       0x080029a8   Section        0  stm32wlxx_hal_uart.o(.text.UART_DMAReceiveCplt)
    UART_DMARxHalfCplt                       0x08002b0d   Thumb Code    26  stm32wlxx_hal_uart.o(.text.UART_DMARxHalfCplt)
    [Anonymous Symbol]                       0x08002b0c   Section        0  stm32wlxx_hal_uart.o(.text.UART_DMARxHalfCplt)
    [Anonymous Symbol]                       0x08002b28   Section        0  stm32wlxx_hal_uart.o(.text.UART_SetConfig)
    [Anonymous Symbol]                       0x08002d8c   Section        0  stm32wlxx_hal_uart.o(.text.UART_WaitOnFlagUntilTimeout)
    [Anonymous Symbol]                       0x08002fa0   Section        0  stm32wlxx_it.o(.text.USART1_IRQHandler)
    [Anonymous Symbol]                       0x0800301c   Section        0  stm32wlxx_it.o(.text.UsageFault_Handler)
    [Anonymous Symbol]                       0x08003020   Section        0  main.o(.text.main)
    i.__scatterload_copy                     0x080030e2   Section       14  handlers.o(i.__scatterload_copy)
    i.__scatterload_null                     0x080030f0   Section        2  handlers.o(i.__scatterload_null)
    i.__scatterload_zeroinit                 0x080030f2   Section       14  handlers.o(i.__scatterload_zeroinit)
    .L__const.RCC_SetFlashLatency.FLASH_LATENCY_RANGE 0x08003100   Data          12  stm32wlxx_hal_rcc.o(.rodata..L__const.RCC_SetFlashLatency.FLASH_LATENCY_RANGE)
    .Lswitch.table.UART_SetConfig.2          0x080031c4   Data          16  stm32wlxx_hal_uart.o(.rodata.cst16)
    UARTEx_SetNbDataToProcess.numerator      0x080031d4   Data           8  stm32wlxx_hal_uart_ex.o(.rodata.cst8)
    [Anonymous Symbol]                       0x080031d4   Section        0  stm32wlxx_hal_uart_ex.o(.rodata.cst8)
    UARTEx_SetNbDataToProcess.denominator    0x080031dc   Data           8  stm32wlxx_hal_uart_ex.o(.rodata.cst8)
    .L_MergedGlobals                         0x20000000   Data           8  stm32wlxx_hal.o(.data..L_MergedGlobals)
    [Anonymous Symbol]                       0x20000000   Section        0  stm32wlxx_hal.o(.data..L_MergedGlobals)
    STACK                                    0x20000370   Section     1024  startup_stm32wle5xx.o(STACK)

    Global Symbols

    Symbol Name                              Value     Ov Type        Size  Object(Section)

    BuildAttributes$$THM_ISAv4$E$P$D$K$B$S$7EM$PE$A:L22UL41UL21$X:L11$S22US41US21$IEEE1$IW$~IW$USESV6$~STKCKD$USESV7$~SHL$OTIME$EBA8$MICROLIB$REQ8$PRES8$EABIv2 0x00000000   Number         0  anon$$obj.o ABSOLUTE
    __cpp_initialize__aeabi_                  - Undefined Weak Reference
    __cxa_finalize                            - Undefined Weak Reference
    __decompress                              - Undefined Weak Reference
    _clock_init                               - Undefined Weak Reference
    _microlib_exit                            - Undefined Weak Reference
    __Vectors_Size                           0x00000138   Number         0  startup_stm32wle5xx.o ABSOLUTE
    __Vectors                                0x08000000   Data           4  startup_stm32wle5xx.o(RESET)
    __Vectors_End                            0x08000138   Data           0  startup_stm32wle5xx.o(RESET)
    __main                                   0x08000139   Thumb Code     0  entry.o(.ARM.Collect$$$$00000000)
    _main_stk                                0x08000139   Thumb Code     0  entry2.o(.ARM.Collect$$$$00000001)
    _main_scatterload                        0x0800013d   Thumb Code     0  entry5.o(.ARM.Collect$$$$00000004)
    __main_after_scatterload                 0x08000141   Thumb Code     0  entry5.o(.ARM.Collect$$$$00000004)
    _main_clock                              0x08000141   Thumb Code     0  entry7b.o(.ARM.Collect$$$$00000008)
    _main_cpp_init                           0x08000141   Thumb Code     0  entry8b.o(.ARM.Collect$$$$0000000A)
    _main_init                               0x08000141   Thumb Code     0  entry9a.o(.ARM.Collect$$$$0000000B)
    __rt_final_cpp                           0x08000149   Thumb Code     0  entry10a.o(.ARM.Collect$$$$0000000D)
    __rt_final_exit                          0x08000149   Thumb Code     0  entry11a.o(.ARM.Collect$$$$0000000F)
    Reset_Handler                            0x0800014d   Thumb Code     8  startup_stm32wle5xx.o(.text)
    ADC_IRQHandler                           0x08000167   Thumb Code     0  startup_stm32wle5xx.o(.text)
    AES_IRQHandler                           0x08000167   Thumb Code     0  startup_stm32wle5xx.o(.text)
    COMP_IRQHandler                          0x08000167   Thumb Code     0  startup_stm32wle5xx.o(.text)
    DAC_IRQHandler                           0x08000167   Thumb Code     0  startup_stm32wle5xx.o(.text)
    DMA1_Channel3_IRQHandler                 0x08000167   Thumb Code     0  startup_stm32wle5xx.o(.text)
    DMA1_Channel4_IRQHandler                 0x08000167   Thumb Code     0  startup_stm32wle5xx.o(.text)
    DMA1_Channel5_IRQHandler                 0x08000167   Thumb Code     0  startup_stm32wle5xx.o(.text)
    DMA1_Channel6_IRQHandler                 0x08000167   Thumb Code     0  startup_stm32wle5xx.o(.text)
    DMA1_Channel7_IRQHandler                 0x08000167   Thumb Code     0  startup_stm32wle5xx.o(.text)
    DMA2_Channel1_IRQHandler                 0x08000167   Thumb Code     0  startup_stm32wle5xx.o(.text)
    DMA2_Channel2_IRQHandler                 0x08000167   Thumb Code     0  startup_stm32wle5xx.o(.text)
    DMA2_Channel3_IRQHandler                 0x08000167   Thumb Code     0  startup_stm32wle5xx.o(.text)
    DMA2_Channel4_IRQHandler                 0x08000167   Thumb Code     0  startup_stm32wle5xx.o(.text)
    DMA2_Channel5_IRQHandler                 0x08000167   Thumb Code     0  startup_stm32wle5xx.o(.text)
    DMA2_Channel6_IRQHandler                 0x08000167   Thumb Code     0  startup_stm32wle5xx.o(.text)
    DMA2_Channel7_IRQHandler                 0x08000167   Thumb Code     0  startup_stm32wle5xx.o(.text)
    DMAMUX1_OVR_IRQHandler                   0x08000167   Thumb Code     0  startup_stm32wle5xx.o(.text)
    EXTI0_IRQHandler                         0x08000167   Thumb Code     0  startup_stm32wle5xx.o(.text)
    EXTI15_10_IRQHandler                     0x08000167   Thumb Code     0  startup_stm32wle5xx.o(.text)
    EXTI1_IRQHandler                         0x08000167   Thumb Code     0  startup_stm32wle5xx.o(.text)
    EXTI2_IRQHandler                         0x08000167   Thumb Code     0  startup_stm32wle5xx.o(.text)
    EXTI3_IRQHandler                         0x08000167   Thumb Code     0  startup_stm32wle5xx.o(.text)
    EXTI4_IRQHandler                         0x08000167   Thumb Code     0  startup_stm32wle5xx.o(.text)
    EXTI9_5_IRQHandler                       0x08000167   Thumb Code     0  startup_stm32wle5xx.o(.text)
    FLASH_IRQHandler                         0x08000167   Thumb Code     0  startup_stm32wle5xx.o(.text)
    HSEM_IRQHandler                          0x08000167   Thumb Code     0  startup_stm32wle5xx.o(.text)
    I2C1_ER_IRQHandler                       0x08000167   Thumb Code     0  startup_stm32wle5xx.o(.text)
    I2C1_EV_IRQHandler                       0x08000167   Thumb Code     0  startup_stm32wle5xx.o(.text)
    I2C2_ER_IRQHandler                       0x08000167   Thumb Code     0  startup_stm32wle5xx.o(.text)
    I2C2_EV_IRQHandler                       0x08000167   Thumb Code     0  startup_stm32wle5xx.o(.text)
    I2C3_ER_IRQHandler                       0x08000167   Thumb Code     0  startup_stm32wle5xx.o(.text)
    I2C3_EV_IRQHandler                       0x08000167   Thumb Code     0  startup_stm32wle5xx.o(.text)
    LPTIM1_IRQHandler                        0x08000167   Thumb Code     0  startup_stm32wle5xx.o(.text)
    LPTIM2_IRQHandler                        0x08000167   Thumb Code     0  startup_stm32wle5xx.o(.text)
    LPTIM3_IRQHandler                        0x08000167   Thumb Code     0  startup_stm32wle5xx.o(.text)
    LPUART1_IRQHandler                       0x08000167   Thumb Code     0  startup_stm32wle5xx.o(.text)
    PKA_IRQHandler                           0x08000167   Thumb Code     0  startup_stm32wle5xx.o(.text)
    PVD_PVM_IRQHandler                       0x08000167   Thumb Code     0  startup_stm32wle5xx.o(.text)
    RCC_IRQHandler                           0x08000167   Thumb Code     0  startup_stm32wle5xx.o(.text)
    RNG_IRQHandler                           0x08000167   Thumb Code     0  startup_stm32wle5xx.o(.text)
    RTC_Alarm_IRQHandler                     0x08000167   Thumb Code     0  startup_stm32wle5xx.o(.text)
    RTC_WKUP_IRQHandler                      0x08000167   Thumb Code     0  startup_stm32wle5xx.o(.text)
    SPI1_IRQHandler                          0x08000167   Thumb Code     0  startup_stm32wle5xx.o(.text)
    SPI2_IRQHandler                          0x08000167   Thumb Code     0  startup_stm32wle5xx.o(.text)
    SUBGHZSPI_IRQHandler                     0x08000167   Thumb Code     0  startup_stm32wle5xx.o(.text)
    SUBGHZ_Radio_IRQHandler                  0x08000167   Thumb Code     0  startup_stm32wle5xx.o(.text)
    TAMP_STAMP_LSECSS_SSRU_IRQHandler        0x08000167   Thumb Code     0  startup_stm32wle5xx.o(.text)
    TIM16_IRQHandler                         0x08000167   Thumb Code     0  startup_stm32wle5xx.o(.text)
    TIM17_IRQHandler                         0x08000167   Thumb Code     0  startup_stm32wle5xx.o(.text)
    TIM1_BRK_IRQHandler                      0x08000167   Thumb Code     0  startup_stm32wle5xx.o(.text)
    TIM1_CC_IRQHandler                       0x08000167   Thumb Code     0  startup_stm32wle5xx.o(.text)
    TIM1_TRG_COM_IRQHandler                  0x08000167   Thumb Code     0  startup_stm32wle5xx.o(.text)
    TIM1_UP_IRQHandler                       0x08000167   Thumb Code     0  startup_stm32wle5xx.o(.text)
    TIM2_IRQHandler                          0x08000167   Thumb Code     0  startup_stm32wle5xx.o(.text)
    USART2_IRQHandler                        0x08000167   Thumb Code     0  startup_stm32wle5xx.o(.text)
    WWDG_IRQHandler                          0x08000167   Thumb Code     0  startup_stm32wle5xx.o(.text)
    __aeabi_uldivmod                         0x08000171   Thumb Code    98  uldiv.o(.text)
    __aeabi_memset                           0x080001d3   Thumb Code    14  memseta.o(.text)
    __aeabi_memset4                          0x080001d3   Thumb Code     0  memseta.o(.text)
    __aeabi_memset8                          0x080001d3   Thumb Code     0  memseta.o(.text)
    __aeabi_memclr                           0x080001e1   Thumb Code     4  memseta.o(.text)
    __aeabi_memclr4                          0x080001e1   Thumb Code     0  memseta.o(.text)
    __aeabi_memclr8                          0x080001e1   Thumb Code     0  memseta.o(.text)
    _memset$wrapper                          0x080001e5   Thumb Code    18  memseta.o(.text)
    __aeabi_llsl                             0x080001f7   Thumb Code    30  llshl.o(.text)
    _ll_shift_l                              0x080001f7   Thumb Code     0  llshl.o(.text)
    __aeabi_llsr                             0x08000215   Thumb Code    32  llushr.o(.text)
    _ll_ushift_r                             0x08000215   Thumb Code     0  llushr.o(.text)
    __scatterload                            0x08000235   Thumb Code    28  init.o(.text)
    __scatterload_rt2                        0x08000235   Thumb Code     0  init.o(.text)
    BusFault_Handler                         0x08000259   Thumb Code     2  stm32wlxx_it.o(.text.BusFault_Handler)
    DMA1_Channel1_IRQHandler                 0x0800025d   Thumb Code    12  stm32wlxx_it.o(.text.DMA1_Channel1_IRQHandler)
    DMA1_Channel2_IRQHandler                 0x08000269   Thumb Code    12  stm32wlxx_it.o(.text.DMA1_Channel2_IRQHandler)
    DebugMon_Handler                         0x08000275   Thumb Code     2  stm32wlxx_it.o(.text.DebugMon_Handler)
    Error_Handler                            0x08000279   Thumb Code    10  main.o(.text.Error_Handler)
    HAL_DMA_Abort                            0x08000285   Thumb Code   116  stm32wlxx_hal_dma.o(.text.HAL_DMA_Abort)
    HAL_DMA_Abort_IT                         0x080002f9   Thumb Code   112  stm32wlxx_hal_dma.o(.text.HAL_DMA_Abort_IT)
    HAL_DMA_GetError                         0x08000369   Thumb Code     4  stm32wlxx_hal_dma.o(.text.HAL_DMA_GetError)
    HAL_DMA_IRQHandler                       0x0800036d   Thumb Code   192  stm32wlxx_hal_dma.o(.text.HAL_DMA_IRQHandler)
    HAL_DMA_Init                             0x0800042d   Thumb Code   316  stm32wlxx_hal_dma.o(.text.HAL_DMA_Init)
    HAL_DMA_Start_IT                         0x08000569   Thumb Code   240  stm32wlxx_hal_dma.o(.text.HAL_DMA_Start_IT)
    HAL_Delay                                0x08000659   Thumb Code    40  stm32wlxx_hal.o(.text.HAL_Delay)
    HAL_GPIO_Init                            0x08000681   Thumb Code   414  stm32wlxx_hal_gpio.o(.text.HAL_GPIO_Init)
    HAL_GPIO_TogglePin                       0x08000821   Thumb Code    16  stm32wlxx_hal_gpio.o(.text.HAL_GPIO_TogglePin)
    HAL_GPIO_WritePin                        0x08000831   Thumb Code    12  stm32wlxx_hal_gpio.o(.text.HAL_GPIO_WritePin)
    HAL_GetTick                              0x0800083d   Thumb Code    12  stm32wlxx_hal.o(.text.HAL_GetTick)
    HAL_IncTick                              0x08000849   Thumb Code    26  stm32wlxx_hal.o(.text.HAL_IncTick)
    HAL_Init                                 0x08000865   Thumb Code    44  stm32wlxx_hal.o(.text.HAL_Init)
    HAL_InitTick                             0x08000891   Thumb Code    72  stm32wlxx_hal.o(.text.HAL_InitTick)
    HAL_MspInit                              0x080008d9   Thumb Code     2  stm32wlxx_hal_msp.o(.text.HAL_MspInit)
    HAL_NVIC_EnableIRQ                       0x080008dd   Thumb Code    38  stm32wlxx_hal_cortex.o(.text.HAL_NVIC_EnableIRQ)
    HAL_NVIC_SetPriority                     0x08000905   Thumb Code    86  stm32wlxx_hal_cortex.o(.text.HAL_NVIC_SetPriority)
    HAL_NVIC_SetPriorityGrouping             0x0800095d   Thumb Code    32  stm32wlxx_hal_cortex.o(.text.HAL_NVIC_SetPriorityGrouping)
    HAL_PWREx_GetVoltageRange                0x0800097d   Thumb Code    16  stm32wlxx_hal_pwr_ex.o(.text.HAL_PWREx_GetVoltageRange)
    HAL_PWR_EnableBkUpAccess                 0x0800098d   Thumb Code    18  stm32wlxx_hal_pwr.o(.text.HAL_PWR_EnableBkUpAccess)
    HAL_RCCEx_PeriphCLKConfig                0x080009a1   Thumb Code   532  stm32wlxx_hal_rcc_ex.o(.text.HAL_RCCEx_PeriphCLKConfig)
    HAL_RCC_ClockConfig                      0x08000bb5   Thumb Code   516  stm32wlxx_hal_rcc.o(.text.HAL_RCC_ClockConfig)
    HAL_RCC_GetHCLKFreq                      0x08000db9   Thumb Code    36  stm32wlxx_hal_rcc.o(.text.HAL_RCC_GetHCLKFreq)
    HAL_RCC_GetPCLK1Freq                     0x08000ddd   Thumb Code    56  stm32wlxx_hal_rcc.o(.text.HAL_RCC_GetPCLK1Freq)
    HAL_RCC_GetPCLK2Freq                     0x08000e15   Thumb Code    56  stm32wlxx_hal_rcc.o(.text.HAL_RCC_GetPCLK2Freq)
    HAL_RCC_GetSysClockFreq                  0x08000e4d   Thumb Code   242  stm32wlxx_hal_rcc.o(.text.HAL_RCC_GetSysClockFreq)
    HAL_RCC_OscConfig                        0x08000f41   Thumb Code  1918  stm32wlxx_hal_rcc.o(.text.HAL_RCC_OscConfig)
    HAL_SYSTICK_Config                       0x080016c1   Thumb Code    44  stm32wlxx_hal_cortex.o(.text.HAL_SYSTICK_Config)
    HAL_UARTEx_DisableFifoMode               0x080016ed   Thumb Code    54  stm32wlxx_hal_uart_ex.o(.text.HAL_UARTEx_DisableFifoMode)
    HAL_UARTEx_RxEventCallback               0x08001725   Thumb Code     2  stm32wlxx_hal_uart.o(.text.HAL_UARTEx_RxEventCallback)
    HAL_UARTEx_RxFifoFullCallback            0x08001729   Thumb Code     2  stm32wlxx_hal_uart_ex.o(.text.HAL_UARTEx_RxFifoFullCallback)
    HAL_UARTEx_SetRxFifoThreshold            0x0800172d   Thumb Code   140  stm32wlxx_hal_uart_ex.o(.text.HAL_UARTEx_SetRxFifoThreshold)
    HAL_UARTEx_SetTxFifoThreshold            0x080017b9   Thumb Code   140  stm32wlxx_hal_uart_ex.o(.text.HAL_UARTEx_SetTxFifoThreshold)
    HAL_UARTEx_TxFifoEmptyCallback           0x08001845   Thumb Code     2  stm32wlxx_hal_uart_ex.o(.text.HAL_UARTEx_TxFifoEmptyCallback)
    HAL_UARTEx_WakeupCallback                0x08001849   Thumb Code     2  stm32wlxx_hal_uart_ex.o(.text.HAL_UARTEx_WakeupCallback)
    HAL_UART_DMAStop                         0x0800184d   Thumb Code   652  stm32wlxx_hal_uart.o(.text.HAL_UART_DMAStop)
    HAL_UART_ErrorCallback                   0x08001ad9   Thumb Code     2  stm32wlxx_hal_uart.o(.text.HAL_UART_ErrorCallback)
    HAL_UART_IRQHandler                      0x08001add   Thumb Code  1600  stm32wlxx_hal_uart.o(.text.HAL_UART_IRQHandler)
    HAL_UART_Init                            0x0800211d   Thumb Code   204  stm32wlxx_hal_uart.o(.text.HAL_UART_Init)
    HAL_UART_MspInit                         0x080021e9   Thumb Code   268  usart.o(.text.HAL_UART_MspInit)
    HAL_UART_Receive_DMA                     0x080022f5   Thumb Code   458  stm32wlxx_hal_uart.o(.text.HAL_UART_Receive_DMA)
    HAL_UART_RxCpltCallback                  0x080024c1   Thumb Code     2  stm32wlxx_hal_uart.o(.text.HAL_UART_RxCpltCallback)
    HAL_UART_RxHalfCpltCallback              0x080024c5   Thumb Code     2  stm32wlxx_hal_uart.o(.text.HAL_UART_RxHalfCpltCallback)
    HAL_UART_TxCpltCallback                  0x080024c9   Thumb Code     2  stm32wlxx_hal_uart.o(.text.HAL_UART_TxCpltCallback)
    HardFault_Handler                        0x080024cd   Thumb Code     2  stm32wlxx_it.o(.text.HardFault_Handler)
    MX_DMA_Init                              0x080024d1   Thumb Code    84  dma.o(.text.MX_DMA_Init)
    MX_GPIO_Init                             0x08002525   Thumb Code   250  gpio.o(.text.MX_GPIO_Init)
    MX_USART1_UART_Init                      0x08002621   Thumb Code   156  usart.o(.text.MX_USART1_UART_Init)
    MemManage_Handler                        0x080026bd   Thumb Code     2  stm32wlxx_it.o(.text.MemManage_Handler)
    NMI_Handler                              0x080026c1   Thumb Code     2  stm32wlxx_it.o(.text.NMI_Handler)
    PendSV_Handler                           0x080026c5   Thumb Code     2  stm32wlxx_it.o(.text.PendSV_Handler)
    SVC_Handler                              0x080026c9   Thumb Code     2  stm32wlxx_it.o(.text.SVC_Handler)
    SysTick_Handler                          0x080026cd   Thumb Code     4  stm32wlxx_it.o(.text.SysTick_Handler)
    SystemInit                               0x080026d1   Thumb Code     2  system_stm32wlxx.o(.text.SystemInit)
    UART_AdvFeatureConfig                    0x080026d5   Thumb Code   232  stm32wlxx_hal_uart.o(.text.UART_AdvFeatureConfig)
    UART_SetConfig                           0x08002b29   Thumb Code   596  stm32wlxx_hal_uart.o(.text.UART_SetConfig)
    UART_WaitOnFlagUntilTimeout              0x08002d8d   Thumb Code   530  stm32wlxx_hal_uart.o(.text.UART_WaitOnFlagUntilTimeout)
    USART1_IRQHandler                        0x08002fa1   Thumb Code   122  stm32wlxx_it.o(.text.USART1_IRQHandler)
    UsageFault_Handler                       0x0800301d   Thumb Code     2  stm32wlxx_it.o(.text.UsageFault_Handler)
    main                                     0x08003021   Thumb Code   194  main.o(.text.main)
    __scatterload_copy                       0x080030e3   Thumb Code    14  handlers.o(i.__scatterload_copy)
    __scatterload_null                       0x080030f1   Thumb Code     2  handlers.o(i.__scatterload_null)
    __scatterload_zeroinit                   0x080030f3   Thumb Code    14  handlers.o(i.__scatterload_zeroinit)
    AHBPrescTable                            0x0800310c   Data          64  system_stm32wlxx.o(.rodata.AHBPrescTable)
    APBPrescTable                            0x0800314c   Data          32  system_stm32wlxx.o(.rodata.APBPrescTable)
    MSIRangeTable                            0x0800316c   Data          64  system_stm32wlxx.o(.rodata.MSIRangeTable)
    UARTPrescTable                           0x080031ac   Data          24  stm32wlxx_hal_uart.o(.rodata.UARTPrescTable)
    Region$$Table$$Base                      0x080031e4   Number         0  anon$$obj.o(Region$$Table)
    Region$$Table$$Limit                     0x08003204   Number         0  anon$$obj.o(Region$$Table)
    uwTickFreq                               0x20000000   Data           1  stm32wlxx_hal.o(.data..L_MergedGlobals)
    uwTickPrio                               0x20000004   Data           4  stm32wlxx_hal.o(.data..L_MergedGlobals)
    SystemCoreClock                          0x20000008   Data           4  system_stm32wlxx.o(.data.SystemCoreClock)
    USART1_RECV_CPLT_FLAG                    0x20000010   Data           1  usart.o(.bss.USART1_RECV_CPLT_FLAG)
    USART1_RX_BUF                            0x20000011   Data         512  usart.o(.bss.USART1_RX_BUF)
    USART1_RX_LEN                            0x20000211   Data           1  usart.o(.bss.USART1_RX_LEN)
    hdma_usart1_rx                           0x20000214   Data          96  usart.o(.bss.hdma_usart1_rx)
    hdma_usart1_tx                           0x20000274   Data          96  usart.o(.bss.hdma_usart1_tx)
    huart1                                   0x200002d4   Data         148  usart.o(.bss.huart1)
    uwTick                                   0x20000368   Data           4  stm32wlxx_hal.o(.bss.uwTick)
    __initial_sp                             0x20000770   Data           0  startup_stm32wle5xx.o(STACK)



==============================================================================

Memory Map of the image

  Image Entry point : 0x08000139

  Load Region LR_IROM1 (Base: 0x08000000, Size: 0x00003218, Max: 0x00040000, ABSOLUTE)

    Execution Region ER_IROM1 (Exec base: 0x08000000, Load base: 0x08000000, Size: 0x00003204, Max: 0x00040000, ABSOLUTE)

    Exec Addr    Load Addr    Size         Type   Attr      Idx    E Section Name        Object

    0x08000000   0x08000000   0x00000138   Data   RO            4    RESET               startup_stm32wle5xx.o
    0x08000138   0x08000138   0x00000000   Code   RO          793  * .ARM.Collect$$$$00000000  mc_w.l(entry.o)
    0x08000138   0x08000138   0x00000004   Code   RO          800    .ARM.Collect$$$$00000001  mc_w.l(entry2.o)
    0x0800013c   0x0800013c   0x00000004   Code   RO          803    .ARM.Collect$$$$00000004  mc_w.l(entry5.o)
    0x08000140   0x08000140   0x00000000   Code   RO          805    .ARM.Collect$$$$00000008  mc_w.l(entry7b.o)
    0x08000140   0x08000140   0x00000000   Code   RO          807    .ARM.Collect$$$$0000000A  mc_w.l(entry8b.o)
    0x08000140   0x08000140   0x00000008   Code   RO          808    .ARM.Collect$$$$0000000B  mc_w.l(entry9a.o)
    0x08000148   0x08000148   0x00000000   Code   RO          810    .ARM.Collect$$$$0000000D  mc_w.l(entry10a.o)
    0x08000148   0x08000148   0x00000000   Code   RO          812    .ARM.Collect$$$$0000000F  mc_w.l(entry11a.o)
    0x08000148   0x08000148   0x00000004   Code   RO          801    .ARM.Collect$$$$00002712  mc_w.l(entry2.o)
    0x0800014c   0x0800014c   0x00000024   Code   RO            5    .text               startup_stm32wle5xx.o
    0x08000170   0x08000170   0x00000062   Code   RO          796    .text               mc_w.l(uldiv.o)
    0x080001d2   0x080001d2   0x00000024   Code   RO          798    .text               mc_w.l(memseta.o)
    0x080001f6   0x080001f6   0x0000001e   Code   RO          814    .text               mc_w.l(llshl.o)
    0x08000214   0x08000214   0x00000020   Code   RO          816    .text               mc_w.l(llushr.o)
    0x08000234   0x08000234   0x00000024   Code   RO          818    .text               mc_w.l(init.o)
    0x08000258   0x08000258   0x00000002   Code   RO           73    .text.BusFault_Handler  stm32wlxx_it.o
    0x0800025a   0x0800025a   0x00000002   PAD
    0x0800025c   0x0800025c   0x0000000c   Code   RO           85    .text.DMA1_Channel1_IRQHandler  stm32wlxx_it.o
    0x08000268   0x08000268   0x0000000c   Code   RO           87    .text.DMA1_Channel2_IRQHandler  stm32wlxx_it.o
    0x08000274   0x08000274   0x00000002   Code   RO           79    .text.DebugMon_Handler  stm32wlxx_it.o
    0x08000276   0x08000276   0x00000002   PAD
    0x08000278   0x08000278   0x0000000a   Code   RO           18    .text.Error_Handler  main.o
    0x08000282   0x08000282   0x00000002   PAD
    0x08000284   0x08000284   0x00000074   Code   RO          279    .text.HAL_DMA_Abort  stm32wlxx_hal_dma.o
    0x080002f8   0x080002f8   0x00000070   Code   RO          281    .text.HAL_DMA_Abort_IT  stm32wlxx_hal_dma.o
    0x08000368   0x08000368   0x00000004   Code   RO          293    .text.HAL_DMA_GetError  stm32wlxx_hal_dma.o
    0x0800036c   0x0800036c   0x000000c0   Code   RO          285    .text.HAL_DMA_IRQHandler  stm32wlxx_hal_dma.o
    0x0800042c   0x0800042c   0x0000013c   Code   RO          271    .text.HAL_DMA_Init  stm32wlxx_hal_dma.o
    0x08000568   0x08000568   0x000000f0   Code   RO          277    .text.HAL_DMA_Start_IT  stm32wlxx_hal_dma.o
    0x08000658   0x08000658   0x00000028   Code   RO          509    .text.HAL_Delay     stm32wlxx_hal.o
    0x08000680   0x08000680   0x0000019e   Code   RO          245    .text.HAL_GPIO_Init  stm32wlxx_hal_gpio.o
    0x0800081e   0x0800081e   0x00000002   PAD
    0x08000820   0x08000820   0x00000010   Code   RO          255    .text.HAL_GPIO_TogglePin  stm32wlxx_hal_gpio.o
    0x08000830   0x08000830   0x0000000c   Code   RO          251    .text.HAL_GPIO_WritePin  stm32wlxx_hal_gpio.o
    0x0800083c   0x0800083c   0x0000000c   Code   RO          501    .text.HAL_GetTick   stm32wlxx_hal.o
    0x08000848   0x08000848   0x0000001a   Code   RO          499    .text.HAL_IncTick   stm32wlxx_hal.o
    0x08000862   0x08000862   0x00000002   PAD
    0x08000864   0x08000864   0x0000002c   Code   RO          489    .text.HAL_Init      stm32wlxx_hal.o
    0x08000890   0x08000890   0x00000048   Code   RO          491    .text.HAL_InitTick  stm32wlxx_hal.o
    0x080008d8   0x080008d8   0x00000002   Code   RO           99    .text.HAL_MspInit   stm32wlxx_hal_msp.o
    0x080008da   0x080008da   0x00000002   PAD
    0x080008dc   0x080008dc   0x00000026   Code   RO          447    .text.HAL_NVIC_EnableIRQ  stm32wlxx_hal_cortex.o
    0x08000902   0x08000902   0x00000002   PAD
    0x08000904   0x08000904   0x00000056   Code   RO          445    .text.HAL_NVIC_SetPriority  stm32wlxx_hal_cortex.o
    0x0800095a   0x0800095a   0x00000002   PAD
    0x0800095c   0x0800095c   0x00000020   Code   RO          443    .text.HAL_NVIC_SetPriorityGrouping  stm32wlxx_hal_cortex.o
    0x0800097c   0x0800097c   0x00000010   Code   RO          361    .text.HAL_PWREx_GetVoltageRange  stm32wlxx_hal_pwr_ex.o
    0x0800098c   0x0800098c   0x00000012   Code   RO          323    .text.HAL_PWR_EnableBkUpAccess  stm32wlxx_hal_pwr.o
    0x0800099e   0x0800099e   0x00000002   PAD
    0x080009a0   0x080009a0   0x00000214   Code   RO          146    .text.HAL_RCCEx_PeriphCLKConfig  stm32wlxx_hal_rcc_ex.o
    0x08000bb4   0x08000bb4   0x00000204   Code   RO          113    .text.HAL_RCC_ClockConfig  stm32wlxx_hal_rcc.o
    0x08000db8   0x08000db8   0x00000024   Code   RO          111    .text.HAL_RCC_GetHCLKFreq  stm32wlxx_hal_rcc.o
    0x08000ddc   0x08000ddc   0x00000038   Code   RO          121    .text.HAL_RCC_GetPCLK1Freq  stm32wlxx_hal_rcc.o
    0x08000e14   0x08000e14   0x00000038   Code   RO          123    .text.HAL_RCC_GetPCLK2Freq  stm32wlxx_hal_rcc.o
    0x08000e4c   0x08000e4c   0x000000f2   Code   RO          117    .text.HAL_RCC_GetSysClockFreq  stm32wlxx_hal_rcc.o
    0x08000f3e   0x08000f3e   0x00000002   PAD
    0x08000f40   0x08000f40   0x0000077e   Code   RO          109    .text.HAL_RCC_OscConfig  stm32wlxx_hal_rcc.o
    0x080016be   0x080016be   0x00000002   PAD
    0x080016c0   0x080016c0   0x0000002c   Code   RO          455    .text.HAL_SYSTICK_Config  stm32wlxx_hal_cortex.o
    0x080016ec   0x080016ec   0x00000036   Code   RO          755    .text.HAL_UARTEx_DisableFifoMode  stm32wlxx_hal_uart_ex.o
    0x08001722   0x08001722   0x00000002   PAD
    0x08001724   0x08001724   0x00000002   Code   RO          683    .text.HAL_UARTEx_RxEventCallback  stm32wlxx_hal_uart.o
    0x08001726   0x08001726   0x00000002   PAD
    0x08001728   0x08001728   0x00000002   Code   RO          741    .text.HAL_UARTEx_RxFifoFullCallback  stm32wlxx_hal_uart_ex.o
    0x0800172a   0x0800172a   0x00000002   PAD
    0x0800172c   0x0800172c   0x0000008c   Code   RO          759    .text.HAL_UARTEx_SetRxFifoThreshold  stm32wlxx_hal_uart_ex.o
    0x080017b8   0x080017b8   0x0000008c   Code   RO          757    .text.HAL_UARTEx_SetTxFifoThreshold  stm32wlxx_hal_uart_ex.o
    0x08001844   0x08001844   0x00000002   Code   RO          743    .text.HAL_UARTEx_TxFifoEmptyCallback  stm32wlxx_hal_uart_ex.o
    0x08001846   0x08001846   0x00000002   PAD
    0x08001848   0x08001848   0x00000002   Code   RO          739    .text.HAL_UARTEx_WakeupCallback  stm32wlxx_hal_uart_ex.o
    0x0800184a   0x0800184a   0x00000002   PAD
    0x0800184c   0x0800184c   0x0000028c   Code   RO          649    .text.HAL_UART_DMAStop  stm32wlxx_hal_uart.o
    0x08001ad8   0x08001ad8   0x00000002   Code   RO          681    .text.HAL_UART_ErrorCallback  stm32wlxx_hal_uart.o
    0x08001ada   0x08001ada   0x00000002   PAD
    0x08001adc   0x08001adc   0x00000640   Code   RO          677    .text.HAL_UART_IRQHandler  stm32wlxx_hal_uart.o
    0x0800211c   0x0800211c   0x000000cc   Code   RO          593    .text.HAL_UART_Init  stm32wlxx_hal_uart.o
    0x080021e8   0x080021e8   0x0000010c   Code   RO           49    .text.HAL_UART_MspInit  usart.o
    0x080022f4   0x080022f4   0x000001ca   Code   RO          641    .text.HAL_UART_Receive_DMA  stm32wlxx_hal_uart.o
    0x080024be   0x080024be   0x00000002   PAD
    0x080024c0   0x080024c0   0x00000002   Code   RO          689    .text.HAL_UART_RxCpltCallback  stm32wlxx_hal_uart.o
    0x080024c2   0x080024c2   0x00000002   PAD
    0x080024c4   0x080024c4   0x00000002   Code   RO          691    .text.HAL_UART_RxHalfCpltCallback  stm32wlxx_hal_uart.o
    0x080024c6   0x080024c6   0x00000002   PAD
    0x080024c8   0x080024c8   0x00000002   Code   RO          685    .text.HAL_UART_TxCpltCallback  stm32wlxx_hal_uart.o
    0x080024ca   0x080024ca   0x00000002   PAD
    0x080024cc   0x080024cc   0x00000002   Code   RO           69    .text.HardFault_Handler  stm32wlxx_it.o
    0x080024ce   0x080024ce   0x00000002   PAD
    0x080024d0   0x080024d0   0x00000054   Code   RO           38    .text.MX_DMA_Init   dma.o
    0x08002524   0x08002524   0x000000fa   Code   RO           29    .text.MX_GPIO_Init  gpio.o
    0x0800261e   0x0800261e   0x00000002   PAD
    0x08002620   0x08002620   0x0000009c   Code   RO           47    .text.MX_USART1_UART_Init  usart.o
    0x080026bc   0x080026bc   0x00000002   Code   RO           71    .text.MemManage_Handler  stm32wlxx_it.o
    0x080026be   0x080026be   0x00000002   PAD
    0x080026c0   0x080026c0   0x00000002   Code   RO           67    .text.NMI_Handler   stm32wlxx_it.o
    0x080026c2   0x080026c2   0x00000002   PAD
    0x080026c4   0x080026c4   0x00000002   Code   RO           81    .text.PendSV_Handler  stm32wlxx_it.o
    0x080026c6   0x080026c6   0x00000002   PAD
    0x080026c8   0x080026c8   0x00000002   Code   RO           77    .text.SVC_Handler   stm32wlxx_it.o
    0x080026ca   0x080026ca   0x00000002   PAD
    0x080026cc   0x080026cc   0x00000004   Code   RO           83    .text.SysTick_Handler  stm32wlxx_it.o
    0x080026d0   0x080026d0   0x00000002   Code   RO          778    .text.SystemInit    system_stm32wlxx.o
    0x080026d2   0x080026d2   0x00000002   PAD
    0x080026d4   0x080026d4   0x000000e8   Code   RO          599    .text.UART_AdvFeatureConfig  stm32wlxx_hal_uart.o
    0x080027bc   0x080027bc   0x00000010   Code   RO          679    .text.UART_DMAAbortOnError  stm32wlxx_hal_uart.o
    0x080027cc   0x080027cc   0x000001da   Code   RO          639    .text.UART_DMAError  stm32wlxx_hal_uart.o
    0x080029a6   0x080029a6   0x00000002   PAD
    0x080029a8   0x080029a8   0x00000164   Code   RO          723    .text.UART_DMAReceiveCplt  stm32wlxx_hal_uart.o
    0x08002b0c   0x08002b0c   0x0000001a   Code   RO          725    .text.UART_DMARxHalfCplt  stm32wlxx_hal_uart.o
    0x08002b26   0x08002b26   0x00000002   PAD
    0x08002b28   0x08002b28   0x00000264   Code   RO          597    .text.UART_SetConfig  stm32wlxx_hal_uart.o
    0x08002d8c   0x08002d8c   0x00000212   Code   RO          615    .text.UART_WaitOnFlagUntilTimeout  stm32wlxx_hal_uart.o
    0x08002f9e   0x08002f9e   0x00000002   PAD
    0x08002fa0   0x08002fa0   0x0000007a   Code   RO           89    .text.USART1_IRQHandler  stm32wlxx_it.o
    0x0800301a   0x0800301a   0x00000002   PAD
    0x0800301c   0x0800301c   0x00000002   Code   RO           75    .text.UsageFault_Handler  stm32wlxx_it.o
    0x0800301e   0x0800301e   0x00000002   PAD
    0x08003020   0x08003020   0x000000c2   Code   RO           14    .text.main          main.o
    0x080030e2   0x080030e2   0x0000000e   Code   RO          822    i.__scatterload_copy  mc_w.l(handlers.o)
    0x080030f0   0x080030f0   0x00000002   Code   RO          823    i.__scatterload_null  mc_w.l(handlers.o)
    0x080030f2   0x080030f2   0x0000000e   Code   RO          824    i.__scatterload_zeroinit  mc_w.l(handlers.o)
    0x08003100   0x08003100   0x0000000c   Data   RO          137    .rodata..L__const.RCC_SetFlashLatency.FLASH_LATENCY_RANGE  stm32wlxx_hal_rcc.o
    0x0800310c   0x0800310c   0x00000040   Data   RO          783    .rodata.AHBPrescTable  system_stm32wlxx.o
    0x0800314c   0x0800314c   0x00000020   Data   RO          784    .rodata.APBPrescTable  system_stm32wlxx.o
    0x0800316c   0x0800316c   0x00000040   Data   RO          785    .rodata.MSIRangeTable  system_stm32wlxx.o
    0x080031ac   0x080031ac   0x00000018   Data   RO          727    .rodata.UARTPrescTable  stm32wlxx_hal_uart.o
    0x080031c4   0x080031c4   0x00000010   Data   RO          728    .rodata.cst16       stm32wlxx_hal_uart.o
    0x080031d4   0x080031d4   0x00000010   Data   RO          769    .rodata.cst8        stm32wlxx_hal_uart_ex.o
    0x080031e4   0x080031e4   0x00000020   Data   RO          821    Region$$Table       anon$$obj.o


    Execution Region RW_IRAM1 (Exec base: 0x20000000, Load base: 0x08003208, Size: 0x00000770, Max: 0x00008000, ABSOLUTE)

    Exec Addr    Load Addr    Size         Type   Attr      Idx    E Section Name        Object

    0x20000000   0x08003208   0x00000008   Data   RW          556    .data..L_MergedGlobals  stm32wlxx_hal.o
    0x20000008   0x08003210   0x00000004   Data   RW          782    .data.SystemCoreClock  system_stm32wlxx.o
    0x2000000c   0x08003214   0x00000004   PAD
    0x20000010        -       0x00000001   Zero   RW           54    .bss.USART1_RECV_CPLT_FLAG  usart.o
    0x20000011        -       0x00000200   Zero   RW           55    .bss.USART1_RX_BUF  usart.o
    0x20000211        -       0x00000001   Zero   RW           53    .bss.USART1_RX_LEN  usart.o
    0x20000212   0x08003214   0x00000002   PAD
    0x20000214        -       0x00000060   Zero   RW           57    .bss.hdma_usart1_rx  usart.o
    0x20000274        -       0x00000060   Zero   RW           58    .bss.hdma_usart1_tx  usart.o
    0x200002d4        -       0x00000094   Zero   RW           56    .bss.huart1         usart.o
    0x20000368        -       0x00000004   Zero   RW          555    .bss.uwTick         stm32wlxx_hal.o
    0x2000036c   0x08003214   0x00000004   PAD
    0x20000370        -       0x00000400   Zero   RW            2    STACK               startup_stm32wle5xx.o


    Execution Region RW_IRAM2 (Exec base: 0x20008000, Load base: 0x08003218, Size: 0x00008000, Max: 0x00008000, ABSOLUTE)

    Exec Addr    Load Addr    Size         Type   Attr      Idx    E Section Name        Object

    0x20008000        -       0x00008000   Zero   RW            1    RW_IRAM2.bss        anon$$obj.o


==============================================================================

Image component sizes


      Code (inc. data)   RO Data    RW Data    ZI Data      Debug   Object Name

        84          0          0          0          0       3542   dma.o
       250          0          0          0          0       2816   gpio.o
       204          0          0          0          0       3511   main.o
        36          8        312          0       1024        820   startup_stm32wle5xx.o
       194          0          0          8          4      10991   stm32wlxx_hal.o
       200          0          0          0          0      10004   stm32wlxx_hal_cortex.o
       980          0          0          0          0       9108   stm32wlxx_hal_dma.o
       442          0          0          0          0       4743   stm32wlxx_hal_gpio.o
         2          0          0          0          0        417   stm32wlxx_hal_msp.o
        18          0          0          0          0       5347   stm32wlxx_hal_pwr.o
        16          0          0          0          0      10839   stm32wlxx_hal_pwr_ex.o
      2824          0         12          0          0      16022   stm32wlxx_hal_rcc.o
       532          0          0          0          0      13201   stm32wlxx_hal_rcc_ex.o
      5170         48         40          0          0      41735   stm32wlxx_hal_uart.o
       340          0         16          0          0      11485   stm32wlxx_hal_uart_ex.o
       166          0          0          0          0       5406   stm32wlxx_it.o
         2          0        160          4          0       2485   system_stm32wlxx.o
       424          0          0          0        854       8757   usart.o

    ----------------------------------------------------------------------
     11950         56        572         12      34660     161229   Object Totals
         0          0         32          0      32768          0   (incl. Generated)
        66          0          0          0         10          0   (incl. Padding)

    ----------------------------------------------------------------------

      Code (inc. data)   RO Data    RW Data    ZI Data      Debug   Library Member Name

         0          0          0          0          0          0   entry.o
         0          0          0          0          0          0   entry10a.o
         0          0          0          0          0          0   entry11a.o
         8          4          0          0          0          0   entry2.o
         4          0          0          0          0          0   entry5.o
         0          0          0          0          0          0   entry7b.o
         0          0          0          0          0          0   entry8b.o
         8          4          0          0          0          0   entry9a.o
        30          0          0          0          0          0   handlers.o
        36          8          0          0          0         68   init.o
        30          0          0          0          0         68   llshl.o
        32          0          0          0          0         68   llushr.o
        36          0          0          0          0        108   memseta.o
        98          0          0          0          0         92   uldiv.o

    ----------------------------------------------------------------------
       282         16          0          0          0        404   Library Totals
         0          0          0          0          0          0   (incl. Padding)

    ----------------------------------------------------------------------

      Code (inc. data)   RO Data    RW Data    ZI Data      Debug   Library Name

       282         16          0          0          0        404   mc_w.l

    ----------------------------------------------------------------------
       282         16          0          0          0        404   Library Totals

    ----------------------------------------------------------------------

==============================================================================


      Code (inc. data)   RO Data    RW Data    ZI Data      Debug   

     12232         72        572         12      34660     161361   Grand Totals
     12232         72        572         12      34660     161361   ELF Image Totals
     12232         72        572         12          0          0   ROM Totals

==============================================================================

    Total RO  Size (Code + RO Data)                12804 (  12.50kB)
    Total RW  Size (RW Data + ZI Data)             34672 (  33.86kB)
    Total ROM Size (Code + RO Data + RW Data)      12816 (  12.52kB)

==============================================================================

